srun: defined options
srun: -------------------- --------------------
srun: (null)              : hpc-fat02
srun: cpu-bind            : cores,verbose
srun: cpus-per-task       : 1
srun: distribution        : cyclic:cyclic
srun: exact               : set
srun: jobid               : 347289
srun: job-name            : Vortex
srun: mem-per-cpu         : 4G
srun: mpi                 : pmix_v5
srun: nodes               : 1
srun: ntasks              : 32
srun: oom-kill-step       : 0
srun: tres-per-task       : cpu=1
srun: verbose             : 1
srun: -------------------- --------------------
srun: end of defined options
srun: jobid 347289: nodes(1):`hpc-fat02', cpu counts: 32(x1)
srun: CpuBindType=verbose,cores
srun: launching StepId=347289.0 on host hpc-fat02, 32 tasks: [0-31]
cpu-bind=MASK - hpc-fat02, task  0  0 [2530938]: mask 0x10000 set
cpu-bind=MASK - hpc-fat02, task  1  1 [2530941]: mask 0x100000000000000000000 set
cpu-bind=MASK - hpc-fat02, task  2  2 [2530944]: mask 0x20000 set
cpu-bind=MASK - hpc-fat02, task  3  3 [2530947]: mask 0x200000000000000000000 set
cpu-bind=MASK - hpc-fat02, task  4  4 [2530950]: mask 0x40000 set
cpu-bind=MASK - hpc-fat02, task  5  5 [2530953]: mask 0x400000000000000000000 set
cpu-bind=MASK - hpc-fat02, task  6  6 [2530956]: mask 0x80000 set
cpu-bind=MASK - hpc-fat02, task  7  7 [2530959]: mask 0x800000000000000000000 set
cpu-bind=MASK - hpc-fat02, task  8  8 [2530962]: mask 0x100000 set
cpu-bind=MASK - hpc-fat02, task  9  9 [2530965]: mask 0x1000000000000000000000 set
cpu-bind=MASK - hpc-fat02, task 10 10 [2530968]: mask 0x200000 set
cpu-bind=MASK - hpc-fat02, task 11 11 [2530971]: mask 0x2000000000000000000000 set
cpu-bind=MASK - hpc-fat02, task 12 12 [2530974]: mask 0x400000 set
cpu-bind=MASK - hpc-fat02, task 13 13 [2530977]: mask 0x4000000000000000000000 set
cpu-bind=MASK - hpc-fat02, task 14 14 [2530980]: mask 0x800000 set
cpu-bind=MASK - hpc-fat02, task 15 15 [2530983]: mask 0x8000000000000000000000 set
cpu-bind=MASK - hpc-fat02, task 16 16 [2530986]: mask 0x1000000 set
cpu-bind=MASK - hpc-fat02, task 17 17 [2530989]: mask 0x10000000000000000000000 set
cpu-bind=MASK - hpc-fat02, task 18 18 [2530992]: mask 0x2000000 set
cpu-bind=MASK - hpc-fat02, task 19 19 [2530995]: mask 0x20000000000000000000000 set
cpu-bind=MASK - hpc-fat02, task 20 20 [2530998]: mask 0x4000000 set
cpu-bind=MASK - hpc-fat02, task 21 21 [2531001]: mask 0x40000000000000000000000 set
cpu-bind=MASK - hpc-fat02, task 22 22 [2531003]: mask 0x8000000 set
cpu-bind=MASK - hpc-fat02, task 23 23 [2531005]: mask 0x80000000000000000000000 set
cpu-bind=MASK - hpc-fat02, task 24 24 [2531007]: mask 0x10000000 set
cpu-bind=MASK - hpc-fat02, task 25 25 [2531009]: mask 0x100000000000000000000000 set
cpu-bind=MASK - hpc-fat02, task 26 26 [2531011]: mask 0x20000000 set
cpu-bind=MASK - hpc-fat02, task 27 27 [2531013]: mask 0x200000000000000000000000 set
cpu-bind=MASK - hpc-fat02, task 28 28 [2531015]: mask 0x40000000 set
cpu-bind=MASK - hpc-fat02, task 29 29 [2531017]: mask 0x400000000000000000000000 set
cpu-bind=MASK - hpc-fat02, task 30 30 [2531019]: mask 0x80000000 set
cpu-bind=MASK - hpc-fat02, task 31 31 [2531022]: mask 0x800000000000000000000000 set
srun: Node hpc-fat02, 32 tasks started
Data {
  aerosol.linearsolver : PETSc
  discretisation.femtype : Lagrange
  discretisation.numericalflux : WbswLaxFriedrichs
  io.mesh_file : /gpfs/scratch/fortetenreiro/run/Vortex/msh/Vortex_3.msh
  io.mesh_format : ParaGMSH
  io.output_format : HDF5
  io.output_path : /gpfs/scratch/fortetenreiro/run/Vortex/visu/R0_M3_P2
  io.restartPath : /gpfs/scratch/fortetenreiro/run/Vortex/restart/R0_M3_P2
  io.restartPrefix : restart
  io.visutype : cells
  model.bathymetry : 1;0;ICBC
  model.manning : 1;0;ICBC;CONSTANT;0.00
  model.name : ShallowWater
  testcase.name : Vortex
  time.inittype : interpolation
  time.name : RK-3-3
  time.type : cfl
  xml_config_file : /gpfs/scratch/fortetenreiro/run/Vortex/xml/R0_M3_P2.xml
  MPI.prank : 0
  MPI.psize : 32
  aerosol.debug : 0
  discretisation.continuous : 0
  discretisation.degree : 2
  io.active : 0
  io.conservativeVariables : 3
  io.mesh_dimension : 2
  io.prepartitioning : 0
  io.redistribution : 1
  io.scalab : 0
  model.dispersion : 0
  model.g : 1
  model.h0 : 1
  time.CFL : 0.2097
  time.tmax : 100
}

(0): ERROR: _PAMPAdmeshCheck: no check could be done with flag PAMPA_OVLP_NOGT enabled
(1): ERROR: _PAMPAdmeshCheck: no check could be done with flag PAMPA_OVLP_NOGT enabled
(2): ERROR: _PAMPAdmeshCheck: no check could be done with flag PAMPA_OVLP_NOGT enabled
(3): ERROR: _PAMPAdmeshCheck: no check could be done with flag PAMPA_OVLP_NOGT enabled
(4): ERROR: _PAMPAdmeshCheck: no check could be done with flag PAMPA_OVLP_NOGT enabled
(5): ERROR: _PAMPAdmeshCheck: no check could be done with flag PAMPA_OVLP_NOGT enabled
(6): ERROR: _PAMPAdmeshCheck: no check could be done with flag PAMPA_OVLP_NOGT enabled
(7): ERROR: _PAMPAdmeshCheck: no check could be done with flag PAMPA_OVLP_NOGT enabled
(8): ERROR: _PAMPAdmeshCheck: no check could be done with flag PAMPA_OVLP_NOGT enabled
(9): ERROR: _PAMPAdmeshCheck: no check could be done with flag PAMPA_OVLP_NOGT enabled
(10): ERROR: _PAMPAdmeshCheck: no check could be done with flag PAMPA_OVLP_NOGT enabled
(11): ERROR: _PAMPAdmeshCheck: no check could be done with flag PAMPA_OVLP_NOGT enabled
(12): ERROR: _PAMPAdmeshCheck: no check could be done with flag PAMPA_OVLP_NOGT enabled
(13): ERROR: _PAMPAdmeshCheck: no check could be done with flag PAMPA_OVLP_NOGT enabled
(14): ERROR: _PAMPAdmeshCheck: no check could be done with flag PAMPA_OVLP_NOGT enabled
(15): ERROR: _PAMPAdmeshCheck: no check could be done with flag PAMPA_OVLP_NOGT enabled
(16): ERROR: _PAMPAdmeshCheck: no check could be done with flag PAMPA_OVLP_NOGT enabled
(17): ERROR: _PAMPAdmeshCheck: no check could be done with flag PAMPA_OVLP_NOGT enabled
(18): ERROR: _PAMPAdmeshCheck: no check could be done with flag PAMPA_OVLP_NOGT enabled
(19): ERROR: _PAMPAdmeshCheck: no check could be done with flag PAMPA_OVLP_NOGT enabled
(20): ERROR: _PAMPAdmeshCheck: no check could be done with flag PAMPA_OVLP_NOGT enabled
(21): ERROR: _PAMPAdmeshCheck: no check could be done with flag PAMPA_OVLP_NOGT enabled
(22): ERROR: _PAMPAdmeshCheck: no check could be done with flag PAMPA_OVLP_NOGT enabled
(23): ERROR: _PAMPAdmeshCheck: no check could be done with flag PAMPA_OVLP_NOGT enabled
(24): ERROR: _PAMPAdmeshCheck: no check could be done with flag PAMPA_OVLP_NOGT enabled
(25): ERROR: _PAMPAdmeshCheck: no check could be done with flag PAMPA_OVLP_NOGT enabled
(26): ERROR: _PAMPAdmeshCheck: no check could be done with flag PAMPA_OVLP_NOGT enabled
(27): ERROR: _PAMPAdmeshCheck: no check could be done with flag PAMPA_OVLP_NOGT enabled
(28): ERROR: _PAMPAdmeshCheck: no check could be done with flag PAMPA_OVLP_NOGT enabled
(29): ERROR: _PAMPAdmeshCheck: no check could be done with flag PAMPA_OVLP_NOGT enabled
(30): ERROR: _PAMPAdmeshCheck: no check could be done with flag PAMPA_OVLP_NOGT enabled
(31): ERROR: _PAMPAdmeshCheck: no check could be done with flag PAMPA_OVLP_NOGT enabled
Calling the scheme "SWShallowWater2dWbswLaxFriedrichsPETSc".
Calling the scheme "SWShallowWater2dWbswLaxFriedrichsPETSc".
Calling the scheme "SWShallowWater2dWbswLaxFriedrichsPETSc".
Calling the scheme "SWShallowWater2dWbswLaxFriedrichsPETSc".
Calling the scheme "SWShallowWater2dWbswLaxFriedrichsPETSc".
Calling the scheme "SWShallowWater2dWbswLaxFriedrichsPETSc".
Calling the scheme "SWShallowWater2dWbswLaxFriedrichsPETSc".
Calling the scheme "SWShallowWater2dWbswLaxFriedrichsPETSc".
Calling the scheme "SWShallowWater2dWbswLaxFriedrichsPETSc".
Calling the scheme "SWShallowWater2dWbswLaxFriedrichsPETSc".
Calling the scheme "SWShallowWater2dWbswLaxFriedrichsPETSc".
Calling the scheme "SWShallowWater2dWbswLaxFriedrichsPETSc".
Calling the scheme "SWShallowWater2dWbswLaxFriedrichsPETSc".
Calling the scheme "SWShallowWater2dWbswLaxFriedrichsPETSc".
Calling the scheme "SWShallowWater2dWbswLaxFriedrichsPETSc".
Calling the scheme "SWShallowWater2dWbswLaxFriedrichsPETSc".
Calling the scheme "SWShallowWater2dWbswLaxFriedrichsPETSc".
Calling the scheme "SWShallowWater2dWbswLaxFriedrichsPETSc".
Calling the scheme "SWShallowWater2dWbswLaxFriedrichsPETSc".
Calling the scheme "SWShallowWater2dWbswLaxFriedrichsPETSc".
Calling the scheme "SWShallowWater2dWbswLaxFriedrichsPETSc".
Calling the scheme "SWShallowWater2dWbswLaxFriedrichsPETSc".
Calling the scheme "SWShallowWater2dWbswLaxFriedrichsPETSc".
Calling the scheme "SWShallowWater2dWbswLaxFriedrichsPETSc".
Calling the scheme "SWShallowWater2dWbswLaxFriedrichsPETSc".
Calling the scheme "SWShallowWater2dWbswLaxFriedrichsPETSc".
Calling the scheme "SWShallowWater2dWbswLaxFriedrichsPETSc".
Calling the scheme "SWShallowWater2dWbswLaxFriedrichsPETSc".
Calling the scheme "SWShallowWater2dWbswLaxFriedrichsPETSc".
Calling the scheme "SWShallowWater2dWbswLaxFriedrichsPETSc".
Calling the scheme "SWShallowWater2dWbswLaxFriedrichsPETSc".
Calling the scheme "SWShallowWater2dWbswLaxFriedrichsPETSc".
      1 | 1.92431e-01 1.92431e-01 | 3.27227e-02 1.10235e-01 1.39968e-01 |
      2 | 3.84889e-01 1.92459e-01 | 2.49579e-02 1.09209e-01 1.39433e-01 |
      3 | 5.77395e-01 1.92506e-01 | 2.16034e-02 1.08918e-01 1.39289e-01 |
      4 | 7.69957e-01 1.92562e-01 | 1.94585e-02 1.08735e-01 1.39188e-01 |
      5 | 9.62579e-01 1.92622e-01 | 1.78519e-02 1.08597e-01 1.39101e-01 |
      6 | 1.15527e+00 1.92688e-01 | 1.65815e-02 1.08495e-01 1.39032e-01 |
      7 | 1.34803e+00 1.92760e-01 | 1.55843e-02 1.08418e-01 1.38982e-01 |
      8 | 1.54087e+00 1.92840e-01 | 1.48880e-02 1.08353e-01 1.38945e-01 |
      9 | 1.73379e+00 1.92923e-01 | 1.45565e-02 1.08287e-01 1.38913e-01 |
     10 | 1.92680e+00 1.93008e-01 | 1.46254e-02 1.08215e-01 1.38875e-01 |
     11 | 2.11989e+00 1.93091e-01 | 1.50537e-02 1.08135e-01 1.38828e-01 |
     12 | 2.31306e+00 1.93172e-01 | 1.57216e-02 1.08051e-01 1.38771e-01 |
     13 | 2.50631e+00 1.93250e-01 | 1.64737e-02 1.07969e-01 1.38709e-01 |
     14 | 2.69964e+00 1.93328e-01 | 1.71675e-02 1.07894e-01 1.38649e-01 |
     15 | 2.89299e+00 1.93354e-01 | 1.77006e-02 1.07831e-01 1.38596e-01 |
     16 | 3.08624e+00 1.93245e-01 | 1.80143e-02 1.07783e-01 1.38556e-01 |
     17 | 3.27939e+00 1.93147e-01 | 1.80870e-02 1.07751e-01 1.38533e-01 |
     18 | 3.47244e+00 1.93060e-01 | 1.79261e-02 1.07733e-01 1.38528e-01 |
     19 | 3.66542e+00 1.92980e-01 | 1.75610e-02 1.07727e-01 1.38538e-01 |
     20 | 3.85833e+00 1.92905e-01 | 1.70409e-02 1.07728e-01 1.38561e-01 |
     21 | 4.05116e+00 1.92832e-01 | 1.64307e-02 1.07732e-01 1.38591e-01 |
     22 | 4.24391e+00 1.92750e-01 | 1.58067e-02 1.07735e-01 1.38624e-01 |
     23 | 4.43658e+00 1.92665e-01 | 1.52466e-02 1.07736e-01 1.38656e-01 |
     24 | 4.62916e+00 1.92580e-01 | 1.48173e-02 1.07732e-01 1.38683e-01 |
     25 | 4.82165e+00 1.92494e-01 | 1.45617e-02 1.07722e-01 1.38702e-01 |
     26 | 5.01406e+00 1.92410e-01 | 1.44903e-02 1.07707e-01 1.38712e-01 |
     27 | 5.20639e+00 1.92329e-01 | 1.45809e-02 1.07688e-01 1.38713e-01 |
     28 | 5.39864e+00 1.92252e-01 | 1.47874e-02 1.07665e-01 1.38706e-01 |
     29 | 5.59083e+00 1.92181e-01 | 1.50534e-02 1.07643e-01 1.38694e-01 |
     30 | 5.78294e+00 1.92117e-01 | 1.53238e-02 1.07622e-01 1.38679e-01 |
     31 | 5.97500e+00 1.92061e-01 | 1.55529e-02 1.07604e-01 1.38663e-01 |
     32 | 6.16702e+00 1.92013e-01 | 1.57087e-02 1.07592e-01 1.38648e-01 |
     33 | 6.35899e+00 1.91970e-01 | 1.57735e-02 1.07584e-01 1.38636e-01 |
     34 | 6.55092e+00 1.91934e-01 | 1.57435e-02 1.07581e-01 1.38626e-01 |
     35 | 6.74283e+00 1.91908e-01 | 1.56268e-02 1.07582e-01 1.38620e-01 |
     36 | 6.93472e+00 1.91894e-01 | 1.54406e-02 1.07585e-01 1.38615e-01 |
     37 | 7.12661e+00 1.91889e-01 | 1.52088e-02 1.07588e-01 1.38611e-01 |
     38 | 7.31851e+00 1.91894e-01 | 1.49580e-02 1.07591e-01 1.38607e-01 |
     39 | 7.51041e+00 1.91908e-01 | 1.47145e-02 1.07591e-01 1.38602e-01 |
     40 | 7.70234e+00 1.91930e-01 | 1.45007e-02 1.07589e-01 1.38594e-01 |
     41 | 7.89430e+00 1.91958e-01 | 1.43326e-02 1.07584e-01 1.38584e-01 |
     42 | 8.08629e+00 1.91992e-01 | 1.42181e-02 1.07576e-01 1.38571e-01 |
     43 | 8.27832e+00 1.92030e-01 | 1.41569e-02 1.07565e-01 1.38555e-01 |
     44 | 8.47040e+00 1.92073e-01 | 1.41416e-02 1.07554e-01 1.38538e-01 |
     45 | 8.66252e+00 1.92120e-01 | 1.41598e-02 1.07541e-01 1.38519e-01 |
     46 | 8.85469e+00 1.92169e-01 | 1.41969e-02 1.07529e-01 1.38500e-01 |
     47 | 9.04691e+00 1.92222e-01 | 1.42383e-02 1.07518e-01 1.38481e-01 |
     48 | 9.23918e+00 1.92276e-01 | 1.42716e-02 1.07509e-01 1.38462e-01 |
     49 | 9.43152e+00 1.92334e-01 | 1.42878e-02 1.07502e-01 1.38445e-01 |
     50 | 9.62391e+00 1.92397e-01 | 1.42822e-02 1.07498e-01 1.38430e-01 |
     51 | 9.81638e+00 1.92463e-01 | 1.42539e-02 1.07495e-01 1.38416e-01 |
     52 | 1.00089e+01 1.92534e-01 | 1.42058e-02 1.07496e-01 1.38404e-01 |
     53 | 1.02015e+01 1.92609e-01 | 1.41429e-02 1.07498e-01 1.38394e-01 |
     54 | 1.03942e+01 1.92690e-01 | 1.40721e-02 1.07502e-01 1.38384e-01 |
     55 | 1.05870e+01 1.92774e-01 | 1.40001e-02 1.07507e-01 1.38376e-01 |
     56 | 1.07798e+01 1.92863e-01 | 1.39331e-02 1.07513e-01 1.38368e-01 |
     57 | 1.09728e+01 1.92957e-01 | 1.38755e-02 1.07519e-01 1.38361e-01 |
     58 | 1.11658e+01 1.93043e-01 | 1.38297e-02 1.07524e-01 1.38354e-01 |
     59 | 1.13588e+01 1.92952e-01 | 1.37964e-02 1.07529e-01 1.38347e-01 |
     60 | 1.15517e+01 1.92865e-01 | 1.37739e-02 1.07532e-01 1.38339e-01 |
     61 | 1.17444e+01 1.92782e-01 | 1.37599e-02 1.07534e-01 1.38332e-01 |
     62 | 1.19372e+01 1.92704e-01 | 1.37512e-02 1.07535e-01 1.38325e-01 |
     63 | 1.21298e+01 1.92631e-01 | 1.37447e-02 1.07534e-01 1.38318e-01 |
     64 | 1.23223e+01 1.92563e-01 | 1.37379e-02 1.07532e-01 1.38311e-01 |
     65 | 1.25148e+01 1.92501e-01 | 1.37288e-02 1.07529e-01 1.38304e-01 |
     66 | 1.27073e+01 1.92444e-01 | 1.37167e-02 1.07525e-01 1.38298e-01 |
     67 | 1.28997e+01 1.92393e-01 | 1.37011e-02 1.07521e-01 1.38292e-01 |
     68 | 1.30920e+01 1.92349e-01 | 1.36825e-02 1.07515e-01 1.38287e-01 |
     69 | 1.32843e+01 1.92309e-01 | 1.36616e-02 1.07509e-01 1.38281e-01 |
     70 | 1.34766e+01 1.92277e-01 | 1.36393e-02 1.07502e-01 1.38276e-01 |
     71 | 1.36689e+01 1.92250e-01 | 1.36166e-02 1.07494e-01 1.38271e-01 |
     72 | 1.38611e+01 1.92230e-01 | 1.35943e-02 1.07485e-01 1.38267e-01 |
     73 | 1.40533e+01 1.92215e-01 | 1.35730e-02 1.07476e-01 1.38262e-01 |
     74 | 1.42455e+01 1.92207e-01 | 1.35531e-02 1.07466e-01 1.38257e-01 |
     75 | 1.44377e+01 1.92204e-01 | 1.35349e-02 1.07456e-01 1.38253e-01 |
     76 | 1.46299e+01 1.92207e-01 | 1.35185e-02 1.07445e-01 1.38249e-01 |
     77 | 1.48221e+01 1.92215e-01 | 1.35037e-02 1.07434e-01 1.38245e-01 |
     78 | 1.50144e+01 1.92229e-01 | 1.34902e-02 1.07423e-01 1.38242e-01 |
     79 | 1.52066e+01 1.92249e-01 | 1.34776e-02 1.07412e-01 1.38239e-01 |
     80 | 1.53989e+01 1.92273e-01 | 1.34654e-02 1.07400e-01 1.38237e-01 |
     81 | 1.55912e+01 1.92302e-01 | 1.34530e-02 1.07389e-01 1.38234e-01 |
     82 | 1.57835e+01 1.92337e-01 | 1.34399e-02 1.07377e-01 1.38233e-01 |
     83 | 1.59759e+01 1.92377e-01 | 1.34258e-02 1.07366e-01 1.38231e-01 |
     84 | 1.61683e+01 1.92421e-01 | 1.34104e-02 1.07355e-01 1.38230e-01 |
     85 | 1.63608e+01 1.92471e-01 | 1.33937e-02 1.07344e-01 1.38229e-01 |
     86 | 1.65533e+01 1.92525e-01 | 1.33760e-02 1.07333e-01 1.38228e-01 |
     87 | 1.67459e+01 1.92584e-01 | 1.33574e-02 1.07323e-01 1.38228e-01 |
     88 | 1.69386e+01 1.92648e-01 | 1.33386e-02 1.07313e-01 1.38227e-01 |
     89 | 1.71313e+01 1.92716e-01 | 1.33199e-02 1.07303e-01 1.38228e-01 |
     90 | 1.73241e+01 1.92789e-01 | 1.33016e-02 1.07294e-01 1.38228e-01 |
     91 | 1.75169e+01 1.92867e-01 | 1.32841e-02 1.07285e-01 1.38229e-01 |
     92 | 1.77099e+01 1.92949e-01 | 1.32673e-02 1.07276e-01 1.38229e-01 |
     93 | 1.79029e+01 1.92971e-01 | 1.32513e-02 1.07267e-01 1.38230e-01 |
     94 | 1.80957e+01 1.92873e-01 | 1.32358e-02 1.07259e-01 1.38232e-01 |
     95 | 1.82885e+01 1.92779e-01 | 1.32205e-02 1.07251e-01 1.38233e-01 |
     96 | 1.84812e+01 1.92690e-01 | 1.32053e-02 1.07243e-01 1.38234e-01 |
     97 | 1.86738e+01 1.92605e-01 | 1.31899e-02 1.07235e-01 1.38236e-01 |
     98 | 1.88663e+01 1.92526e-01 | 1.31744e-02 1.07227e-01 1.38237e-01 |
     99 | 1.90588e+01 1.92452e-01 | 1.31587e-02 1.07219e-01 1.38238e-01 |
    100 | 1.92512e+01 1.92384e-01 | 1.31432e-02 1.07211e-01 1.38239e-01 |
    101 | 1.94435e+01 1.92320e-01 | 1.31279e-02 1.07203e-01 1.38240e-01 |
    102 | 1.96357e+01 1.92262e-01 | 1.31131e-02 1.07195e-01 1.38241e-01 |
    103 | 1.98280e+01 1.92209e-01 | 1.30990e-02 1.07188e-01 1.38241e-01 |
    104 | 2.00201e+01 1.92162e-01 | 1.30856e-02 1.07180e-01 1.38241e-01 |
    105 | 2.02122e+01 1.92120e-01 | 1.30729e-02 1.07173e-01 1.38241e-01 |
    106 | 2.04043e+01 1.92084e-01 | 1.30608e-02 1.07165e-01 1.38240e-01 |
    107 | 2.05964e+01 1.92054e-01 | 1.30493e-02 1.07158e-01 1.38239e-01 |
    108 | 2.07884e+01 1.92029e-01 | 1.30381e-02 1.07151e-01 1.38238e-01 |
    109 | 2.09804e+01 1.92009e-01 | 1.30272e-02 1.07143e-01 1.38236e-01 |
    110 | 2.11724e+01 1.91995e-01 | 1.30165e-02 1.07136e-01 1.38234e-01 |
    111 | 2.13644e+01 1.91987e-01 | 1.30060e-02 1.07129e-01 1.38231e-01 |
    112 | 2.15564e+01 1.91984e-01 | 1.29957e-02 1.07122e-01 1.38228e-01 |
    113 | 2.17484e+01 1.91986e-01 | 1.29857e-02 1.07115e-01 1.38225e-01 |
    114 | 2.19404e+01 1.91994e-01 | 1.29760e-02 1.07109e-01 1.38222e-01 |
    115 | 2.21324e+01 1.92008e-01 | 1.29667e-02 1.07102e-01 1.38218e-01 |
    116 | 2.23244e+01 1.92027e-01 | 1.29577e-02 1.07096e-01 1.38214e-01 |
    117 | 2.25164e+01 1.92051e-01 | 1.29490e-02 1.07090e-01 1.38210e-01 |
    118 | 2.27085e+01 1.92080e-01 | 1.29405e-02 1.07084e-01 1.38206e-01 |
    119 | 2.29006e+01 1.92115e-01 | 1.29321e-02 1.07078e-01 1.38202e-01 |
    120 | 2.30928e+01 1.92155e-01 | 1.29237e-02 1.07072e-01 1.38198e-01 |
    121 | 2.32850e+01 1.92200e-01 | 1.29153e-02 1.07067e-01 1.38193e-01 |
    122 | 2.34772e+01 1.92251e-01 | 1.29068e-02 1.07061e-01 1.38189e-01 |
    123 | 2.36696e+01 1.92306e-01 | 1.28982e-02 1.07056e-01 1.38185e-01 |
    124 | 2.38619e+01 1.92366e-01 | 1.28896e-02 1.07051e-01 1.38181e-01 |
    125 | 2.40543e+01 1.92432e-01 | 1.28811e-02 1.07045e-01 1.38177e-01 |
    126 | 2.42469e+01 1.92502e-01 | 1.28727e-02 1.07040e-01 1.38173e-01 |
    127 | 2.44394e+01 1.92577e-01 | 1.28643e-02 1.07035e-01 1.38170e-01 |
    128 | 2.46321e+01 1.92656e-01 | 1.28561e-02 1.07030e-01 1.38166e-01 |
    129 | 2.48248e+01 1.92741e-01 | 1.28478e-02 1.07024e-01 1.38163e-01 |
    130 | 2.50177e+01 1.92830e-01 | 1.28395e-02 1.07019e-01 1.38160e-01 |
    131 | 2.52106e+01 1.92923e-01 | 1.28309e-02 1.07013e-01 1.38157e-01 |
    132 | 2.54036e+01 1.93021e-01 | 1.28221e-02 1.07008e-01 1.38155e-01 |
    133 | 2.55967e+01 1.93123e-01 | 1.28130e-02 1.07002e-01 1.38153e-01 |
    134 | 2.57899e+01 1.93229e-01 | 1.28036e-02 1.06996e-01 1.38151e-01 |
    135 | 2.59833e+01 1.93340e-01 | 1.27938e-02 1.06990e-01 1.38149e-01 |
    136 | 2.61766e+01 1.93302e-01 | 1.27839e-02 1.06984e-01 1.38147e-01 |
    137 | 2.63698e+01 1.93204e-01 | 1.27740e-02 1.06978e-01 1.38146e-01 |
    138 | 2.65629e+01 1.93111e-01 | 1.27641e-02 1.06972e-01 1.38145e-01 |
    139 | 2.67559e+01 1.93023e-01 | 1.27543e-02 1.06965e-01 1.38144e-01 |
    140 | 2.69489e+01 1.92940e-01 | 1.27447e-02 1.06959e-01 1.38143e-01 |
    141 | 2.71417e+01 1.92862e-01 | 1.27353e-02 1.06952e-01 1.38142e-01 |
    142 | 2.73345e+01 1.92790e-01 | 1.27261e-02 1.06945e-01 1.38142e-01 |
    143 | 2.75272e+01 1.92723e-01 | 1.27171e-02 1.06938e-01 1.38142e-01 |
    144 | 2.77199e+01 1.92661e-01 | 1.27081e-02 1.06931e-01 1.38142e-01 |
    145 | 2.79125e+01 1.92605e-01 | 1.26991e-02 1.06924e-01 1.38142e-01 |
    146 | 2.81051e+01 1.92554e-01 | 1.26901e-02 1.06917e-01 1.38142e-01 |
    147 | 2.82976e+01 1.92509e-01 | 1.26812e-02 1.06910e-01 1.38142e-01 |
    148 | 2.84900e+01 1.92469e-01 | 1.26723e-02 1.06903e-01 1.38142e-01 |
    149 | 2.86825e+01 1.92435e-01 | 1.26635e-02 1.06895e-01 1.38142e-01 |
    150 | 2.88749e+01 1.92406e-01 | 1.26548e-02 1.06888e-01 1.38143e-01 |
    151 | 2.90673e+01 1.92383e-01 | 1.26464e-02 1.06880e-01 1.38143e-01 |
    152 | 2.92596e+01 1.92366e-01 | 1.26383e-02 1.06872e-01 1.38143e-01 |
    153 | 2.94520e+01 1.92354e-01 | 1.26304e-02 1.06865e-01 1.38144e-01 |
    154 | 2.96443e+01 1.92348e-01 | 1.26228e-02 1.06857e-01 1.38144e-01 |
    155 | 2.98367e+01 1.92348e-01 | 1.26155e-02 1.06850e-01 1.38144e-01 |
    156 | 3.00290e+01 1.92353e-01 | 1.26084e-02 1.06842e-01 1.38144e-01 |
    157 | 3.02214e+01 1.92363e-01 | 1.26015e-02 1.06834e-01 1.38145e-01 |
    158 | 3.04138e+01 1.92379e-01 | 1.25948e-02 1.06826e-01 1.38145e-01 |
    159 | 3.06062e+01 1.92400e-01 | 1.25883e-02 1.06819e-01 1.38145e-01 |
    160 | 3.07986e+01 1.92427e-01 | 1.25821e-02 1.06811e-01 1.38145e-01 |
    161 | 3.09911e+01 1.92459e-01 | 1.25762e-02 1.06803e-01 1.38145e-01 |
    162 | 3.11836e+01 1.92496e-01 | 1.25705e-02 1.06796e-01 1.38145e-01 |
    163 | 3.13761e+01 1.92538e-01 | 1.25653e-02 1.06788e-01 1.38144e-01 |
    164 | 3.15687e+01 1.92586e-01 | 1.25603e-02 1.06780e-01 1.38144e-01 |
    165 | 3.17613e+01 1.92639e-01 | 1.25557e-02 1.06772e-01 1.38144e-01 |
    166 | 3.19540e+01 1.92696e-01 | 1.25514e-02 1.06765e-01 1.38143e-01 |
    167 | 3.21468e+01 1.92759e-01 | 1.25474e-02 1.06757e-01 1.38143e-01 |
    168 | 3.23396e+01 1.92826e-01 | 1.25435e-02 1.06749e-01 1.38142e-01 |
    169 | 3.25325e+01 1.92898e-01 | 1.25397e-02 1.06741e-01 1.38141e-01 |
    170 | 3.27255e+01 1.92975e-01 | 1.25360e-02 1.06733e-01 1.38140e-01 |
    171 | 3.29185e+01 1.93057e-01 | 1.25323e-02 1.06726e-01 1.38139e-01 |
    172 | 3.31117e+01 1.93143e-01 | 1.25288e-02 1.06718e-01 1.38138e-01 |
    173 | 3.33049e+01 1.93233e-01 | 1.25253e-02 1.06710e-01 1.38136e-01 |
    174 | 3.34982e+01 1.93328e-01 | 1.25219e-02 1.06702e-01 1.38135e-01 |
    175 | 3.36916e+01 1.93337e-01 | 1.25186e-02 1.06694e-01 1.38133e-01 |
    176 | 3.38848e+01 1.93248e-01 | 1.25155e-02 1.06686e-01 1.38132e-01 |
    177 | 3.40780e+01 1.93164e-01 | 1.25124e-02 1.06678e-01 1.38130e-01 |
    178 | 3.42711e+01 1.93085e-01 | 1.25095e-02 1.06670e-01 1.38129e-01 |
    179 | 3.44641e+01 1.93011e-01 | 1.25066e-02 1.06662e-01 1.38127e-01 |
    180 | 3.46570e+01 1.92941e-01 | 1.25036e-02 1.06654e-01 1.38125e-01 |
    181 | 3.48499e+01 1.92877e-01 | 1.25006e-02 1.06646e-01 1.38123e-01 |
    182 | 3.50427e+01 1.92818e-01 | 1.24974e-02 1.06638e-01 1.38121e-01 |
    183 | 3.52355e+01 1.92764e-01 | 1.24940e-02 1.06630e-01 1.38119e-01 |
    184 | 3.54282e+01 1.92715e-01 | 1.24904e-02 1.06622e-01 1.38117e-01 |
    185 | 3.56209e+01 1.92671e-01 | 1.24867e-02 1.06614e-01 1.38115e-01 |
    186 | 3.58135e+01 1.92633e-01 | 1.24828e-02 1.06606e-01 1.38113e-01 |
    187 | 3.60061e+01 1.92599e-01 | 1.24787e-02 1.06598e-01 1.38111e-01 |
    188 | 3.61987e+01 1.92571e-01 | 1.24746e-02 1.06590e-01 1.38109e-01 |
    189 | 3.63912e+01 1.92549e-01 | 1.24702e-02 1.06582e-01 1.38107e-01 |
    190 | 3.65838e+01 1.92531e-01 | 1.24657e-02 1.06574e-01 1.38106e-01 |
    191 | 3.67763e+01 1.92520e-01 | 1.24610e-02 1.06566e-01 1.38104e-01 |
    192 | 3.69688e+01 1.92513e-01 | 1.24562e-02 1.06558e-01 1.38102e-01 |
    193 | 3.71613e+01 1.92512e-01 | 1.24510e-02 1.06550e-01 1.38101e-01 |
    194 | 3.73538e+01 1.92517e-01 | 1.24457e-02 1.06542e-01 1.38099e-01 |
    195 | 3.75463e+01 1.92526e-01 | 1.24401e-02 1.06534e-01 1.38098e-01 |
    196 | 3.77389e+01 1.92541e-01 | 1.24342e-02 1.06526e-01 1.38097e-01 |
    197 | 3.79314e+01 1.92562e-01 | 1.24282e-02 1.06518e-01 1.38096e-01 |
    198 | 3.81240e+01 1.92587e-01 | 1.24220e-02 1.06510e-01 1.38094e-01 |
    199 | 3.83167e+01 1.92618e-01 | 1.24157e-02 1.06502e-01 1.38094e-01 |
    200 | 3.85093e+01 1.92654e-01 | 1.24093e-02 1.06494e-01 1.38093e-01 |
    201 | 3.87020e+01 1.92695e-01 | 1.24029e-02 1.06486e-01 1.38092e-01 |
    202 | 3.88947e+01 1.92741e-01 | 1.23964e-02 1.06478e-01 1.38091e-01 |
    203 | 3.90875e+01 1.92793e-01 | 1.23899e-02 1.06470e-01 1.38091e-01 |
    204 | 3.92804e+01 1.92849e-01 | 1.23834e-02 1.06461e-01 1.38091e-01 |
    205 | 3.94733e+01 1.92910e-01 | 1.23768e-02 1.06453e-01 1.38090e-01 |
    206 | 3.96663e+01 1.92975e-01 | 1.23701e-02 1.06445e-01 1.38090e-01 |
    207 | 3.98593e+01 1.93046e-01 | 1.23634e-02 1.06436e-01 1.38090e-01 |
    208 | 4.00524e+01 1.93121e-01 | 1.23566e-02 1.06428e-01 1.38090e-01 |
    209 | 4.02456e+01 1.93200e-01 | 1.23498e-02 1.06419e-01 1.38090e-01 |
    210 | 4.04388e+01 1.93195e-01 | 1.23430e-02 1.06410e-01 1.38090e-01 |
    211 | 4.06320e+01 1.93132e-01 | 1.23364e-02 1.06402e-01 1.38090e-01 |
    212 | 4.08250e+01 1.93036e-01 | 1.23298e-02 1.06393e-01 1.38090e-01 |
    213 | 4.10179e+01 1.92946e-01 | 1.23235e-02 1.06384e-01 1.38090e-01 |
    214 | 4.12108e+01 1.92860e-01 | 1.23173e-02 1.06375e-01 1.38090e-01 |
    215 | 4.14036e+01 1.92780e-01 | 1.23113e-02 1.06366e-01 1.38090e-01 |
    216 | 4.15963e+01 1.92704e-01 | 1.23055e-02 1.06357e-01 1.38090e-01 |
    217 | 4.17889e+01 1.92634e-01 | 1.22998e-02 1.06348e-01 1.38090e-01 |
    218 | 4.19815e+01 1.92568e-01 | 1.22943e-02 1.06339e-01 1.38090e-01 |
    219 | 4.21740e+01 1.92508e-01 | 1.22889e-02 1.06330e-01 1.38090e-01 |
    220 | 4.23665e+01 1.92453e-01 | 1.22835e-02 1.06321e-01 1.38090e-01 |
    221 | 4.25589e+01 1.92404e-01 | 1.22783e-02 1.06311e-01 1.38090e-01 |
    222 | 4.27512e+01 1.92360e-01 | 1.22731e-02 1.06302e-01 1.38089e-01 |
    223 | 4.29435e+01 1.92321e-01 | 1.22681e-02 1.06292e-01 1.38089e-01 |
    224 | 4.31358e+01 1.92288e-01 | 1.22633e-02 1.06283e-01 1.38089e-01 |
    225 | 4.33281e+01 1.92260e-01 | 1.22586e-02 1.06273e-01 1.38088e-01 |
    226 | 4.35203e+01 1.92238e-01 | 1.22541e-02 1.06264e-01 1.38088e-01 |
    227 | 4.37125e+01 1.92221e-01 | 1.22499e-02 1.06254e-01 1.38087e-01 |
    228 | 4.39048e+01 1.92209e-01 | 1.22458e-02 1.06244e-01 1.38086e-01 |
    229 | 4.40970e+01 1.92203e-01 | 1.22419e-02 1.06235e-01 1.38085e-01 |
    230 | 4.42892e+01 1.92203e-01 | 1.22382e-02 1.06225e-01 1.38085e-01 |
    231 | 4.44814e+01 1.92208e-01 | 1.22346e-02 1.06215e-01 1.38084e-01 |
    232 | 4.46736e+01 1.92218e-01 | 1.22312e-02 1.06205e-01 1.38082e-01 |
    233 | 4.48658e+01 1.92234e-01 | 1.22278e-02 1.06196e-01 1.38081e-01 |
    234 | 4.50581e+01 1.92255e-01 | 1.22245e-02 1.06186e-01 1.38080e-01 |
    235 | 4.52504e+01 1.92281e-01 | 1.22212e-02 1.06176e-01 1.38079e-01 |
    236 | 4.54427e+01 1.92313e-01 | 1.22180e-02 1.06166e-01 1.38077e-01 |
    237 | 4.56350e+01 1.92350e-01 | 1.22148e-02 1.06156e-01 1.38076e-01 |
    238 | 4.58274e+01 1.92392e-01 | 1.22117e-02 1.06147e-01 1.38074e-01 |
    239 | 4.60198e+01 1.92440e-01 | 1.22086e-02 1.06137e-01 1.38073e-01 |
    240 | 4.62123e+01 1.92492e-01 | 1.22054e-02 1.06127e-01 1.38071e-01 |
    241 | 4.64049e+01 1.92550e-01 | 1.22023e-02 1.06117e-01 1.38069e-01 |
    242 | 4.65975e+01 1.92612e-01 | 1.21991e-02 1.06107e-01 1.38068e-01 |
    243 | 4.67902e+01 1.92679e-01 | 1.21958e-02 1.06097e-01 1.38066e-01 |
    244 | 4.69829e+01 1.92751e-01 | 1.21925e-02 1.06087e-01 1.38064e-01 |
    245 | 4.71758e+01 1.92828e-01 | 1.21890e-02 1.06077e-01 1.38062e-01 |
    246 | 4.73687e+01 1.92910e-01 | 1.21855e-02 1.06067e-01 1.38061e-01 |
    247 | 4.75617e+01 1.92996e-01 | 1.21819e-02 1.06057e-01 1.38059e-01 |
    248 | 4.77548e+01 1.93086e-01 | 1.21782e-02 1.06046e-01 1.38057e-01 |
    249 | 4.79479e+01 1.93181e-01 | 1.21744e-02 1.06036e-01 1.38055e-01 |
    250 | 4.81412e+01 1.93281e-01 | 1.21704e-02 1.06026e-01 1.38053e-01 |
    251 | 4.83346e+01 1.93349e-01 | 1.21663e-02 1.06016e-01 1.38051e-01 |
    252 | 4.85279e+01 1.93309e-01 | 1.21621e-02 1.06006e-01 1.38049e-01 |
    253 | 4.87211e+01 1.93273e-01 | 1.21577e-02 1.05996e-01 1.38048e-01 |
    254 | 4.89144e+01 1.93242e-01 | 1.21531e-02 1.05986e-01 1.38046e-01 |
    255 | 4.91076e+01 1.93216e-01 | 1.21483e-02 1.05976e-01 1.38044e-01 |
    256 | 4.93008e+01 1.93195e-01 | 1.21433e-02 1.05966e-01 1.38042e-01 |
    257 | 4.94940e+01 1.93179e-01 | 1.21382e-02 1.05956e-01 1.38041e-01 |
    258 | 4.96871e+01 1.93168e-01 | 1.21329e-02 1.05946e-01 1.38039e-01 |
    259 | 4.98803e+01 1.93161e-01 | 1.21275e-02 1.05936e-01 1.38038e-01 |
    260 | 5.00735e+01 1.93160e-01 | 1.21220e-02 1.05926e-01 1.38036e-01 |
    261 | 5.02666e+01 1.93163e-01 | 1.21165e-02 1.05916e-01 1.38035e-01 |
    262 | 5.04598e+01 1.93172e-01 | 1.21109e-02 1.05906e-01 1.38034e-01 |
    263 | 5.06530e+01 1.93185e-01 | 1.21054e-02 1.05896e-01 1.38032e-01 |
    264 | 5.08462e+01 1.93203e-01 | 1.21000e-02 1.05886e-01 1.38031e-01 |
    265 | 5.10394e+01 1.93226e-01 | 1.20946e-02 1.05876e-01 1.38030e-01 |
    266 | 5.12327e+01 1.93254e-01 | 1.20893e-02 1.05866e-01 1.38029e-01 |
    267 | 5.14260e+01 1.93287e-01 | 1.20840e-02 1.05857e-01 1.38028e-01 |
    268 | 5.16193e+01 1.93319e-01 | 1.20787e-02 1.05847e-01 1.38027e-01 |
    269 | 5.18126e+01 1.93293e-01 | 1.20735e-02 1.05837e-01 1.38026e-01 |
    270 | 5.20058e+01 1.93272e-01 | 1.20684e-02 1.05827e-01 1.38025e-01 |
    271 | 5.21991e+01 1.93256e-01 | 1.20634e-02 1.05817e-01 1.38024e-01 |
    272 | 5.23923e+01 1.93245e-01 | 1.20586e-02 1.05807e-01 1.38023e-01 |
    273 | 5.25856e+01 1.93240e-01 | 1.20539e-02 1.05797e-01 1.38022e-01 |
    274 | 5.27788e+01 1.93240e-01 | 1.20493e-02 1.05787e-01 1.38021e-01 |
    275 | 5.29721e+01 1.93245e-01 | 1.20450e-02 1.05777e-01 1.38020e-01 |
    276 | 5.31653e+01 1.93255e-01 | 1.20409e-02 1.05766e-01 1.38019e-01 |
    277 | 5.33586e+01 1.93270e-01 | 1.20371e-02 1.05756e-01 1.38018e-01 |
    278 | 5.35519e+01 1.93291e-01 | 1.20334e-02 1.05746e-01 1.38017e-01 |
    279 | 5.37452e+01 1.93316e-01 | 1.20299e-02 1.05736e-01 1.38016e-01 |
    280 | 5.39385e+01 1.93347e-01 | 1.20267e-02 1.05726e-01 1.38015e-01 |
    281 | 5.41319e+01 1.93383e-01 | 1.20236e-02 1.05715e-01 1.38013e-01 |
    282 | 5.43254e+01 1.93424e-01 | 1.20207e-02 1.05705e-01 1.38012e-01 |
    283 | 5.45188e+01 1.93469e-01 | 1.20180e-02 1.05695e-01 1.38011e-01 |
    284 | 5.47123e+01 1.93428e-01 | 1.20155e-02 1.05684e-01 1.38009e-01 |
    285 | 5.49056e+01 1.93369e-01 | 1.20131e-02 1.05674e-01 1.38008e-01 |
    286 | 5.50989e+01 1.93313e-01 | 1.20110e-02 1.05663e-01 1.38006e-01 |
    287 | 5.52922e+01 1.93263e-01 | 1.20089e-02 1.05653e-01 1.38004e-01 |
    288 | 5.54854e+01 1.93218e-01 | 1.20071e-02 1.05642e-01 1.38003e-01 |
    289 | 5.56786e+01 1.93177e-01 | 1.20053e-02 1.05632e-01 1.38001e-01 |
    290 | 5.58717e+01 1.93142e-01 | 1.20036e-02 1.05621e-01 1.37999e-01 |
    291 | 5.60648e+01 1.93111e-01 | 1.20020e-02 1.05611e-01 1.37997e-01 |
    292 | 5.62579e+01 1.93086e-01 | 1.20005e-02 1.05600e-01 1.37995e-01 |
    293 | 5.64510e+01 1.93065e-01 | 1.19989e-02 1.05590e-01 1.37993e-01 |
    294 | 5.66440e+01 1.93050e-01 | 1.19973e-02 1.05579e-01 1.37991e-01 |
    295 | 5.68371e+01 1.93040e-01 | 1.19957e-02 1.05569e-01 1.37988e-01 |
    296 | 5.70301e+01 1.93034e-01 | 1.19941e-02 1.05558e-01 1.37986e-01 |
    297 | 5.72232e+01 1.93034e-01 | 1.19925e-02 1.05548e-01 1.37983e-01 |
    298 | 5.74162e+01 1.93039e-01 | 1.19908e-02 1.05537e-01 1.37981e-01 |
    299 | 5.76092e+01 1.93049e-01 | 1.19890e-02 1.05527e-01 1.37978e-01 |
    300 | 5.78023e+01 1.93063e-01 | 1.19873e-02 1.05516e-01 1.37976e-01 |
    301 | 5.79954e+01 1.93083e-01 | 1.19854e-02 1.05506e-01 1.37973e-01 |
    302 | 5.81885e+01 1.93108e-01 | 1.19835e-02 1.05495e-01 1.37971e-01 |
    303 | 5.83816e+01 1.93137e-01 | 1.19815e-02 1.05485e-01 1.37968e-01 |
    304 | 5.85748e+01 1.93172e-01 | 1.19794e-02 1.05474e-01 1.37965e-01 |
    305 | 5.87680e+01 1.93211e-01 | 1.19772e-02 1.05464e-01 1.37962e-01 |
    306 | 5.89613e+01 1.93255e-01 | 1.19749e-02 1.05454e-01 1.37960e-01 |
    307 | 5.91546e+01 1.93304e-01 | 1.19725e-02 1.05443e-01 1.37957e-01 |
    308 | 5.93479e+01 1.93285e-01 | 1.19699e-02 1.05433e-01 1.37954e-01 |
    309 | 5.95411e+01 1.93270e-01 | 1.19673e-02 1.05422e-01 1.37951e-01 |
    310 | 5.97344e+01 1.93259e-01 | 1.19645e-02 1.05412e-01 1.37949e-01 |
    311 | 5.99276e+01 1.93254e-01 | 1.19616e-02 1.05402e-01 1.37946e-01 |
    312 | 6.01209e+01 1.93254e-01 | 1.19586e-02 1.05391e-01 1.37943e-01 |
    313 | 6.03142e+01 1.93259e-01 | 1.19554e-02 1.05381e-01 1.37940e-01 |
    314 | 6.05074e+01 1.93269e-01 | 1.19523e-02 1.05370e-01 1.37938e-01 |
    315 | 6.07007e+01 1.93285e-01 | 1.19490e-02 1.05360e-01 1.37935e-01 |
    316 | 6.08940e+01 1.93306e-01 | 1.19456e-02 1.05349e-01 1.37932e-01 |
    317 | 6.10873e+01 1.93331e-01 | 1.19422e-02 1.05339e-01 1.37929e-01 |
    318 | 6.12807e+01 1.93362e-01 | 1.19387e-02 1.05328e-01 1.37927e-01 |
    319 | 6.14741e+01 1.93398e-01 | 1.19352e-02 1.05318e-01 1.37924e-01 |
    320 | 6.16674e+01 1.93327e-01 | 1.19316e-02 1.05307e-01 1.37921e-01 |
    321 | 6.18607e+01 1.93238e-01 | 1.19280e-02 1.05296e-01 1.37919e-01 |
    322 | 6.20538e+01 1.93152e-01 | 1.19243e-02 1.05286e-01 1.37916e-01 |
    323 | 6.22469e+01 1.93072e-01 | 1.19207e-02 1.05275e-01 1.37914e-01 |
    324 | 6.24399e+01 1.92996e-01 | 1.19170e-02 1.05264e-01 1.37911e-01 |
    325 | 6.26328e+01 1.92925e-01 | 1.19133e-02 1.05254e-01 1.37908e-01 |
    326 | 6.28257e+01 1.92859e-01 | 1.19096e-02 1.05243e-01 1.37906e-01 |
    327 | 6.30185e+01 1.92798e-01 | 1.19060e-02 1.05232e-01 1.37903e-01 |
    328 | 6.32112e+01 1.92742e-01 | 1.19025e-02 1.05221e-01 1.37901e-01 |
    329 | 6.34039e+01 1.92690e-01 | 1.18990e-02 1.05211e-01 1.37899e-01 |
    330 | 6.35966e+01 1.92644e-01 | 1.18956e-02 1.05200e-01 1.37896e-01 |
    331 | 6.37892e+01 1.92603e-01 | 1.18923e-02 1.05189e-01 1.37894e-01 |
    332 | 6.39817e+01 1.92567e-01 | 1.18892e-02 1.05178e-01 1.37891e-01 |
    333 | 6.41743e+01 1.92536e-01 | 1.18861e-02 1.05168e-01 1.37889e-01 |
    334 | 6.43668e+01 1.92510e-01 | 1.18832e-02 1.05157e-01 1.37887e-01 |
    335 | 6.45593e+01 1.92489e-01 | 1.18804e-02 1.05146e-01 1.37884e-01 |
    336 | 6.47517e+01 1.92473e-01 | 1.18777e-02 1.05135e-01 1.37882e-01 |
    337 | 6.49442e+01 1.92463e-01 | 1.18752e-02 1.05124e-01 1.37880e-01 |
    338 | 6.51367e+01 1.92458e-01 | 1.18729e-02 1.05114e-01 1.37877e-01 |
    339 | 6.53291e+01 1.92458e-01 | 1.18707e-02 1.05103e-01 1.37875e-01 |
    340 | 6.55216e+01 1.92463e-01 | 1.18687e-02 1.05092e-01 1.37872e-01 |
    341 | 6.57140e+01 1.92473e-01 | 1.18668e-02 1.05081e-01 1.37870e-01 |
    342 | 6.59065e+01 1.92488e-01 | 1.18651e-02 1.05070e-01 1.37867e-01 |
    343 | 6.60990e+01 1.92508e-01 | 1.18636e-02 1.05059e-01 1.37865e-01 |
    344 | 6.62916e+01 1.92534e-01 | 1.18623e-02 1.05049e-01 1.37862e-01 |
    345 | 6.64841e+01 1.92564e-01 | 1.18612e-02 1.05038e-01 1.37859e-01 |
    346 | 6.66767e+01 1.92599e-01 | 1.18602e-02 1.05027e-01 1.37856e-01 |
    347 | 6.68694e+01 1.92639e-01 | 1.18594e-02 1.05016e-01 1.37853e-01 |
    348 | 6.70621e+01 1.92685e-01 | 1.18588e-02 1.05005e-01 1.37850e-01 |
    349 | 6.72548e+01 1.92734e-01 | 1.18582e-02 1.04994e-01 1.37847e-01 |
    350 | 6.74476e+01 1.92789e-01 | 1.18578e-02 1.04983e-01 1.37843e-01 |
    351 | 6.76404e+01 1.92849e-01 | 1.18575e-02 1.04972e-01 1.37840e-01 |
    352 | 6.78333e+01 1.92887e-01 | 1.18573e-02 1.04961e-01 1.37836e-01 |
    353 | 6.80262e+01 1.92910e-01 | 1.18572e-02 1.04950e-01 1.37832e-01 |
    354 | 6.82192e+01 1.92939e-01 | 1.18571e-02 1.04939e-01 1.37829e-01 |
    355 | 6.84121e+01 1.92972e-01 | 1.18570e-02 1.04928e-01 1.37825e-01 |
    356 | 6.86052e+01 1.93011e-01 | 1.18570e-02 1.04917e-01 1.37821e-01 |
    357 | 6.87982e+01 1.93054e-01 | 1.18569e-02 1.04906e-01 1.37816e-01 |
    358 | 6.89913e+01 1.93103e-01 | 1.18569e-02 1.04895e-01 1.37812e-01 |
    359 | 6.91845e+01 1.93157e-01 | 1.18568e-02 1.04885e-01 1.37808e-01 |
    360 | 6.93777e+01 1.93215e-01 | 1.18566e-02 1.04874e-01 1.37803e-01 |
    361 | 6.95710e+01 1.93279e-01 | 1.18563e-02 1.04863e-01 1.37799e-01 |
    362 | 6.97642e+01 1.93230e-01 | 1.18559e-02 1.04852e-01 1.37794e-01 |
    363 | 6.99574e+01 1.93162e-01 | 1.18554e-02 1.04841e-01 1.37790e-01 |
    364 | 7.01505e+01 1.93099e-01 | 1.18547e-02 1.04830e-01 1.37785e-01 |
    365 | 7.03435e+01 1.93040e-01 | 1.18539e-02 1.04819e-01 1.37780e-01 |
    366 | 7.05365e+01 1.92986e-01 | 1.18529e-02 1.04808e-01 1.37775e-01 |
    367 | 7.07294e+01 1.92937e-01 | 1.18517e-02 1.04798e-01 1.37771e-01 |
    368 | 7.09223e+01 1.92893e-01 | 1.18503e-02 1.04787e-01 1.37766e-01 |
    369 | 7.11152e+01 1.92854e-01 | 1.18487e-02 1.04776e-01 1.37761e-01 |
    370 | 7.13080e+01 1.92820e-01 | 1.18469e-02 1.04766e-01 1.37756e-01 |
    371 | 7.15008e+01 1.92790e-01 | 1.18449e-02 1.04755e-01 1.37752e-01 |
    372 | 7.16935e+01 1.92766e-01 | 1.18427e-02 1.04744e-01 1.37747e-01 |
    373 | 7.18863e+01 1.92746e-01 | 1.18403e-02 1.04734e-01 1.37742e-01 |
    374 | 7.20790e+01 1.92732e-01 | 1.18378e-02 1.04723e-01 1.37737e-01 |
    375 | 7.22717e+01 1.92722e-01 | 1.18350e-02 1.04713e-01 1.37733e-01 |
    376 | 7.24645e+01 1.92718e-01 | 1.18321e-02 1.04702e-01 1.37728e-01 |
    377 | 7.26572e+01 1.92718e-01 | 1.18290e-02 1.04692e-01 1.37724e-01 |
    378 | 7.28499e+01 1.92724e-01 | 1.18258e-02 1.04681e-01 1.37719e-01 |
    379 | 7.30426e+01 1.92734e-01 | 1.18225e-02 1.04670e-01 1.37715e-01 |
    380 | 7.32354e+01 1.92750e-01 | 1.18190e-02 1.04660e-01 1.37711e-01 |
    381 | 7.34282e+01 1.92770e-01 | 1.18155e-02 1.04649e-01 1.37706e-01 |
    382 | 7.36209e+01 1.92795e-01 | 1.18120e-02 1.04639e-01 1.37702e-01 |
    383 | 7.38138e+01 1.92825e-01 | 1.18083e-02 1.04628e-01 1.37698e-01 |
    384 | 7.40066e+01 1.92860e-01 | 1.18047e-02 1.04618e-01 1.37694e-01 |
    385 | 7.41995e+01 1.92900e-01 | 1.18011e-02 1.04607e-01 1.37690e-01 |
    386 | 7.43925e+01 1.92944e-01 | 1.17975e-02 1.04597e-01 1.37686e-01 |
    387 | 7.45855e+01 1.92994e-01 | 1.17940e-02 1.04586e-01 1.37682e-01 |
    388 | 7.47785e+01 1.93048e-01 | 1.17905e-02 1.04576e-01 1.37678e-01 |
    389 | 7.49716e+01 1.93106e-01 | 1.17872e-02 1.04565e-01 1.37674e-01 |
    390 | 7.51648e+01 1.93169e-01 | 1.17839e-02 1.04554e-01 1.37670e-01 |
    391 | 7.53580e+01 1.93237e-01 | 1.17807e-02 1.04544e-01 1.37666e-01 |
    392 | 7.55513e+01 1.93308e-01 | 1.17777e-02 1.04533e-01 1.37662e-01 |
    393 | 7.57447e+01 1.93385e-01 | 1.17749e-02 1.04523e-01 1.37658e-01 |
    394 | 7.59382e+01 1.93445e-01 | 1.17722e-02 1.04512e-01 1.37653e-01 |
    395 | 7.61315e+01 1.93352e-01 | 1.17696e-02 1.04501e-01 1.37649e-01 |
    396 | 7.63248e+01 1.93264e-01 | 1.17673e-02 1.04491e-01 1.37645e-01 |
    397 | 7.65180e+01 1.93181e-01 | 1.17651e-02 1.04480e-01 1.37641e-01 |
    398 | 7.67111e+01 1.93102e-01 | 1.17631e-02 1.04470e-01 1.37637e-01 |
    399 | 7.69041e+01 1.93028e-01 | 1.17613e-02 1.04459e-01 1.37632e-01 |
    400 | 7.70971e+01 1.92959e-01 | 1.17597e-02 1.04448e-01 1.37628e-01 |
    401 | 7.72900e+01 1.92895e-01 | 1.17582e-02 1.04438e-01 1.37624e-01 |
    402 | 7.74828e+01 1.92835e-01 | 1.17570e-02 1.04427e-01 1.37619e-01 |
    403 | 7.76756e+01 1.92781e-01 | 1.17559e-02 1.04417e-01 1.37615e-01 |
    404 | 7.78683e+01 1.92731e-01 | 1.17549e-02 1.04406e-01 1.37610e-01 |
    405 | 7.80610e+01 1.92686e-01 | 1.17541e-02 1.04396e-01 1.37605e-01 |
    406 | 7.82536e+01 1.92646e-01 | 1.17534e-02 1.04386e-01 1.37600e-01 |
    407 | 7.84462e+01 1.92612e-01 | 1.17529e-02 1.04375e-01 1.37595e-01 |
    408 | 7.86388e+01 1.92582e-01 | 1.17524e-02 1.04365e-01 1.37590e-01 |
    409 | 7.88314e+01 1.92558e-01 | 1.17521e-02 1.04354e-01 1.37585e-01 |
    410 | 7.90239e+01 1.92538e-01 | 1.17519e-02 1.04344e-01 1.37580e-01 |
    411 | 7.92164e+01 1.92524e-01 | 1.17517e-02 1.04334e-01 1.37575e-01 |
    412 | 7.94090e+01 1.92515e-01 | 1.17516e-02 1.04323e-01 1.37569e-01 |
    413 | 7.96015e+01 1.92510e-01 | 1.17515e-02 1.04313e-01 1.37564e-01 |
    414 | 7.97940e+01 1.92511e-01 | 1.17515e-02 1.04303e-01 1.37558e-01 |
    415 | 7.99865e+01 1.92517e-01 | 1.17515e-02 1.04293e-01 1.37552e-01 |
    416 | 8.01790e+01 1.92528e-01 | 1.17514e-02 1.04282e-01 1.37547e-01 |
    417 | 8.03716e+01 1.92544e-01 | 1.17514e-02 1.04272e-01 1.37541e-01 |
    418 | 8.05641e+01 1.92565e-01 | 1.17513e-02 1.04262e-01 1.37535e-01 |
    419 | 8.07567e+01 1.92591e-01 | 1.17512e-02 1.04252e-01 1.37529e-01 |
    420 | 8.09493e+01 1.92622e-01 | 1.17510e-02 1.04242e-01 1.37523e-01 |
    421 | 8.11420e+01 1.92658e-01 | 1.17507e-02 1.04231e-01 1.37517e-01 |
    422 | 8.13347e+01 1.92699e-01 | 1.17504e-02 1.04221e-01 1.37510e-01 |
    423 | 8.15275e+01 1.92745e-01 | 1.17499e-02 1.04211e-01 1.37504e-01 |
    424 | 8.17202e+01 1.92795e-01 | 1.17494e-02 1.04201e-01 1.37498e-01 |
    425 | 8.19131e+01 1.92850e-01 | 1.17487e-02 1.04191e-01 1.37491e-01 |
    426 | 8.21060e+01 1.92910e-01 | 1.17478e-02 1.04180e-01 1.37485e-01 |
    427 | 8.22990e+01 1.92975e-01 | 1.17469e-02 1.04170e-01 1.37478e-01 |
    428 | 8.24920e+01 1.93044e-01 | 1.17457e-02 1.04160e-01 1.37472e-01 |
    429 | 8.26851e+01 1.93118e-01 | 1.17444e-02 1.04150e-01 1.37465e-01 |
    430 | 8.28783e+01 1.93196e-01 | 1.17430e-02 1.04139e-01 1.37459e-01 |
    431 | 8.30716e+01 1.93278e-01 | 1.17413e-02 1.04129e-01 1.37452e-01 |
    432 | 8.32650e+01 1.93365e-01 | 1.17395e-02 1.04119e-01 1.37446e-01 |
    433 | 8.34584e+01 1.93456e-01 | 1.17376e-02 1.04109e-01 1.37439e-01 |
    434 | 8.36520e+01 1.93552e-01 | 1.17354e-02 1.04099e-01 1.37433e-01 |
    435 | 8.38456e+01 1.93599e-01 | 1.17331e-02 1.04088e-01 1.37426e-01 |
    436 | 8.40391e+01 1.93498e-01 | 1.17307e-02 1.04078e-01 1.37420e-01 |
    437 | 8.42325e+01 1.93401e-01 | 1.17281e-02 1.04068e-01 1.37414e-01 |
    438 | 8.44258e+01 1.93309e-01 | 1.17253e-02 1.04058e-01 1.37407e-01 |
    439 | 8.46190e+01 1.93221e-01 | 1.17225e-02 1.04048e-01 1.37401e-01 |
    440 | 8.48122e+01 1.93138e-01 | 1.17195e-02 1.04038e-01 1.37395e-01 |
    441 | 8.50052e+01 1.93059e-01 | 1.17164e-02 1.04028e-01 1.37389e-01 |
    442 | 8.51982e+01 1.92985e-01 | 1.17133e-02 1.04018e-01 1.37382e-01 |
    443 | 8.53911e+01 1.92916e-01 | 1.17101e-02 1.04008e-01 1.37376e-01 |
    444 | 8.55840e+01 1.92852e-01 | 1.17068e-02 1.03997e-01 1.37370e-01 |
    445 | 8.57768e+01 1.92792e-01 | 1.17035e-02 1.03987e-01 1.37364e-01 |
    446 | 8.59695e+01 1.92738e-01 | 1.17003e-02 1.03977e-01 1.37358e-01 |
    447 | 8.61622e+01 1.92688e-01 | 1.16970e-02 1.03967e-01 1.37353e-01 |
    448 | 8.63548e+01 1.92643e-01 | 1.16938e-02 1.03957e-01 1.37347e-01 |
    449 | 8.65474e+01 1.92604e-01 | 1.16906e-02 1.03947e-01 1.37341e-01 |
    450 | 8.67400e+01 1.92569e-01 | 1.16875e-02 1.03937e-01 1.37335e-01 |
    451 | 8.69325e+01 1.92540e-01 | 1.16845e-02 1.03927e-01 1.37329e-01 |
    452 | 8.71251e+01 1.92515e-01 | 1.16816e-02 1.03917e-01 1.37324e-01 |
    453 | 8.73176e+01 1.92496e-01 | 1.16788e-02 1.03907e-01 1.37318e-01 |
    454 | 8.75100e+01 1.92482e-01 | 1.16762e-02 1.03897e-01 1.37312e-01 |
    455 | 8.77025e+01 1.92473e-01 | 1.16737e-02 1.03887e-01 1.37306e-01 |
    456 | 8.78950e+01 1.92469e-01 | 1.16714e-02 1.03877e-01 1.37300e-01 |
    457 | 8.80874e+01 1.92470e-01 | 1.16693e-02 1.03867e-01 1.37294e-01 |
    458 | 8.82799e+01 1.92476e-01 | 1.16673e-02 1.03857e-01 1.37289e-01 |
    459 | 8.84724e+01 1.92488e-01 | 1.16655e-02 1.03846e-01 1.37283e-01 |
    460 | 8.86649e+01 1.92504e-01 | 1.16639e-02 1.03836e-01 1.37277e-01 |
    461 | 8.88574e+01 1.92526e-01 | 1.16625e-02 1.03826e-01 1.37270e-01 |
    462 | 8.90500e+01 1.92552e-01 | 1.16613e-02 1.03816e-01 1.37264e-01 |
    463 | 8.92426e+01 1.92584e-01 | 1.16603e-02 1.03806e-01 1.37258e-01 |
    464 | 8.94352e+01 1.92620e-01 | 1.16595e-02 1.03796e-01 1.37252e-01 |
    465 | 8.96279e+01 1.92662e-01 | 1.16588e-02 1.03786e-01 1.37245e-01 |
    466 | 8.98206e+01 1.92708e-01 | 1.16583e-02 1.03776e-01 1.37239e-01 |
    467 | 9.00133e+01 1.92760e-01 | 1.16579e-02 1.03766e-01 1.37232e-01 |
    468 | 9.02061e+01 1.92816e-01 | 1.16576e-02 1.03756e-01 1.37225e-01 |
    469 | 9.03990e+01 1.92876e-01 | 1.16575e-02 1.03746e-01 1.37218e-01 |
    470 | 9.05920e+01 1.92942e-01 | 1.16575e-02 1.03736e-01 1.37211e-01 |
    471 | 9.07850e+01 1.93012e-01 | 1.16575e-02 1.03727e-01 1.37204e-01 |
    472 | 9.09781e+01 1.93087e-01 | 1.16577e-02 1.03717e-01 1.37197e-01 |
    473 | 9.11712e+01 1.93166e-01 | 1.16578e-02 1.03707e-01 1.37190e-01 |
    474 | 9.13645e+01 1.93250e-01 | 1.16580e-02 1.03697e-01 1.37183e-01 |
    475 | 9.15578e+01 1.93338e-01 | 1.16582e-02 1.03687e-01 1.37175e-01 |
    476 | 9.17512e+01 1.93430e-01 | 1.16584e-02 1.03677e-01 1.37168e-01 |
    477 | 9.19446e+01 1.93359e-01 | 1.16585e-02 1.03668e-01 1.37160e-01 |
    478 | 9.21379e+01 1.93279e-01 | 1.16586e-02 1.03658e-01 1.37152e-01 |
    479 | 9.23311e+01 1.93203e-01 | 1.16586e-02 1.03648e-01 1.37145e-01 |
    480 | 9.25242e+01 1.93132e-01 | 1.16585e-02 1.03639e-01 1.37137e-01 |
    481 | 9.27173e+01 1.93066e-01 | 1.16583e-02 1.03629e-01 1.37129e-01 |
    482 | 9.29103e+01 1.93005e-01 | 1.16579e-02 1.03620e-01 1.37121e-01 |
    483 | 9.31032e+01 1.92948e-01 | 1.16575e-02 1.03610e-01 1.37113e-01 |
    484 | 9.32961e+01 1.92896e-01 | 1.16569e-02 1.03601e-01 1.37105e-01 |
    485 | 9.34890e+01 1.92849e-01 | 1.16561e-02 1.03591e-01 1.37097e-01 |
    486 | 9.36818e+01 1.92806e-01 | 1.16552e-02 1.03582e-01 1.37089e-01 |
    487 | 9.38746e+01 1.92769e-01 | 1.16541e-02 1.03572e-01 1.37081e-01 |
    488 | 9.40673e+01 1.92736e-01 | 1.16529e-02 1.03563e-01 1.37073e-01 |
    489 | 9.42600e+01 1.92708e-01 | 1.16515e-02 1.03553e-01 1.37065e-01 |
    490 | 9.44527e+01 1.92686e-01 | 1.16499e-02 1.03544e-01 1.37057e-01 |
    491 | 9.46454e+01 1.92668e-01 | 1.16481e-02 1.03535e-01 1.37048e-01 |
    492 | 9.48380e+01 1.92655e-01 | 1.16462e-02 1.03525e-01 1.37040e-01 |
    493 | 9.50307e+01 1.92647e-01 | 1.16441e-02 1.03516e-01 1.37032e-01 |
    494 | 9.52233e+01 1.92645e-01 | 1.16419e-02 1.03507e-01 1.37024e-01 |
    495 | 9.54159e+01 1.92647e-01 | 1.16395e-02 1.03497e-01 1.37016e-01 |
    496 | 9.56086e+01 1.92654e-01 | 1.16369e-02 1.03488e-01 1.37009e-01 |
    497 | 9.58013e+01 1.92666e-01 | 1.16343e-02 1.03479e-01 1.37001e-01 |
    498 | 9.59939e+01 1.92683e-01 | 1.16315e-02 1.03469e-01 1.36993e-01 |
    499 | 9.61867e+01 1.92704e-01 | 1.16286e-02 1.03460e-01 1.36985e-01 |
    500 | 9.63794e+01 1.92731e-01 | 1.16256e-02 1.03451e-01 1.36977e-01 |
    501 | 9.65721e+01 1.92762e-01 | 1.16226e-02 1.03441e-01 1.36970e-01 |
    502 | 9.67649e+01 1.92798e-01 | 1.16195e-02 1.03432e-01 1.36962e-01 |
    503 | 9.69578e+01 1.92839e-01 | 1.16163e-02 1.03423e-01 1.36954e-01 |
    504 | 9.71507e+01 1.92885e-01 | 1.16131e-02 1.03414e-01 1.36947e-01 |
    505 | 9.73436e+01 1.92935e-01 | 1.16099e-02 1.03405e-01 1.36939e-01 |
    506 | 9.75366e+01 1.92991e-01 | 1.16068e-02 1.03395e-01 1.36932e-01 |
    507 | 9.77296e+01 1.93051e-01 | 1.16036e-02 1.03386e-01 1.36924e-01 |
    508 | 9.79228e+01 1.93115e-01 | 1.16006e-02 1.03377e-01 1.36917e-01 |
    509 | 9.81159e+01 1.93184e-01 | 1.15975e-02 1.03368e-01 1.36910e-01 |
    510 | 9.83092e+01 1.93258e-01 | 1.15946e-02 1.03359e-01 1.36902e-01 |
    511 | 9.85025e+01 1.93336e-01 | 1.15918e-02 1.03350e-01 1.36895e-01 |
    512 | 9.86958e+01 1.93259e-01 | 1.15890e-02 1.03341e-01 1.36888e-01 |
    513 | 9.88890e+01 1.93168e-01 | 1.15865e-02 1.03332e-01 1.36880e-01 |
    514 | 9.90820e+01 1.93083e-01 | 1.15840e-02 1.03323e-01 1.36873e-01 |
    515 | 9.92750e+01 1.93001e-01 | 1.15818e-02 1.03314e-01 1.36866e-01 |
    516 | 9.94680e+01 1.92924e-01 | 1.15797e-02 1.03306e-01 1.36858e-01 |
    517 | 9.96608e+01 1.92852e-01 | 1.15777e-02 1.03297e-01 1.36851e-01 |
    518 | 9.98536e+01 1.92785e-01 | 1.15760e-02 1.03288e-01 1.36844e-01 |
    519 | 1.00000e+02 1.46392e-01 | 1.15753e-02 1.03284e-01 1.36843e-01 |
        | ----------- ----------- | ----------- ----------- ----------- |
        | ----------- ----------- | 3.58344e-02 2.97770e-01 2.79208e-01 | => l1-error norm
        | ----------- 3.53553e+00 | 1.12191e-02 6.68875e-02 4.76742e-02 | => l2-error norm
[DELETEMATRIX] !
[DELETEMATRIX] !
[DELETEMATRIX] !
[DELETEMATRIX] !
[DELETEMATRIX] !
[DELETEMATRIX] !
[DELETEMATRIX] !
[DELETEMATRIX] !
[DELETEMATRIX] !
[DELETEMATRIX] !
[DELETEMATRIX] !
[DELETEMATRIX] !
[DELETEMATRIX] !
[DELETEMATRIX] !
[DELETEMATRIX] !
[DELETEMATRIX] !
[DELETEMATRIX] !
[DELETEMATRIX] !
[DELETEMATRIX] !
[DELETEMATRIX] !
[DELETEMATRIX] !
[DELETEMATRIX] !
[DELETEMATRIX] !
[DELETEMATRIX] !
[DELETEMATRIX] !
[DELETEMATRIX] !
[DELETEMATRIX] !
[DELETEMATRIX] !
[DELETEMATRIX] !
[DELETEMATRIX] !
[DELETEMATRIX] !
[DELETEMATRIX] !
srun: Received task exit notification for 32 tasks of StepId=347289.0 (status=0x0000).
srun: hpc-fat02: tasks 0-31: Completed
