srun: defined options
srun: -------------------- --------------------
srun: (null)              : hpc-fat02
srun: cpu-bind            : cores,verbose
srun: cpus-per-task       : 1
srun: distribution        : cyclic:cyclic
srun: exact               : set
srun: jobid               : 347290
srun: job-name            : Vortex
srun: mem-per-cpu         : 4G
srun: mpi                 : pmix_v5
srun: nodes               : 1
srun: ntasks              : 32
srun: oom-kill-step       : 0
srun: tres-per-task       : cpu=1
srun: verbose             : 1
srun: -------------------- --------------------
srun: end of defined options
srun: jobid 347290: nodes(1):`hpc-fat02', cpu counts: 32(x1)
srun: CpuBindType=verbose,cores
srun: launching StepId=347290.0 on host hpc-fat02, 32 tasks: [0-31]
cpu-bind=MASK - hpc-fat02, task  0  0 [2530939]: mask 0x100000000 set
cpu-bind=MASK - hpc-fat02, task  1  1 [2530942]: mask 0x1000000000000000000000000 set
cpu-bind=MASK - hpc-fat02, task  2  2 [2530945]: mask 0x200000000 set
cpu-bind=MASK - hpc-fat02, task  3  3 [2530948]: mask 0x2000000000000000000000000 set
cpu-bind=MASK - hpc-fat02, task  4  4 [2530951]: mask 0x400000000 set
cpu-bind=MASK - hpc-fat02, task  5  5 [2530954]: mask 0x4000000000000000000000000 set
cpu-bind=MASK - hpc-fat02, task  6  6 [2530957]: mask 0x800000000 set
cpu-bind=MASK - hpc-fat02, task  7  7 [2530960]: mask 0x8000000000000000000000000 set
cpu-bind=MASK - hpc-fat02, task  8  8 [2530963]: mask 0x1000000000 set
cpu-bind=MASK - hpc-fat02, task  9  9 [2530966]: mask 0x10000000000000000000000000 set
cpu-bind=MASK - hpc-fat02, task 10 10 [2530969]: mask 0x2000000000 set
cpu-bind=MASK - hpc-fat02, task 11 11 [2530972]: mask 0x20000000000000000000000000 set
cpu-bind=MASK - hpc-fat02, task 12 12 [2530975]: mask 0x4000000000 set
cpu-bind=MASK - hpc-fat02, task 13 13 [2530978]: mask 0x40000000000000000000000000 set
cpu-bind=MASK - hpc-fat02, task 14 14 [2530981]: mask 0x8000000000 set
cpu-bind=MASK - hpc-fat02, task 15 15 [2530984]: mask 0x80000000000000000000000000 set
cpu-bind=MASK - hpc-fat02, task 16 16 [2530987]: mask 0x10000000000 set
cpu-bind=MASK - hpc-fat02, task 17 17 [2530990]: mask 0x100000000000000000000000000 set
cpu-bind=MASK - hpc-fat02, task 18 18 [2530993]: mask 0x20000000000 set
cpu-bind=MASK - hpc-fat02, task 19 19 [2530996]: mask 0x200000000000000000000000000 set
cpu-bind=MASK - hpc-fat02, task 20 20 [2530999]: mask 0x40000000000 set
cpu-bind=MASK - hpc-fat02, task 21 21 [2531002]: mask 0x400000000000000000000000000 set
cpu-bind=MASK - hpc-fat02, task 22 22 [2531004]: mask 0x80000000000 set
cpu-bind=MASK - hpc-fat02, task 23 23 [2531006]: mask 0x800000000000000000000000000 set
cpu-bind=MASK - hpc-fat02, task 24 24 [2531008]: mask 0x100000000000 set
cpu-bind=MASK - hpc-fat02, task 25 25 [2531010]: mask 0x1000000000000000000000000000 set
cpu-bind=MASK - hpc-fat02, task 26 26 [2531012]: mask 0x200000000000 set
cpu-bind=MASK - hpc-fat02, task 27 27 [2531014]: mask 0x2000000000000000000000000000 set
cpu-bind=MASK - hpc-fat02, task 28 28 [2531016]: mask 0x400000000000 set
cpu-bind=MASK - hpc-fat02, task 29 29 [2531018]: mask 0x4000000000000000000000000000 set
cpu-bind=MASK - hpc-fat02, task 30 30 [2531020]: mask 0x800000000000 set
cpu-bind=MASK - hpc-fat02, task 31 31 [2531021]: mask 0x8000000000000000000000000000 set
srun: Node hpc-fat02, 32 tasks started
Data {
  aerosol.linearsolver : PETSc
  discretisation.femtype : Lagrange
  discretisation.numericalflux : WbswLaxFriedrichs
  io.mesh_file : /gpfs/scratch/fortetenreiro/run/Vortex/msh/Vortex_3.msh
  io.mesh_format : ParaGMSH
  io.output_format : HDF5
  io.output_path : /gpfs/scratch/fortetenreiro/run/Vortex/visu/R0_M3_P3
  io.restartPath : /gpfs/scratch/fortetenreiro/run/Vortex/restart/R0_M3_P3
  io.restartPrefix : restart
  io.visutype : cells
  model.bathymetry : 1;0;ICBC
  model.manning : 1;0;ICBC;CONSTANT;0.00
  model.name : ShallowWater
  testcase.name : Vortex
  time.inittype : interpolation
  time.name : RK-4-4
  time.type : cfl
  xml_config_file : /gpfs/scratch/fortetenreiro/run/Vortex/xml/R0_M3_P3.xml
  MPI.prank : 0
  MPI.psize : 32
  aerosol.debug : 0
  discretisation.continuous : 0
  discretisation.degree : 3
  io.active : 0
  io.conservativeVariables : 3
  io.mesh_dimension : 2
  io.prepartitioning : 0
  io.redistribution : 1
  io.scalab : 0
  model.dispersion : 0
  model.g : 1
  model.h0 : 1
  time.CFL : 0.145
  time.tmax : 100
}

(0): ERROR: _PAMPAdmeshCheck: no check could be done with flag PAMPA_OVLP_NOGT enabled
(1): ERROR: _PAMPAdmeshCheck: no check could be done with flag PAMPA_OVLP_NOGT enabled
(2): ERROR: _PAMPAdmeshCheck: no check could be done with flag PAMPA_OVLP_NOGT enabled
(3): ERROR: _PAMPAdmeshCheck: no check could be done with flag PAMPA_OVLP_NOGT enabled
(4): ERROR: _PAMPAdmeshCheck: no check could be done with flag PAMPA_OVLP_NOGT enabled
(5): ERROR: _PAMPAdmeshCheck: no check could be done with flag PAMPA_OVLP_NOGT enabled
(6): ERROR: _PAMPAdmeshCheck: no check could be done with flag PAMPA_OVLP_NOGT enabled
(7): ERROR: _PAMPAdmeshCheck: no check could be done with flag PAMPA_OVLP_NOGT enabled
(8): ERROR: _PAMPAdmeshCheck: no check could be done with flag PAMPA_OVLP_NOGT enabled
(9): ERROR: _PAMPAdmeshCheck: no check could be done with flag PAMPA_OVLP_NOGT enabled
(10): ERROR: _PAMPAdmeshCheck: no check could be done with flag PAMPA_OVLP_NOGT enabled
(11): ERROR: _PAMPAdmeshCheck: no check could be done with flag PAMPA_OVLP_NOGT enabled
(12): ERROR: _PAMPAdmeshCheck: no check could be done with flag PAMPA_OVLP_NOGT enabled
(13): ERROR: _PAMPAdmeshCheck: no check could be done with flag PAMPA_OVLP_NOGT enabled
(14): ERROR: _PAMPAdmeshCheck: no check could be done with flag PAMPA_OVLP_NOGT enabled
(15): ERROR: _PAMPAdmeshCheck: no check could be done with flag PAMPA_OVLP_NOGT enabled
(16): ERROR: _PAMPAdmeshCheck: no check could be done with flag PAMPA_OVLP_NOGT enabled
(17): ERROR: _PAMPAdmeshCheck: no check could be done with flag PAMPA_OVLP_NOGT enabled
(18): ERROR: _PAMPAdmeshCheck: no check could be done with flag PAMPA_OVLP_NOGT enabled
(19): ERROR: _PAMPAdmeshCheck: no check could be done with flag PAMPA_OVLP_NOGT enabled
(20): ERROR: _PAMPAdmeshCheck: no check could be done with flag PAMPA_OVLP_NOGT enabled
(21): ERROR: _PAMPAdmeshCheck: no check could be done with flag PAMPA_OVLP_NOGT enabled
(22): ERROR: _PAMPAdmeshCheck: no check could be done with flag PAMPA_OVLP_NOGT enabled
(23): ERROR: _PAMPAdmeshCheck: no check could be done with flag PAMPA_OVLP_NOGT enabled
(24): ERROR: _PAMPAdmeshCheck: no check could be done with flag PAMPA_OVLP_NOGT enabled
(25): ERROR: _PAMPAdmeshCheck: no check could be done with flag PAMPA_OVLP_NOGT enabled
(26): ERROR: _PAMPAdmeshCheck: no check could be done with flag PAMPA_OVLP_NOGT enabled
(27): ERROR: _PAMPAdmeshCheck: no check could be done with flag PAMPA_OVLP_NOGT enabled
(28): ERROR: _PAMPAdmeshCheck: no check could be done with flag PAMPA_OVLP_NOGT enabled
(29): ERROR: _PAMPAdmeshCheck: no check could be done with flag PAMPA_OVLP_NOGT enabled
(30): ERROR: _PAMPAdmeshCheck: no check could be done with flag PAMPA_OVLP_NOGT enabled
(31): ERROR: _PAMPAdmeshCheck: no check could be done with flag PAMPA_OVLP_NOGT enabled
Calling the scheme "SWShallowWater2dWbswLaxFriedrichsPETSc".
Calling the scheme "SWShallowWater2dWbswLaxFriedrichsPETSc".
Calling the scheme "SWShallowWater2dWbswLaxFriedrichsPETSc".
Calling the scheme "SWShallowWater2dWbswLaxFriedrichsPETSc".
Calling the scheme "SWShallowWater2dWbswLaxFriedrichsPETSc".
Calling the scheme "SWShallowWater2dWbswLaxFriedrichsPETSc".
Calling the scheme "SWShallowWater2dWbswLaxFriedrichsPETSc".
Calling the scheme "SWShallowWater2dWbswLaxFriedrichsPETSc".
Calling the scheme "SWShallowWater2dWbswLaxFriedrichsPETSc".
Calling the scheme "SWShallowWater2dWbswLaxFriedrichsPETSc".
Calling the scheme "SWShallowWater2dWbswLaxFriedrichsPETSc".
Calling the scheme "SWShallowWater2dWbswLaxFriedrichsPETSc".
Calling the scheme "SWShallowWater2dWbswLaxFriedrichsPETSc".
Calling the scheme "SWShallowWater2dWbswLaxFriedrichsPETSc".
Calling the scheme "SWShallowWater2dWbswLaxFriedrichsPETSc".
Calling the scheme "SWShallowWater2dWbswLaxFriedrichsPETSc".
Calling the scheme "SWShallowWater2dWbswLaxFriedrichsPETSc".
Calling the scheme "SWShallowWater2dWbswLaxFriedrichsPETSc".
Calling the scheme "SWShallowWater2dWbswLaxFriedrichsPETSc".
Calling the scheme "SWShallowWater2dWbswLaxFriedrichsPETSc".
Calling the scheme "SWShallowWater2dWbswLaxFriedrichsPETSc".
Calling the scheme "SWShallowWater2dWbswLaxFriedrichsPETSc".
Calling the scheme "SWShallowWater2dWbswLaxFriedrichsPETSc".
Calling the scheme "SWShallowWater2dWbswLaxFriedrichsPETSc".
Calling the scheme "SWShallowWater2dWbswLaxFriedrichsPETSc".
Calling the scheme "SWShallowWater2dWbswLaxFriedrichsPETSc".
Calling the scheme "SWShallowWater2dWbswLaxFriedrichsPETSc".
Calling the scheme "SWShallowWater2dWbswLaxFriedrichsPETSc".
Calling the scheme "SWShallowWater2dWbswLaxFriedrichsPETSc".
Calling the scheme "SWShallowWater2dWbswLaxFriedrichsPETSc".
Calling the scheme "SWShallowWater2dWbswLaxFriedrichsPETSc".
Calling the scheme "SWShallowWater2dWbswLaxFriedrichsPETSc".
      1 | 1.32727e-01 1.32727e-01 | 1.38326e-02 1.08095e-01 1.39337e-01 |
      2 | 2.65442e-01 1.32715e-01 | 1.34006e-02 1.08076e-01 1.39330e-01 |
      3 | 3.98150e-01 1.32708e-01 | 1.30831e-02 1.08053e-01 1.39321e-01 |
      4 | 5.30853e-01 1.32704e-01 | 1.28500e-02 1.08030e-01 1.39310e-01 |
      5 | 6.63556e-01 1.32703e-01 | 1.27193e-02 1.08014e-01 1.39298e-01 |
      6 | 7.96257e-01 1.32701e-01 | 1.26714e-02 1.08005e-01 1.39288e-01 |
      7 | 9.28960e-01 1.32703e-01 | 1.26687e-02 1.07999e-01 1.39280e-01 |
      8 | 1.06167e+00 1.32708e-01 | 1.26788e-02 1.07995e-01 1.39273e-01 |
      9 | 1.19438e+00 1.32716e-01 | 1.26848e-02 1.07992e-01 1.39268e-01 |
     10 | 1.32711e+00 1.32727e-01 | 1.26833e-02 1.07989e-01 1.39263e-01 |
     11 | 1.45985e+00 1.32739e-01 | 1.26784e-02 1.07986e-01 1.39258e-01 |
     12 | 1.59260e+00 1.32752e-01 | 1.26742e-02 1.07985e-01 1.39254e-01 |
     13 | 1.72537e+00 1.32766e-01 | 1.26719e-02 1.07985e-01 1.39251e-01 |
     14 | 1.85815e+00 1.32780e-01 | 1.26699e-02 1.07986e-01 1.39248e-01 |
     15 | 1.99094e+00 1.32797e-01 | 1.26659e-02 1.07987e-01 1.39246e-01 |
     16 | 2.12376e+00 1.32814e-01 | 1.26586e-02 1.07988e-01 1.39244e-01 |
     17 | 2.25659e+00 1.32834e-01 | 1.26483e-02 1.07989e-01 1.39242e-01 |
     18 | 2.38945e+00 1.32856e-01 | 1.26368e-02 1.07990e-01 1.39241e-01 |
     19 | 2.52233e+00 1.32880e-01 | 1.26263e-02 1.07991e-01 1.39240e-01 |
     20 | 2.65523e+00 1.32906e-01 | 1.26185e-02 1.07992e-01 1.39238e-01 |
     21 | 2.78817e+00 1.32934e-01 | 1.26143e-02 1.07992e-01 1.39237e-01 |
     22 | 2.92113e+00 1.32964e-01 | 1.26136e-02 1.07993e-01 1.39236e-01 |
     23 | 3.05413e+00 1.32995e-01 | 1.26152e-02 1.07993e-01 1.39235e-01 |
     24 | 3.18716e+00 1.33029e-01 | 1.26179e-02 1.07993e-01 1.39234e-01 |
     25 | 3.32022e+00 1.33063e-01 | 1.26203e-02 1.07993e-01 1.39233e-01 |
     26 | 3.45332e+00 1.33099e-01 | 1.26215e-02 1.07993e-01 1.39232e-01 |
     27 | 3.58646e+00 1.33137e-01 | 1.26211e-02 1.07992e-01 1.39231e-01 |
     28 | 3.71963e+00 1.33176e-01 | 1.26190e-02 1.07992e-01 1.39230e-01 |
     29 | 3.85285e+00 1.33217e-01 | 1.26158e-02 1.07991e-01 1.39230e-01 |
     30 | 3.98611e+00 1.33260e-01 | 1.26119e-02 1.07991e-01 1.39229e-01 |
     31 | 4.11938e+00 1.33272e-01 | 1.26083e-02 1.07990e-01 1.39229e-01 |
     32 | 4.25261e+00 1.33228e-01 | 1.26054e-02 1.07989e-01 1.39228e-01 |
     33 | 4.38580e+00 1.33186e-01 | 1.26038e-02 1.07989e-01 1.39228e-01 |
     34 | 4.51894e+00 1.33146e-01 | 1.26036e-02 1.07988e-01 1.39227e-01 |
     35 | 4.65205e+00 1.33107e-01 | 1.26048e-02 1.07987e-01 1.39227e-01 |
     36 | 4.78512e+00 1.33069e-01 | 1.26071e-02 1.07985e-01 1.39226e-01 |
     37 | 4.91815e+00 1.33034e-01 | 1.26103e-02 1.07984e-01 1.39226e-01 |
     38 | 5.05115e+00 1.32999e-01 | 1.26137e-02 1.07983e-01 1.39225e-01 |
     39 | 5.18412e+00 1.32967e-01 | 1.26170e-02 1.07982e-01 1.39225e-01 |
     40 | 5.31705e+00 1.32935e-01 | 1.26198e-02 1.07981e-01 1.39224e-01 |
     41 | 5.44996e+00 1.32906e-01 | 1.26217e-02 1.07980e-01 1.39224e-01 |
     42 | 5.58284e+00 1.32878e-01 | 1.26226e-02 1.07979e-01 1.39224e-01 |
     43 | 5.71569e+00 1.32852e-01 | 1.26226e-02 1.07978e-01 1.39223e-01 |
     44 | 5.84852e+00 1.32827e-01 | 1.26217e-02 1.07977e-01 1.39223e-01 |
     45 | 5.98132e+00 1.32804e-01 | 1.26202e-02 1.07976e-01 1.39223e-01 |
     46 | 6.11410e+00 1.32783e-01 | 1.26184e-02 1.07975e-01 1.39223e-01 |
     47 | 6.24687e+00 1.32765e-01 | 1.26165e-02 1.07974e-01 1.39223e-01 |
     48 | 6.37962e+00 1.32748e-01 | 1.26147e-02 1.07973e-01 1.39223e-01 |
     49 | 6.51235e+00 1.32732e-01 | 1.26131e-02 1.07972e-01 1.39223e-01 |
     50 | 6.64507e+00 1.32719e-01 | 1.26117e-02 1.07971e-01 1.39223e-01 |
     51 | 6.77777e+00 1.32707e-01 | 1.26106e-02 1.07970e-01 1.39223e-01 |
     52 | 6.91047e+00 1.32697e-01 | 1.26096e-02 1.07969e-01 1.39223e-01 |
     53 | 7.04316e+00 1.32690e-01 | 1.26088e-02 1.07968e-01 1.39223e-01 |
     54 | 7.17584e+00 1.32684e-01 | 1.26079e-02 1.07967e-01 1.39223e-01 |
     55 | 7.30852e+00 1.32680e-01 | 1.26072e-02 1.07966e-01 1.39223e-01 |
     56 | 7.44120e+00 1.32678e-01 | 1.26064e-02 1.07965e-01 1.39223e-01 |
     57 | 7.57388e+00 1.32678e-01 | 1.26058e-02 1.07964e-01 1.39223e-01 |
     58 | 7.70656e+00 1.32679e-01 | 1.26052e-02 1.07963e-01 1.39223e-01 |
     59 | 7.83924e+00 1.32682e-01 | 1.26048e-02 1.07962e-01 1.39223e-01 |
     60 | 7.97193e+00 1.32686e-01 | 1.26044e-02 1.07961e-01 1.39223e-01 |
     61 | 8.10462e+00 1.32692e-01 | 1.26041e-02 1.07960e-01 1.39223e-01 |
     62 | 8.23732e+00 1.32700e-01 | 1.26039e-02 1.07959e-01 1.39224e-01 |
     63 | 8.37003e+00 1.32710e-01 | 1.26035e-02 1.07958e-01 1.39224e-01 |
     64 | 8.50275e+00 1.32721e-01 | 1.26031e-02 1.07957e-01 1.39224e-01 |
     65 | 8.63548e+00 1.32733e-01 | 1.26024e-02 1.07956e-01 1.39224e-01 |
     66 | 8.76823e+00 1.32748e-01 | 1.26016e-02 1.07955e-01 1.39224e-01 |
     67 | 8.90100e+00 1.32764e-01 | 1.26005e-02 1.07954e-01 1.39224e-01 |
     68 | 9.03378e+00 1.32782e-01 | 1.25992e-02 1.07953e-01 1.39224e-01 |
     69 | 9.16658e+00 1.32802e-01 | 1.25977e-02 1.07952e-01 1.39224e-01 |
     70 | 9.29940e+00 1.32824e-01 | 1.25962e-02 1.07951e-01 1.39224e-01 |
     71 | 9.43225e+00 1.32847e-01 | 1.25947e-02 1.07951e-01 1.39224e-01 |
     72 | 9.56512e+00 1.32873e-01 | 1.25933e-02 1.07950e-01 1.39224e-01 |
     73 | 9.69802e+00 1.32900e-01 | 1.25921e-02 1.07949e-01 1.39224e-01 |
     74 | 9.83095e+00 1.32929e-01 | 1.25910e-02 1.07948e-01 1.39224e-01 |
     75 | 9.96391e+00 1.32959e-01 | 1.25901e-02 1.07948e-01 1.39224e-01 |
     76 | 1.00969e+01 1.32992e-01 | 1.25893e-02 1.07947e-01 1.39223e-01 |
     77 | 1.02299e+01 1.33026e-01 | 1.25887e-02 1.07946e-01 1.39223e-01 |
     78 | 1.03630e+01 1.33062e-01 | 1.25882e-02 1.07946e-01 1.39223e-01 |
     79 | 1.04961e+01 1.33099e-01 | 1.25877e-02 1.07945e-01 1.39223e-01 |
     80 | 1.06292e+01 1.33138e-01 | 1.25872e-02 1.07944e-01 1.39223e-01 |
     81 | 1.07624e+01 1.33179e-01 | 1.25868e-02 1.07944e-01 1.39223e-01 |
     82 | 1.08956e+01 1.33221e-01 | 1.25862e-02 1.07943e-01 1.39223e-01 |
     83 | 1.10289e+01 1.33265e-01 | 1.25857e-02 1.07942e-01 1.39223e-01 |
     84 | 1.11622e+01 1.33310e-01 | 1.25850e-02 1.07942e-01 1.39223e-01 |
     85 | 1.12956e+01 1.33357e-01 | 1.25844e-02 1.07941e-01 1.39223e-01 |
     86 | 1.14290e+01 1.33406e-01 | 1.25837e-02 1.07941e-01 1.39223e-01 |
     87 | 1.15624e+01 1.33455e-01 | 1.25830e-02 1.07940e-01 1.39223e-01 |
     88 | 1.16959e+01 1.33437e-01 | 1.25823e-02 1.07940e-01 1.39223e-01 |
     89 | 1.18293e+01 1.33416e-01 | 1.25817e-02 1.07940e-01 1.39223e-01 |
     90 | 1.19627e+01 1.33397e-01 | 1.25812e-02 1.07939e-01 1.39222e-01 |
     91 | 1.20961e+01 1.33380e-01 | 1.25808e-02 1.07939e-01 1.39222e-01 |
     92 | 1.22294e+01 1.33364e-01 | 1.25804e-02 1.07938e-01 1.39222e-01 |
     93 | 1.23628e+01 1.33351e-01 | 1.25801e-02 1.07938e-01 1.39222e-01 |
     94 | 1.24961e+01 1.33339e-01 | 1.25798e-02 1.07938e-01 1.39222e-01 |
     95 | 1.26294e+01 1.33328e-01 | 1.25796e-02 1.07937e-01 1.39222e-01 |
     96 | 1.27628e+01 1.33320e-01 | 1.25794e-02 1.07937e-01 1.39222e-01 |
     97 | 1.28961e+01 1.33313e-01 | 1.25793e-02 1.07937e-01 1.39221e-01 |
     98 | 1.30294e+01 1.33308e-01 | 1.25792e-02 1.07937e-01 1.39221e-01 |
     99 | 1.31627e+01 1.33304e-01 | 1.25791e-02 1.07937e-01 1.39221e-01 |
    100 | 1.32960e+01 1.33303e-01 | 1.25790e-02 1.07936e-01 1.39221e-01 |
    101 | 1.34293e+01 1.33273e-01 | 1.25790e-02 1.07936e-01 1.39221e-01 |
    102 | 1.35625e+01 1.33242e-01 | 1.25790e-02 1.07936e-01 1.39220e-01 |
    103 | 1.36957e+01 1.33213e-01 | 1.25789e-02 1.07936e-01 1.39220e-01 |
    104 | 1.38289e+01 1.33185e-01 | 1.25789e-02 1.07936e-01 1.39220e-01 |
    105 | 1.39621e+01 1.33159e-01 | 1.25789e-02 1.07936e-01 1.39220e-01 |
    106 | 1.40952e+01 1.33135e-01 | 1.25788e-02 1.07936e-01 1.39219e-01 |
    107 | 1.42283e+01 1.33112e-01 | 1.25788e-02 1.07936e-01 1.39219e-01 |
    108 | 1.43614e+01 1.33091e-01 | 1.25787e-02 1.07936e-01 1.39219e-01 |
    109 | 1.44945e+01 1.33072e-01 | 1.25787e-02 1.07936e-01 1.39218e-01 |
    110 | 1.46275e+01 1.33054e-01 | 1.25786e-02 1.07936e-01 1.39218e-01 |
    111 | 1.47606e+01 1.33038e-01 | 1.25786e-02 1.07936e-01 1.39218e-01 |
    112 | 1.48936e+01 1.33024e-01 | 1.25785e-02 1.07937e-01 1.39217e-01 |
    113 | 1.50266e+01 1.33012e-01 | 1.25785e-02 1.07937e-01 1.39217e-01 |
    114 | 1.51596e+01 1.33002e-01 | 1.25784e-02 1.07937e-01 1.39216e-01 |
    115 | 1.52926e+01 1.32993e-01 | 1.25784e-02 1.07937e-01 1.39216e-01 |
    116 | 1.54256e+01 1.32986e-01 | 1.25784e-02 1.07937e-01 1.39216e-01 |
    117 | 1.55586e+01 1.32981e-01 | 1.25783e-02 1.07937e-01 1.39215e-01 |
    118 | 1.56915e+01 1.32978e-01 | 1.25783e-02 1.07938e-01 1.39215e-01 |
    119 | 1.58245e+01 1.32976e-01 | 1.25782e-02 1.07938e-01 1.39214e-01 |
    120 | 1.59575e+01 1.32976e-01 | 1.25781e-02 1.07938e-01 1.39214e-01 |
    121 | 1.60905e+01 1.32978e-01 | 1.25781e-02 1.07938e-01 1.39213e-01 |
    122 | 1.62234e+01 1.32982e-01 | 1.25780e-02 1.07938e-01 1.39213e-01 |
    123 | 1.63564e+01 1.32988e-01 | 1.25778e-02 1.07939e-01 1.39212e-01 |
    124 | 1.64894e+01 1.32995e-01 | 1.25777e-02 1.07939e-01 1.39212e-01 |
    125 | 1.66224e+01 1.33005e-01 | 1.25776e-02 1.07939e-01 1.39211e-01 |
    126 | 1.67554e+01 1.33016e-01 | 1.25775e-02 1.07939e-01 1.39211e-01 |
    127 | 1.68885e+01 1.33029e-01 | 1.25773e-02 1.07939e-01 1.39210e-01 |
    128 | 1.70215e+01 1.33043e-01 | 1.25772e-02 1.07940e-01 1.39210e-01 |
    129 | 1.71546e+01 1.33060e-01 | 1.25770e-02 1.07940e-01 1.39209e-01 |
    130 | 1.72877e+01 1.33078e-01 | 1.25768e-02 1.07940e-01 1.39209e-01 |
    131 | 1.74208e+01 1.33098e-01 | 1.25765e-02 1.07940e-01 1.39208e-01 |
    132 | 1.75539e+01 1.33119e-01 | 1.25763e-02 1.07940e-01 1.39207e-01 |
    133 | 1.76870e+01 1.33143e-01 | 1.25760e-02 1.07941e-01 1.39207e-01 |
    134 | 1.78202e+01 1.33168e-01 | 1.25758e-02 1.07941e-01 1.39206e-01 |
    135 | 1.79534e+01 1.33194e-01 | 1.25755e-02 1.07941e-01 1.39206e-01 |
    136 | 1.80866e+01 1.33223e-01 | 1.25752e-02 1.07941e-01 1.39205e-01 |
    137 | 1.82199e+01 1.33252e-01 | 1.25748e-02 1.07941e-01 1.39205e-01 |
    138 | 1.83531e+01 1.33284e-01 | 1.25745e-02 1.07942e-01 1.39204e-01 |
    139 | 1.84864e+01 1.33258e-01 | 1.25741e-02 1.07942e-01 1.39204e-01 |
    140 | 1.86196e+01 1.33222e-01 | 1.25737e-02 1.07942e-01 1.39203e-01 |
    141 | 1.87528e+01 1.33188e-01 | 1.25733e-02 1.07942e-01 1.39203e-01 |
    142 | 1.88860e+01 1.33155e-01 | 1.25729e-02 1.07942e-01 1.39202e-01 |
    143 | 1.90191e+01 1.33124e-01 | 1.25725e-02 1.07942e-01 1.39202e-01 |
    144 | 1.91522e+01 1.33095e-01 | 1.25721e-02 1.07942e-01 1.39201e-01 |
    145 | 1.92852e+01 1.33067e-01 | 1.25716e-02 1.07942e-01 1.39201e-01 |
    146 | 1.94183e+01 1.33041e-01 | 1.25712e-02 1.07943e-01 1.39200e-01 |
    147 | 1.95513e+01 1.33017e-01 | 1.25708e-02 1.07943e-01 1.39200e-01 |
    148 | 1.96843e+01 1.32995e-01 | 1.25703e-02 1.07943e-01 1.39200e-01 |
    149 | 1.98173e+01 1.32974e-01 | 1.25699e-02 1.07943e-01 1.39199e-01 |
    150 | 1.99502e+01 1.32954e-01 | 1.25695e-02 1.07943e-01 1.39199e-01 |
    151 | 2.00832e+01 1.32937e-01 | 1.25691e-02 1.07943e-01 1.39198e-01 |
    152 | 2.02161e+01 1.32921e-01 | 1.25687e-02 1.07943e-01 1.39198e-01 |
    153 | 2.03490e+01 1.32907e-01 | 1.25683e-02 1.07943e-01 1.39198e-01 |
    154 | 2.04819e+01 1.32894e-01 | 1.25679e-02 1.07943e-01 1.39197e-01 |
    155 | 2.06148e+01 1.32884e-01 | 1.25675e-02 1.07943e-01 1.39197e-01 |
    156 | 2.07476e+01 1.32875e-01 | 1.25671e-02 1.07942e-01 1.39197e-01 |
    157 | 2.08805e+01 1.32867e-01 | 1.25667e-02 1.07942e-01 1.39197e-01 |
    158 | 2.10134e+01 1.32862e-01 | 1.25664e-02 1.07942e-01 1.39196e-01 |
    159 | 2.11462e+01 1.32858e-01 | 1.25661e-02 1.07942e-01 1.39196e-01 |
    160 | 2.12791e+01 1.32856e-01 | 1.25657e-02 1.07942e-01 1.39196e-01 |
    161 | 2.14119e+01 1.32856e-01 | 1.25654e-02 1.07942e-01 1.39196e-01 |
    162 | 2.15448e+01 1.32857e-01 | 1.25652e-02 1.07942e-01 1.39196e-01 |
    163 | 2.16777e+01 1.32860e-01 | 1.25649e-02 1.07942e-01 1.39195e-01 |
    164 | 2.18105e+01 1.32865e-01 | 1.25647e-02 1.07941e-01 1.39195e-01 |
    165 | 2.19434e+01 1.32872e-01 | 1.25644e-02 1.07941e-01 1.39195e-01 |
    166 | 2.20763e+01 1.32880e-01 | 1.25642e-02 1.07941e-01 1.39195e-01 |
    167 | 2.22092e+01 1.32890e-01 | 1.25641e-02 1.07941e-01 1.39195e-01 |
    168 | 2.23421e+01 1.32902e-01 | 1.25639e-02 1.07941e-01 1.39195e-01 |
    169 | 2.24750e+01 1.32915e-01 | 1.25638e-02 1.07941e-01 1.39195e-01 |
    170 | 2.26079e+01 1.32930e-01 | 1.25637e-02 1.07940e-01 1.39195e-01 |
    171 | 2.27409e+01 1.32947e-01 | 1.25636e-02 1.07940e-01 1.39195e-01 |
    172 | 2.28738e+01 1.32966e-01 | 1.25635e-02 1.07940e-01 1.39195e-01 |
    173 | 2.30068e+01 1.32986e-01 | 1.25635e-02 1.07940e-01 1.39195e-01 |
    174 | 2.31398e+01 1.33008e-01 | 1.25634e-02 1.07940e-01 1.39195e-01 |
    175 | 2.32729e+01 1.33031e-01 | 1.25634e-02 1.07939e-01 1.39195e-01 |
    176 | 2.34059e+01 1.33057e-01 | 1.25634e-02 1.07939e-01 1.39195e-01 |
    177 | 2.35390e+01 1.33060e-01 | 1.25635e-02 1.07939e-01 1.39195e-01 |
    178 | 2.36720e+01 1.33063e-01 | 1.25635e-02 1.07939e-01 1.39195e-01 |
    179 | 2.38051e+01 1.33068e-01 | 1.25636e-02 1.07938e-01 1.39195e-01 |
    180 | 2.39382e+01 1.33075e-01 | 1.25637e-02 1.07938e-01 1.39195e-01 |
    181 | 2.40713e+01 1.33083e-01 | 1.25637e-02 1.07938e-01 1.39195e-01 |
    182 | 2.42044e+01 1.33094e-01 | 1.25639e-02 1.07938e-01 1.39195e-01 |
    183 | 2.43375e+01 1.33106e-01 | 1.25640e-02 1.07937e-01 1.39195e-01 |
    184 | 2.44706e+01 1.33120e-01 | 1.25641e-02 1.07937e-01 1.39195e-01 |
    185 | 2.46037e+01 1.33136e-01 | 1.25642e-02 1.07937e-01 1.39195e-01 |
    186 | 2.47369e+01 1.33154e-01 | 1.25644e-02 1.07937e-01 1.39195e-01 |
    187 | 2.48700e+01 1.33173e-01 | 1.25645e-02 1.07936e-01 1.39195e-01 |
    188 | 2.50032e+01 1.33195e-01 | 1.25647e-02 1.07936e-01 1.39195e-01 |
    189 | 2.51365e+01 1.33218e-01 | 1.25648e-02 1.07936e-01 1.39195e-01 |
    190 | 2.52697e+01 1.33242e-01 | 1.25650e-02 1.07936e-01 1.39194e-01 |
    191 | 2.54030e+01 1.33269e-01 | 1.25652e-02 1.07935e-01 1.39194e-01 |
    192 | 2.55363e+01 1.33297e-01 | 1.25653e-02 1.07935e-01 1.39194e-01 |
    193 | 2.56696e+01 1.33327e-01 | 1.25655e-02 1.07935e-01 1.39194e-01 |
    194 | 2.58029e+01 1.33324e-01 | 1.25657e-02 1.07935e-01 1.39194e-01 |
    195 | 2.59362e+01 1.33290e-01 | 1.25658e-02 1.07934e-01 1.39194e-01 |
    196 | 2.60695e+01 1.33258e-01 | 1.25660e-02 1.07934e-01 1.39194e-01 |
    197 | 2.62027e+01 1.33227e-01 | 1.25661e-02 1.07934e-01 1.39194e-01 |
    198 | 2.63359e+01 1.33198e-01 | 1.25662e-02 1.07934e-01 1.39194e-01 |
    199 | 2.64691e+01 1.33171e-01 | 1.25663e-02 1.07934e-01 1.39194e-01 |
    200 | 2.66022e+01 1.33145e-01 | 1.25664e-02 1.07933e-01 1.39194e-01 |
    201 | 2.67353e+01 1.33121e-01 | 1.25665e-02 1.07933e-01 1.39194e-01 |
    202 | 2.68684e+01 1.33099e-01 | 1.25666e-02 1.07933e-01 1.39194e-01 |
    203 | 2.70015e+01 1.33078e-01 | 1.25667e-02 1.07933e-01 1.39193e-01 |
    204 | 2.71346e+01 1.33059e-01 | 1.25668e-02 1.07932e-01 1.39193e-01 |
    205 | 2.72676e+01 1.33041e-01 | 1.25668e-02 1.07932e-01 1.39193e-01 |
    206 | 2.74006e+01 1.33026e-01 | 1.25668e-02 1.07932e-01 1.39193e-01 |
    207 | 2.75336e+01 1.33012e-01 | 1.25668e-02 1.07932e-01 1.39193e-01 |
    208 | 2.76666e+01 1.32999e-01 | 1.25668e-02 1.07932e-01 1.39192e-01 |
    209 | 2.77996e+01 1.32988e-01 | 1.25668e-02 1.07931e-01 1.39192e-01 |
    210 | 2.79326e+01 1.32979e-01 | 1.25667e-02 1.07931e-01 1.39192e-01 |
    211 | 2.80656e+01 1.32972e-01 | 1.25667e-02 1.07931e-01 1.39192e-01 |
    212 | 2.81985e+01 1.32967e-01 | 1.25666e-02 1.07931e-01 1.39192e-01 |
    213 | 2.83315e+01 1.32963e-01 | 1.25665e-02 1.07931e-01 1.39191e-01 |
    214 | 2.84645e+01 1.32960e-01 | 1.25664e-02 1.07931e-01 1.39191e-01 |
    215 | 2.85974e+01 1.32960e-01 | 1.25662e-02 1.07930e-01 1.39191e-01 |
    216 | 2.87304e+01 1.32961e-01 | 1.25660e-02 1.07930e-01 1.39191e-01 |
    217 | 2.88634e+01 1.32964e-01 | 1.25659e-02 1.07930e-01 1.39190e-01 |
    218 | 2.89963e+01 1.32969e-01 | 1.25657e-02 1.07930e-01 1.39190e-01 |
    219 | 2.91293e+01 1.32975e-01 | 1.25654e-02 1.07930e-01 1.39190e-01 |
    220 | 2.92623e+01 1.32983e-01 | 1.25652e-02 1.07930e-01 1.39189e-01 |
    221 | 2.93953e+01 1.32976e-01 | 1.25649e-02 1.07929e-01 1.39189e-01 |
    222 | 2.95282e+01 1.32965e-01 | 1.25646e-02 1.07929e-01 1.39189e-01 |
    223 | 2.96612e+01 1.32956e-01 | 1.25643e-02 1.07929e-01 1.39189e-01 |
    224 | 2.97941e+01 1.32948e-01 | 1.25640e-02 1.07929e-01 1.39188e-01 |
    225 | 2.99271e+01 1.32942e-01 | 1.25637e-02 1.07929e-01 1.39188e-01 |
    226 | 3.00600e+01 1.32938e-01 | 1.25633e-02 1.07929e-01 1.39188e-01 |
    227 | 3.01929e+01 1.32936e-01 | 1.25630e-02 1.07929e-01 1.39187e-01 |
    228 | 3.03259e+01 1.32935e-01 | 1.25626e-02 1.07928e-01 1.39187e-01 |
    229 | 3.04588e+01 1.32937e-01 | 1.25622e-02 1.07928e-01 1.39187e-01 |
    230 | 3.05918e+01 1.32940e-01 | 1.25618e-02 1.07928e-01 1.39187e-01 |
    231 | 3.07247e+01 1.32945e-01 | 1.25614e-02 1.07928e-01 1.39186e-01 |
    232 | 3.08577e+01 1.32952e-01 | 1.25610e-02 1.07928e-01 1.39186e-01 |
    233 | 3.09906e+01 1.32961e-01 | 1.25605e-02 1.07928e-01 1.39186e-01 |
    234 | 3.11236e+01 1.32971e-01 | 1.25601e-02 1.07927e-01 1.39185e-01 |
    235 | 3.12566e+01 1.32984e-01 | 1.25597e-02 1.07927e-01 1.39185e-01 |
    236 | 3.13896e+01 1.32998e-01 | 1.25592e-02 1.07927e-01 1.39185e-01 |
    237 | 3.15226e+01 1.33013e-01 | 1.25588e-02 1.07927e-01 1.39185e-01 |
    238 | 3.16556e+01 1.33031e-01 | 1.25584e-02 1.07927e-01 1.39185e-01 |
    239 | 3.17887e+01 1.33050e-01 | 1.25579e-02 1.07926e-01 1.39184e-01 |
    240 | 3.19217e+01 1.33071e-01 | 1.25575e-02 1.07926e-01 1.39184e-01 |
    241 | 3.20548e+01 1.33094e-01 | 1.25570e-02 1.07926e-01 1.39184e-01 |
    242 | 3.21879e+01 1.33118e-01 | 1.25566e-02 1.07926e-01 1.39184e-01 |
    243 | 3.23211e+01 1.33145e-01 | 1.25562e-02 1.07926e-01 1.39184e-01 |
    244 | 3.24543e+01 1.33172e-01 | 1.25558e-02 1.07925e-01 1.39183e-01 |
    245 | 3.25875e+01 1.33202e-01 | 1.25554e-02 1.07925e-01 1.39183e-01 |
    246 | 3.27207e+01 1.33233e-01 | 1.25550e-02 1.07925e-01 1.39183e-01 |
    247 | 3.28540e+01 1.33266e-01 | 1.25546e-02 1.07925e-01 1.39183e-01 |
    248 | 3.29872e+01 1.33253e-01 | 1.25542e-02 1.07924e-01 1.39183e-01 |
    249 | 3.31204e+01 1.33216e-01 | 1.25539e-02 1.07924e-01 1.39183e-01 |
    250 | 3.32536e+01 1.33180e-01 | 1.25535e-02 1.07924e-01 1.39183e-01 |
    251 | 3.33868e+01 1.33146e-01 | 1.25532e-02 1.07924e-01 1.39183e-01 |
    252 | 3.35199e+01 1.33113e-01 | 1.25529e-02 1.07923e-01 1.39183e-01 |
    253 | 3.36529e+01 1.33082e-01 | 1.25526e-02 1.07923e-01 1.39183e-01 |
    254 | 3.37860e+01 1.33053e-01 | 1.25523e-02 1.07923e-01 1.39183e-01 |
    255 | 3.39190e+01 1.33025e-01 | 1.25521e-02 1.07923e-01 1.39183e-01 |
    256 | 3.40520e+01 1.32999e-01 | 1.25519e-02 1.07922e-01 1.39182e-01 |
    257 | 3.41850e+01 1.32975e-01 | 1.25516e-02 1.07922e-01 1.39182e-01 |
    258 | 3.43180e+01 1.32953e-01 | 1.25515e-02 1.07922e-01 1.39182e-01 |
    259 | 3.44509e+01 1.32932e-01 | 1.25513e-02 1.07921e-01 1.39182e-01 |
    260 | 3.45838e+01 1.32913e-01 | 1.25511e-02 1.07921e-01 1.39182e-01 |
    261 | 3.47167e+01 1.32895e-01 | 1.25510e-02 1.07921e-01 1.39183e-01 |
    262 | 3.48496e+01 1.32880e-01 | 1.25509e-02 1.07920e-01 1.39183e-01 |
    263 | 3.49824e+01 1.32866e-01 | 1.25508e-02 1.07920e-01 1.39183e-01 |
    264 | 3.51153e+01 1.32854e-01 | 1.25508e-02 1.07920e-01 1.39183e-01 |
    265 | 3.52481e+01 1.32844e-01 | 1.25508e-02 1.07919e-01 1.39183e-01 |
    266 | 3.53810e+01 1.32835e-01 | 1.25507e-02 1.07919e-01 1.39183e-01 |
    267 | 3.55138e+01 1.32829e-01 | 1.25507e-02 1.07919e-01 1.39183e-01 |
    268 | 3.56466e+01 1.32824e-01 | 1.25508e-02 1.07918e-01 1.39183e-01 |
    269 | 3.57794e+01 1.32820e-01 | 1.25508e-02 1.07918e-01 1.39183e-01 |
    270 | 3.59123e+01 1.32819e-01 | 1.25509e-02 1.07918e-01 1.39183e-01 |
    271 | 3.60451e+01 1.32819e-01 | 1.25510e-02 1.07917e-01 1.39183e-01 |
    272 | 3.61779e+01 1.32822e-01 | 1.25511e-02 1.07917e-01 1.39183e-01 |
    273 | 3.63107e+01 1.32825e-01 | 1.25512e-02 1.07917e-01 1.39183e-01 |
    274 | 3.64436e+01 1.32831e-01 | 1.25513e-02 1.07917e-01 1.39183e-01 |
    275 | 3.65764e+01 1.32839e-01 | 1.25515e-02 1.07916e-01 1.39183e-01 |
    276 | 3.67092e+01 1.32848e-01 | 1.25516e-02 1.07916e-01 1.39183e-01 |
    277 | 3.68421e+01 1.32859e-01 | 1.25518e-02 1.07916e-01 1.39183e-01 |
    278 | 3.69750e+01 1.32871e-01 | 1.25520e-02 1.07915e-01 1.39183e-01 |
    279 | 3.71079e+01 1.32886e-01 | 1.25521e-02 1.07915e-01 1.39183e-01 |
    280 | 3.72408e+01 1.32902e-01 | 1.25523e-02 1.07915e-01 1.39183e-01 |
    281 | 3.73737e+01 1.32920e-01 | 1.25525e-02 1.07914e-01 1.39183e-01 |
    282 | 3.75066e+01 1.32940e-01 | 1.25527e-02 1.07914e-01 1.39183e-01 |
    283 | 3.76396e+01 1.32961e-01 | 1.25529e-02 1.07914e-01 1.39183e-01 |
    284 | 3.77726e+01 1.32984e-01 | 1.25531e-02 1.07914e-01 1.39183e-01 |
    285 | 3.79056e+01 1.33009e-01 | 1.25533e-02 1.07913e-01 1.39183e-01 |
    286 | 3.80386e+01 1.33035e-01 | 1.25534e-02 1.07913e-01 1.39183e-01 |
    287 | 3.81717e+01 1.33063e-01 | 1.25536e-02 1.07913e-01 1.39183e-01 |
    288 | 3.83048e+01 1.33093e-01 | 1.25538e-02 1.07912e-01 1.39183e-01 |
    289 | 3.84379e+01 1.33125e-01 | 1.25539e-02 1.07912e-01 1.39182e-01 |
    290 | 3.85711e+01 1.33158e-01 | 1.25540e-02 1.07912e-01 1.39182e-01 |
    291 | 3.87042e+01 1.33192e-01 | 1.25542e-02 1.07912e-01 1.39182e-01 |
    292 | 3.88375e+01 1.33229e-01 | 1.25543e-02 1.07911e-01 1.39182e-01 |
    293 | 3.89707e+01 1.33266e-01 | 1.25544e-02 1.07911e-01 1.39182e-01 |
    294 | 3.91040e+01 1.33306e-01 | 1.25545e-02 1.07911e-01 1.39182e-01 |
    295 | 3.92374e+01 1.33347e-01 | 1.25545e-02 1.07911e-01 1.39182e-01 |
    296 | 3.93708e+01 1.33389e-01 | 1.25545e-02 1.07911e-01 1.39181e-01 |
    297 | 3.95042e+01 1.33434e-01 | 1.25546e-02 1.07910e-01 1.39181e-01 |
    298 | 3.96377e+01 1.33479e-01 | 1.25546e-02 1.07910e-01 1.39181e-01 |
    299 | 3.97712e+01 1.33515e-01 | 1.25545e-02 1.07910e-01 1.39181e-01 |
    300 | 3.99047e+01 1.33475e-01 | 1.25545e-02 1.07910e-01 1.39181e-01 |
    301 | 4.00381e+01 1.33437e-01 | 1.25544e-02 1.07909e-01 1.39180e-01 |
    302 | 4.01715e+01 1.33401e-01 | 1.25543e-02 1.07909e-01 1.39180e-01 |
    303 | 4.03049e+01 1.33355e-01 | 1.25542e-02 1.07909e-01 1.39180e-01 |
    304 | 4.04382e+01 1.33309e-01 | 1.25540e-02 1.07909e-01 1.39179e-01 |
    305 | 4.05715e+01 1.33265e-01 | 1.25538e-02 1.07909e-01 1.39179e-01 |
    306 | 4.07047e+01 1.33222e-01 | 1.25536e-02 1.07909e-01 1.39179e-01 |
    307 | 4.08379e+01 1.33181e-01 | 1.25534e-02 1.07908e-01 1.39179e-01 |
    308 | 4.09710e+01 1.33141e-01 | 1.25531e-02 1.07908e-01 1.39178e-01 |
    309 | 4.11041e+01 1.33103e-01 | 1.25529e-02 1.07908e-01 1.39178e-01 |
    310 | 4.12372e+01 1.33067e-01 | 1.25526e-02 1.07908e-01 1.39178e-01 |
    311 | 4.13702e+01 1.33032e-01 | 1.25523e-02 1.07908e-01 1.39178e-01 |
    312 | 4.15032e+01 1.32999e-01 | 1.25519e-02 1.07908e-01 1.39177e-01 |
    313 | 4.16362e+01 1.32968e-01 | 1.25516e-02 1.07907e-01 1.39177e-01 |
    314 | 4.17691e+01 1.32938e-01 | 1.25512e-02 1.07907e-01 1.39177e-01 |
    315 | 4.19020e+01 1.32910e-01 | 1.25508e-02 1.07907e-01 1.39176e-01 |
    316 | 4.20349e+01 1.32884e-01 | 1.25504e-02 1.07907e-01 1.39176e-01 |
    317 | 4.21678e+01 1.32859e-01 | 1.25500e-02 1.07907e-01 1.39176e-01 |
    318 | 4.23006e+01 1.32837e-01 | 1.25496e-02 1.07907e-01 1.39176e-01 |
    319 | 4.24334e+01 1.32816e-01 | 1.25491e-02 1.07906e-01 1.39175e-01 |
    320 | 4.25662e+01 1.32796e-01 | 1.25487e-02 1.07906e-01 1.39175e-01 |
    321 | 4.26990e+01 1.32779e-01 | 1.25482e-02 1.07906e-01 1.39175e-01 |
    322 | 4.28317e+01 1.32763e-01 | 1.25478e-02 1.07906e-01 1.39175e-01 |
    323 | 4.29645e+01 1.32749e-01 | 1.25473e-02 1.07906e-01 1.39175e-01 |
    324 | 4.30972e+01 1.32736e-01 | 1.25469e-02 1.07906e-01 1.39174e-01 |
    325 | 4.32300e+01 1.32726e-01 | 1.25464e-02 1.07905e-01 1.39174e-01 |
    326 | 4.33627e+01 1.32717e-01 | 1.25460e-02 1.07905e-01 1.39174e-01 |
    327 | 4.34954e+01 1.32710e-01 | 1.25455e-02 1.07905e-01 1.39174e-01 |
    328 | 4.36281e+01 1.32705e-01 | 1.25451e-02 1.07905e-01 1.39174e-01 |
    329 | 4.37608e+01 1.32701e-01 | 1.25446e-02 1.07905e-01 1.39174e-01 |
    330 | 4.38935e+01 1.32699e-01 | 1.25442e-02 1.07904e-01 1.39174e-01 |
    331 | 4.40262e+01 1.32699e-01 | 1.25438e-02 1.07904e-01 1.39173e-01 |
    332 | 4.41589e+01 1.32701e-01 | 1.25434e-02 1.07904e-01 1.39173e-01 |
    333 | 4.42916e+01 1.32704e-01 | 1.25430e-02 1.07904e-01 1.39173e-01 |
    334 | 4.44243e+01 1.32709e-01 | 1.25426e-02 1.07904e-01 1.39173e-01 |
    335 | 4.45570e+01 1.32716e-01 | 1.25423e-02 1.07903e-01 1.39173e-01 |
    336 | 4.46897e+01 1.32725e-01 | 1.25419e-02 1.07903e-01 1.39173e-01 |
    337 | 4.48225e+01 1.32735e-01 | 1.25416e-02 1.07903e-01 1.39173e-01 |
    338 | 4.49552e+01 1.32747e-01 | 1.25413e-02 1.07903e-01 1.39173e-01 |
    339 | 4.50880e+01 1.32761e-01 | 1.25410e-02 1.07902e-01 1.39173e-01 |
    340 | 4.52208e+01 1.32777e-01 | 1.25407e-02 1.07902e-01 1.39173e-01 |
    341 | 4.53536e+01 1.32794e-01 | 1.25405e-02 1.07902e-01 1.39173e-01 |
    342 | 4.54864e+01 1.32813e-01 | 1.25402e-02 1.07902e-01 1.39173e-01 |
    343 | 4.56192e+01 1.32833e-01 | 1.25400e-02 1.07901e-01 1.39173e-01 |
    344 | 4.57521e+01 1.32856e-01 | 1.25398e-02 1.07901e-01 1.39173e-01 |
    345 | 4.58849e+01 1.32880e-01 | 1.25397e-02 1.07901e-01 1.39173e-01 |
    346 | 4.60178e+01 1.32905e-01 | 1.25395e-02 1.07900e-01 1.39173e-01 |
    347 | 4.61508e+01 1.32933e-01 | 1.25394e-02 1.07900e-01 1.39173e-01 |
    348 | 4.62837e+01 1.32962e-01 | 1.25392e-02 1.07900e-01 1.39173e-01 |
    349 | 4.64167e+01 1.32992e-01 | 1.25391e-02 1.07899e-01 1.39174e-01 |
    350 | 4.65498e+01 1.33024e-01 | 1.25391e-02 1.07899e-01 1.39174e-01 |
    351 | 4.66828e+01 1.33058e-01 | 1.25390e-02 1.07899e-01 1.39174e-01 |
    352 | 4.68159e+01 1.33094e-01 | 1.25389e-02 1.07899e-01 1.39174e-01 |
    353 | 4.69490e+01 1.33131e-01 | 1.25389e-02 1.07898e-01 1.39174e-01 |
    354 | 4.70822e+01 1.33169e-01 | 1.25389e-02 1.07898e-01 1.39174e-01 |
    355 | 4.72154e+01 1.33209e-01 | 1.25389e-02 1.07898e-01 1.39174e-01 |
    356 | 4.73487e+01 1.33251e-01 | 1.25389e-02 1.07897e-01 1.39174e-01 |
    357 | 4.74820e+01 1.33294e-01 | 1.25389e-02 1.07897e-01 1.39174e-01 |
    358 | 4.76153e+01 1.33309e-01 | 1.25389e-02 1.07897e-01 1.39174e-01 |
    359 | 4.77485e+01 1.33265e-01 | 1.25390e-02 1.07896e-01 1.39174e-01 |
    360 | 4.78818e+01 1.33223e-01 | 1.25390e-02 1.07896e-01 1.39174e-01 |
    361 | 4.80149e+01 1.33182e-01 | 1.25391e-02 1.07896e-01 1.39174e-01 |
    362 | 4.81481e+01 1.33143e-01 | 1.25391e-02 1.07895e-01 1.39174e-01 |
    363 | 4.82812e+01 1.33105e-01 | 1.25392e-02 1.07895e-01 1.39175e-01 |
    364 | 4.84143e+01 1.33069e-01 | 1.25393e-02 1.07894e-01 1.39175e-01 |
    365 | 4.85473e+01 1.33035e-01 | 1.25394e-02 1.07894e-01 1.39175e-01 |
    366 | 4.86803e+01 1.33002e-01 | 1.25394e-02 1.07894e-01 1.39175e-01 |
    367 | 4.88133e+01 1.32971e-01 | 1.25395e-02 1.07893e-01 1.39175e-01 |
    368 | 4.89462e+01 1.32941e-01 | 1.25396e-02 1.07893e-01 1.39175e-01 |
    369 | 4.90791e+01 1.32914e-01 | 1.25396e-02 1.07893e-01 1.39175e-01 |
    370 | 4.92120e+01 1.32888e-01 | 1.25397e-02 1.07892e-01 1.39175e-01 |
    371 | 4.93449e+01 1.32863e-01 | 1.25398e-02 1.07892e-01 1.39175e-01 |
    372 | 4.94777e+01 1.32840e-01 | 1.25398e-02 1.07892e-01 1.39175e-01 |
    373 | 4.96105e+01 1.32819e-01 | 1.25399e-02 1.07891e-01 1.39175e-01 |
    374 | 4.97433e+01 1.32800e-01 | 1.25399e-02 1.07891e-01 1.39174e-01 |
    375 | 4.98761e+01 1.32783e-01 | 1.25399e-02 1.07891e-01 1.39174e-01 |
    376 | 5.00089e+01 1.32767e-01 | 1.25399e-02 1.07890e-01 1.39174e-01 |
    377 | 5.01416e+01 1.32753e-01 | 1.25399e-02 1.07890e-01 1.39174e-01 |
    378 | 5.02744e+01 1.32740e-01 | 1.25399e-02 1.07890e-01 1.39174e-01 |
    379 | 5.04071e+01 1.32730e-01 | 1.25399e-02 1.07889e-01 1.39174e-01 |
    380 | 5.05398e+01 1.32721e-01 | 1.25398e-02 1.07889e-01 1.39174e-01 |
    381 | 5.06725e+01 1.32714e-01 | 1.25397e-02 1.07889e-01 1.39174e-01 |
    382 | 5.08052e+01 1.32708e-01 | 1.25396e-02 1.07888e-01 1.39174e-01 |
    383 | 5.09380e+01 1.32704e-01 | 1.25395e-02 1.07888e-01 1.39173e-01 |
    384 | 5.10707e+01 1.32703e-01 | 1.25394e-02 1.07887e-01 1.39173e-01 |
    385 | 5.12034e+01 1.32702e-01 | 1.25393e-02 1.07887e-01 1.39173e-01 |
    386 | 5.13361e+01 1.32704e-01 | 1.25391e-02 1.07887e-01 1.39173e-01 |
    387 | 5.14688e+01 1.32707e-01 | 1.25389e-02 1.07886e-01 1.39173e-01 |
    388 | 5.16015e+01 1.32712e-01 | 1.25387e-02 1.07886e-01 1.39172e-01 |
    389 | 5.17342e+01 1.32719e-01 | 1.25384e-02 1.07886e-01 1.39172e-01 |
    390 | 5.18669e+01 1.32728e-01 | 1.25382e-02 1.07885e-01 1.39172e-01 |
    391 | 5.19997e+01 1.32738e-01 | 1.25379e-02 1.07885e-01 1.39172e-01 |
    392 | 5.21324e+01 1.32749e-01 | 1.25376e-02 1.07885e-01 1.39171e-01 |
    393 | 5.22652e+01 1.32763e-01 | 1.25372e-02 1.07884e-01 1.39171e-01 |
    394 | 5.23980e+01 1.32778e-01 | 1.25369e-02 1.07884e-01 1.39171e-01 |
    395 | 5.25307e+01 1.32795e-01 | 1.25365e-02 1.07884e-01 1.39171e-01 |
    396 | 5.26636e+01 1.32813e-01 | 1.25361e-02 1.07883e-01 1.39170e-01 |
    397 | 5.27964e+01 1.32833e-01 | 1.25357e-02 1.07883e-01 1.39170e-01 |
    398 | 5.29293e+01 1.32855e-01 | 1.25353e-02 1.07883e-01 1.39170e-01 |
    399 | 5.30621e+01 1.32879e-01 | 1.25348e-02 1.07882e-01 1.39170e-01 |
    400 | 5.31950e+01 1.32904e-01 | 1.25344e-02 1.07882e-01 1.39169e-01 |
    401 | 5.33280e+01 1.32931e-01 | 1.25339e-02 1.07882e-01 1.39169e-01 |
    402 | 5.34609e+01 1.32960e-01 | 1.25334e-02 1.07881e-01 1.39169e-01 |
    403 | 5.35939e+01 1.32990e-01 | 1.25329e-02 1.07881e-01 1.39169e-01 |
    404 | 5.37269e+01 1.33022e-01 | 1.25324e-02 1.07880e-01 1.39168e-01 |
    405 | 5.38600e+01 1.33055e-01 | 1.25319e-02 1.07880e-01 1.39168e-01 |
    406 | 5.39931e+01 1.33090e-01 | 1.25313e-02 1.07880e-01 1.39168e-01 |
    407 | 5.41262e+01 1.33127e-01 | 1.25308e-02 1.07879e-01 1.39168e-01 |
    408 | 5.42594e+01 1.33165e-01 | 1.25303e-02 1.07879e-01 1.39168e-01 |
    409 | 5.43926e+01 1.33205e-01 | 1.25297e-02 1.07879e-01 1.39167e-01 |
    410 | 5.45258e+01 1.33247e-01 | 1.25292e-02 1.07878e-01 1.39167e-01 |
    411 | 5.46591e+01 1.33290e-01 | 1.25286e-02 1.07878e-01 1.39167e-01 |
    412 | 5.47925e+01 1.33334e-01 | 1.25281e-02 1.07877e-01 1.39167e-01 |
    413 | 5.49258e+01 1.33307e-01 | 1.25275e-02 1.07877e-01 1.39167e-01 |
    414 | 5.50590e+01 1.33261e-01 | 1.25270e-02 1.07877e-01 1.39166e-01 |
    415 | 5.51922e+01 1.33216e-01 | 1.25265e-02 1.07876e-01 1.39166e-01 |
    416 | 5.53254e+01 1.33172e-01 | 1.25260e-02 1.07876e-01 1.39166e-01 |
    417 | 5.54585e+01 1.33131e-01 | 1.25255e-02 1.07876e-01 1.39166e-01 |
    418 | 5.55916e+01 1.33091e-01 | 1.25250e-02 1.07875e-01 1.39166e-01 |
    419 | 5.57247e+01 1.33052e-01 | 1.25246e-02 1.07875e-01 1.39166e-01 |
    420 | 5.58577e+01 1.33016e-01 | 1.25241e-02 1.07874e-01 1.39166e-01 |
    421 | 5.59907e+01 1.32981e-01 | 1.25237e-02 1.07874e-01 1.39166e-01 |
    422 | 5.61236e+01 1.32947e-01 | 1.25233e-02 1.07873e-01 1.39166e-01 |
    423 | 5.62565e+01 1.32915e-01 | 1.25229e-02 1.07873e-01 1.39166e-01 |
    424 | 5.63894e+01 1.32885e-01 | 1.25225e-02 1.07873e-01 1.39166e-01 |
    425 | 5.65223e+01 1.32857e-01 | 1.25222e-02 1.07872e-01 1.39166e-01 |
    426 | 5.66551e+01 1.32830e-01 | 1.25218e-02 1.07872e-01 1.39165e-01 |
    427 | 5.67879e+01 1.32805e-01 | 1.25215e-02 1.07871e-01 1.39165e-01 |
    428 | 5.69207e+01 1.32782e-01 | 1.25213e-02 1.07871e-01 1.39165e-01 |
    429 | 5.70535e+01 1.32760e-01 | 1.25210e-02 1.07871e-01 1.39165e-01 |
    430 | 5.71862e+01 1.32741e-01 | 1.25208e-02 1.07870e-01 1.39165e-01 |
    431 | 5.73189e+01 1.32723e-01 | 1.25206e-02 1.07870e-01 1.39166e-01 |
    432 | 5.74516e+01 1.32706e-01 | 1.25204e-02 1.07869e-01 1.39166e-01 |
    433 | 5.75843e+01 1.32692e-01 | 1.25203e-02 1.07869e-01 1.39166e-01 |
    434 | 5.77170e+01 1.32679e-01 | 1.25202e-02 1.07868e-01 1.39166e-01 |
    435 | 5.78497e+01 1.32668e-01 | 1.25201e-02 1.07868e-01 1.39166e-01 |
    436 | 5.79823e+01 1.32659e-01 | 1.25200e-02 1.07867e-01 1.39166e-01 |
    437 | 5.81150e+01 1.32651e-01 | 1.25200e-02 1.07867e-01 1.39166e-01 |
    438 | 5.82476e+01 1.32646e-01 | 1.25200e-02 1.07867e-01 1.39166e-01 |
    439 | 5.83803e+01 1.32642e-01 | 1.25200e-02 1.07866e-01 1.39166e-01 |
    440 | 5.85129e+01 1.32640e-01 | 1.25200e-02 1.07866e-01 1.39166e-01 |
    441 | 5.86455e+01 1.32639e-01 | 1.25201e-02 1.07865e-01 1.39166e-01 |
    442 | 5.87782e+01 1.32641e-01 | 1.25202e-02 1.07865e-01 1.39166e-01 |
    443 | 5.89108e+01 1.32644e-01 | 1.25203e-02 1.07864e-01 1.39166e-01 |
    444 | 5.90435e+01 1.32649e-01 | 1.25204e-02 1.07864e-01 1.39166e-01 |
    445 | 5.91761e+01 1.32656e-01 | 1.25205e-02 1.07863e-01 1.39166e-01 |
    446 | 5.93088e+01 1.32665e-01 | 1.25207e-02 1.07863e-01 1.39166e-01 |
    447 | 5.94415e+01 1.32675e-01 | 1.25208e-02 1.07863e-01 1.39166e-01 |
    448 | 5.95742e+01 1.32687e-01 | 1.25210e-02 1.07862e-01 1.39166e-01 |
    449 | 5.97069e+01 1.32701e-01 | 1.25212e-02 1.07862e-01 1.39167e-01 |
    450 | 5.98396e+01 1.32717e-01 | 1.25214e-02 1.07861e-01 1.39167e-01 |
    451 | 5.99723e+01 1.32734e-01 | 1.25216e-02 1.07861e-01 1.39167e-01 |
    452 | 6.01051e+01 1.32753e-01 | 1.25219e-02 1.07860e-01 1.39167e-01 |
    453 | 6.02378e+01 1.32774e-01 | 1.25221e-02 1.07860e-01 1.39167e-01 |
    454 | 6.03706e+01 1.32797e-01 | 1.25223e-02 1.07860e-01 1.39167e-01 |
    455 | 6.05035e+01 1.32821e-01 | 1.25225e-02 1.07859e-01 1.39167e-01 |
    456 | 6.06363e+01 1.32847e-01 | 1.25227e-02 1.07859e-01 1.39167e-01 |
    457 | 6.07692e+01 1.32875e-01 | 1.25230e-02 1.07858e-01 1.39167e-01 |
    458 | 6.09021e+01 1.32905e-01 | 1.25232e-02 1.07858e-01 1.39167e-01 |
    459 | 6.10350e+01 1.32936e-01 | 1.25234e-02 1.07857e-01 1.39167e-01 |
    460 | 6.11680e+01 1.32969e-01 | 1.25235e-02 1.07857e-01 1.39166e-01 |
    461 | 6.13010e+01 1.33003e-01 | 1.25237e-02 1.07857e-01 1.39166e-01 |
    462 | 6.14340e+01 1.33039e-01 | 1.25239e-02 1.07856e-01 1.39166e-01 |
    463 | 6.15671e+01 1.33077e-01 | 1.25240e-02 1.07856e-01 1.39166e-01 |
    464 | 6.17002e+01 1.33117e-01 | 1.25242e-02 1.07856e-01 1.39166e-01 |
    465 | 6.18334e+01 1.33158e-01 | 1.25243e-02 1.07855e-01 1.39166e-01 |
    466 | 6.19666e+01 1.33200e-01 | 1.25244e-02 1.07855e-01 1.39166e-01 |
    467 | 6.20998e+01 1.33245e-01 | 1.25245e-02 1.07854e-01 1.39166e-01 |
    468 | 6.22331e+01 1.33285e-01 | 1.25245e-02 1.07854e-01 1.39166e-01 |
    469 | 6.23664e+01 1.33243e-01 | 1.25246e-02 1.07854e-01 1.39166e-01 |
    470 | 6.24996e+01 1.33203e-01 | 1.25246e-02 1.07853e-01 1.39165e-01 |
    471 | 6.26327e+01 1.33164e-01 | 1.25246e-02 1.07853e-01 1.39165e-01 |
    472 | 6.27659e+01 1.33127e-01 | 1.25245e-02 1.07853e-01 1.39165e-01 |
    473 | 6.28989e+01 1.33091e-01 | 1.25245e-02 1.07852e-01 1.39165e-01 |
    474 | 6.30320e+01 1.33057e-01 | 1.25244e-02 1.07852e-01 1.39165e-01 |
    475 | 6.31650e+01 1.33024e-01 | 1.25243e-02 1.07852e-01 1.39164e-01 |
    476 | 6.32980e+01 1.32994e-01 | 1.25241e-02 1.07851e-01 1.39164e-01 |
    477 | 6.34310e+01 1.32964e-01 | 1.25240e-02 1.07851e-01 1.39164e-01 |
    478 | 6.35639e+01 1.32937e-01 | 1.25238e-02 1.07851e-01 1.39164e-01 |
    479 | 6.36968e+01 1.32911e-01 | 1.25236e-02 1.07850e-01 1.39164e-01 |
    480 | 6.38297e+01 1.32886e-01 | 1.25234e-02 1.07850e-01 1.39163e-01 |
    481 | 6.39626e+01 1.32863e-01 | 1.25231e-02 1.07850e-01 1.39163e-01 |
    482 | 6.40954e+01 1.32842e-01 | 1.25229e-02 1.07849e-01 1.39163e-01 |
    483 | 6.42282e+01 1.32823e-01 | 1.25226e-02 1.07849e-01 1.39163e-01 |
    484 | 6.43610e+01 1.32805e-01 | 1.25223e-02 1.07849e-01 1.39162e-01 |
    485 | 6.44938e+01 1.32789e-01 | 1.25219e-02 1.07848e-01 1.39162e-01 |
    486 | 6.46266e+01 1.32775e-01 | 1.25216e-02 1.07848e-01 1.39162e-01 |
    487 | 6.47594e+01 1.32762e-01 | 1.25213e-02 1.07848e-01 1.39162e-01 |
    488 | 6.48921e+01 1.32751e-01 | 1.25209e-02 1.07847e-01 1.39162e-01 |
    489 | 6.50249e+01 1.32742e-01 | 1.25205e-02 1.07847e-01 1.39161e-01 |
    490 | 6.51576e+01 1.32735e-01 | 1.25201e-02 1.07847e-01 1.39161e-01 |
    491 | 6.52903e+01 1.32729e-01 | 1.25197e-02 1.07846e-01 1.39161e-01 |
    492 | 6.54231e+01 1.32725e-01 | 1.25193e-02 1.07846e-01 1.39161e-01 |
    493 | 6.55558e+01 1.32723e-01 | 1.25189e-02 1.07846e-01 1.39161e-01 |
    494 | 6.56885e+01 1.32723e-01 | 1.25185e-02 1.07845e-01 1.39160e-01 |
    495 | 6.58212e+01 1.32724e-01 | 1.25181e-02 1.07845e-01 1.39160e-01 |
    496 | 6.59540e+01 1.32728e-01 | 1.25177e-02 1.07845e-01 1.39160e-01 |
    497 | 6.60867e+01 1.32733e-01 | 1.25172e-02 1.07844e-01 1.39160e-01 |
    498 | 6.62194e+01 1.32739e-01 | 1.25168e-02 1.07844e-01 1.39160e-01 |
    499 | 6.63522e+01 1.32748e-01 | 1.25164e-02 1.07844e-01 1.39160e-01 |
    500 | 6.64849e+01 1.32758e-01 | 1.25160e-02 1.07843e-01 1.39159e-01 |
    501 | 6.66177e+01 1.32770e-01 | 1.25156e-02 1.07843e-01 1.39159e-01 |
    502 | 6.67505e+01 1.32783e-01 | 1.25152e-02 1.07843e-01 1.39159e-01 |
    503 | 6.68833e+01 1.32799e-01 | 1.25149e-02 1.07842e-01 1.39159e-01 |
    504 | 6.70161e+01 1.32816e-01 | 1.25145e-02 1.07842e-01 1.39159e-01 |
    505 | 6.71489e+01 1.32835e-01 | 1.25141e-02 1.07841e-01 1.39159e-01 |
    506 | 6.72818e+01 1.32855e-01 | 1.25138e-02 1.07841e-01 1.39159e-01 |
    507 | 6.74147e+01 1.32878e-01 | 1.25135e-02 1.07841e-01 1.39159e-01 |
    508 | 6.75476e+01 1.32901e-01 | 1.25131e-02 1.07840e-01 1.39159e-01 |
    509 | 6.76805e+01 1.32926e-01 | 1.25128e-02 1.07840e-01 1.39159e-01 |
    510 | 6.78134e+01 1.32939e-01 | 1.25126e-02 1.07839e-01 1.39159e-01 |
    511 | 6.79464e+01 1.32954e-01 | 1.25123e-02 1.07839e-01 1.39159e-01 |
    512 | 6.80794e+01 1.32971e-01 | 1.25121e-02 1.07838e-01 1.39159e-01 |
    513 | 6.82123e+01 1.32990e-01 | 1.25118e-02 1.07838e-01 1.39159e-01 |
    514 | 6.83454e+01 1.33010e-01 | 1.25116e-02 1.07838e-01 1.39159e-01 |
    515 | 6.84784e+01 1.33032e-01 | 1.25114e-02 1.07837e-01 1.39159e-01 |
    516 | 6.86114e+01 1.33056e-01 | 1.25113e-02 1.07837e-01 1.39159e-01 |
    517 | 6.87445e+01 1.33082e-01 | 1.25111e-02 1.07836e-01 1.39159e-01 |
    518 | 6.88776e+01 1.33109e-01 | 1.25110e-02 1.07836e-01 1.39159e-01 |
    519 | 6.90108e+01 1.33138e-01 | 1.25109e-02 1.07835e-01 1.39159e-01 |
    520 | 6.91439e+01 1.33168e-01 | 1.25108e-02 1.07835e-01 1.39159e-01 |
    521 | 6.92771e+01 1.33201e-01 | 1.25107e-02 1.07834e-01 1.39159e-01 |
    522 | 6.94104e+01 1.33234e-01 | 1.25106e-02 1.07834e-01 1.39159e-01 |
    523 | 6.95436e+01 1.33270e-01 | 1.25106e-02 1.07833e-01 1.39159e-01 |
    524 | 6.96770e+01 1.33307e-01 | 1.25106e-02 1.07833e-01 1.39159e-01 |
    525 | 6.98103e+01 1.33346e-01 | 1.25106e-02 1.07832e-01 1.39159e-01 |
    526 | 6.99437e+01 1.33386e-01 | 1.25106e-02 1.07832e-01 1.39160e-01 |
    527 | 7.00771e+01 1.33428e-01 | 1.25107e-02 1.07831e-01 1.39160e-01 |
    528 | 7.02105e+01 1.33408e-01 | 1.25107e-02 1.07830e-01 1.39160e-01 |
    529 | 7.03439e+01 1.33363e-01 | 1.25108e-02 1.07830e-01 1.39160e-01 |
    530 | 7.04772e+01 1.33320e-01 | 1.25108e-02 1.07829e-01 1.39160e-01 |
    531 | 7.06105e+01 1.33278e-01 | 1.25109e-02 1.07829e-01 1.39160e-01 |
    532 | 7.07437e+01 1.33238e-01 | 1.25110e-02 1.07828e-01 1.39160e-01 |
    533 | 7.08769e+01 1.33199e-01 | 1.25111e-02 1.07828e-01 1.39160e-01 |
    534 | 7.10101e+01 1.33162e-01 | 1.25113e-02 1.07827e-01 1.39160e-01 |
    535 | 7.11432e+01 1.33126e-01 | 1.25114e-02 1.07827e-01 1.39160e-01 |
    536 | 7.12763e+01 1.33092e-01 | 1.25115e-02 1.07826e-01 1.39160e-01 |
    537 | 7.14094e+01 1.33060e-01 | 1.25117e-02 1.07825e-01 1.39160e-01 |
    538 | 7.15424e+01 1.33029e-01 | 1.25118e-02 1.07825e-01 1.39160e-01 |
    539 | 7.16754e+01 1.33000e-01 | 1.25120e-02 1.07824e-01 1.39160e-01 |
    540 | 7.18084e+01 1.32972e-01 | 1.25121e-02 1.07824e-01 1.39160e-01 |
    541 | 7.19413e+01 1.32946e-01 | 1.25123e-02 1.07823e-01 1.39160e-01 |
    542 | 7.20742e+01 1.32922e-01 | 1.25124e-02 1.07823e-01 1.39160e-01 |
    543 | 7.22071e+01 1.32900e-01 | 1.25126e-02 1.07822e-01 1.39160e-01 |
    544 | 7.23400e+01 1.32879e-01 | 1.25127e-02 1.07821e-01 1.39160e-01 |
    545 | 7.24729e+01 1.32860e-01 | 1.25128e-02 1.07821e-01 1.39160e-01 |
    546 | 7.26057e+01 1.32842e-01 | 1.25130e-02 1.07820e-01 1.39160e-01 |
    547 | 7.27385e+01 1.32827e-01 | 1.25131e-02 1.07820e-01 1.39160e-01 |
    548 | 7.28714e+01 1.32813e-01 | 1.25132e-02 1.07819e-01 1.39160e-01 |
    549 | 7.30042e+01 1.32801e-01 | 1.25133e-02 1.07818e-01 1.39160e-01 |
    550 | 7.31369e+01 1.32790e-01 | 1.25134e-02 1.07818e-01 1.39160e-01 |
    551 | 7.32697e+01 1.32782e-01 | 1.25135e-02 1.07817e-01 1.39160e-01 |
    552 | 7.34025e+01 1.32775e-01 | 1.25136e-02 1.07817e-01 1.39160e-01 |
    553 | 7.35353e+01 1.32769e-01 | 1.25136e-02 1.07816e-01 1.39160e-01 |
    554 | 7.36680e+01 1.32766e-01 | 1.25136e-02 1.07816e-01 1.39160e-01 |
    555 | 7.38008e+01 1.32764e-01 | 1.25137e-02 1.07815e-01 1.39159e-01 |
    556 | 7.39336e+01 1.32764e-01 | 1.25137e-02 1.07815e-01 1.39159e-01 |
    557 | 7.40663e+01 1.32766e-01 | 1.25136e-02 1.07814e-01 1.39159e-01 |
    558 | 7.41991e+01 1.32770e-01 | 1.25136e-02 1.07813e-01 1.39159e-01 |
    559 | 7.43319e+01 1.32775e-01 | 1.25136e-02 1.07813e-01 1.39159e-01 |
    560 | 7.44647e+01 1.32782e-01 | 1.25135e-02 1.07812e-01 1.39159e-01 |
    561 | 7.45974e+01 1.32791e-01 | 1.25134e-02 1.07812e-01 1.39158e-01 |
    562 | 7.47302e+01 1.32801e-01 | 1.25133e-02 1.07811e-01 1.39158e-01 |
    563 | 7.48631e+01 1.32814e-01 | 1.25132e-02 1.07811e-01 1.39158e-01 |
    564 | 7.49959e+01 1.32828e-01 | 1.25130e-02 1.07810e-01 1.39158e-01 |
    565 | 7.51287e+01 1.32844e-01 | 1.25128e-02 1.07810e-01 1.39158e-01 |
    566 | 7.52616e+01 1.32861e-01 | 1.25126e-02 1.07809e-01 1.39157e-01 |
    567 | 7.53945e+01 1.32880e-01 | 1.25124e-02 1.07809e-01 1.39157e-01 |
    568 | 7.55274e+01 1.32901e-01 | 1.25122e-02 1.07808e-01 1.39157e-01 |
    569 | 7.56603e+01 1.32923e-01 | 1.25120e-02 1.07808e-01 1.39157e-01 |
    570 | 7.57932e+01 1.32948e-01 | 1.25117e-02 1.07807e-01 1.39156e-01 |
    571 | 7.59262e+01 1.32974e-01 | 1.25114e-02 1.07807e-01 1.39156e-01 |
    572 | 7.60592e+01 1.33001e-01 | 1.25111e-02 1.07806e-01 1.39156e-01 |
    573 | 7.61922e+01 1.33031e-01 | 1.25108e-02 1.07805e-01 1.39156e-01 |
    574 | 7.63253e+01 1.33062e-01 | 1.25104e-02 1.07805e-01 1.39156e-01 |
    575 | 7.64584e+01 1.33094e-01 | 1.25101e-02 1.07804e-01 1.39155e-01 |
    576 | 7.65915e+01 1.33129e-01 | 1.25097e-02 1.07804e-01 1.39155e-01 |
    577 | 7.67247e+01 1.33165e-01 | 1.25093e-02 1.07803e-01 1.39155e-01 |
    578 | 7.68579e+01 1.33202e-01 | 1.25089e-02 1.07803e-01 1.39155e-01 |
    579 | 7.69911e+01 1.33241e-01 | 1.25085e-02 1.07802e-01 1.39154e-01 |
    580 | 7.71244e+01 1.33282e-01 | 1.25081e-02 1.07802e-01 1.39154e-01 |
    581 | 7.72577e+01 1.33325e-01 | 1.25077e-02 1.07801e-01 1.39154e-01 |
    582 | 7.73911e+01 1.33369e-01 | 1.25073e-02 1.07801e-01 1.39154e-01 |
    583 | 7.75245e+01 1.33358e-01 | 1.25069e-02 1.07800e-01 1.39153e-01 |
    584 | 7.76578e+01 1.33334e-01 | 1.25064e-02 1.07800e-01 1.39153e-01 |
    585 | 7.77911e+01 1.33312e-01 | 1.25060e-02 1.07799e-01 1.39153e-01 |
    586 | 7.79244e+01 1.33292e-01 | 1.25056e-02 1.07799e-01 1.39153e-01 |
    587 | 7.80577e+01 1.33273e-01 | 1.25052e-02 1.07798e-01 1.39153e-01 |
    588 | 7.81909e+01 1.33255e-01 | 1.25047e-02 1.07797e-01 1.39153e-01 |
    589 | 7.83242e+01 1.33240e-01 | 1.25043e-02 1.07797e-01 1.39152e-01 |
    590 | 7.84574e+01 1.33203e-01 | 1.25039e-02 1.07796e-01 1.39152e-01 |
    591 | 7.85906e+01 1.33166e-01 | 1.25036e-02 1.07796e-01 1.39152e-01 |
    592 | 7.87237e+01 1.33130e-01 | 1.25032e-02 1.07795e-01 1.39152e-01 |
    593 | 7.88568e+01 1.33096e-01 | 1.25028e-02 1.07795e-01 1.39152e-01 |
    594 | 7.89898e+01 1.33064e-01 | 1.25025e-02 1.07794e-01 1.39152e-01 |
    595 | 7.91229e+01 1.33034e-01 | 1.25021e-02 1.07793e-01 1.39152e-01 |
    596 | 7.92559e+01 1.33005e-01 | 1.25018e-02 1.07793e-01 1.39152e-01 |
    597 | 7.93889e+01 1.32978e-01 | 1.25015e-02 1.07792e-01 1.39152e-01 |
    598 | 7.95218e+01 1.32952e-01 | 1.25013e-02 1.07792e-01 1.39152e-01 |
    599 | 7.96547e+01 1.32928e-01 | 1.25010e-02 1.07791e-01 1.39152e-01 |
    600 | 7.97876e+01 1.32906e-01 | 1.25008e-02 1.07791e-01 1.39151e-01 |
    601 | 7.99205e+01 1.32886e-01 | 1.25006e-02 1.07790e-01 1.39151e-01 |
    602 | 8.00534e+01 1.32867e-01 | 1.25004e-02 1.07789e-01 1.39151e-01 |
    603 | 8.01862e+01 1.32851e-01 | 1.25003e-02 1.07789e-01 1.39151e-01 |
    604 | 8.03191e+01 1.32836e-01 | 1.25001e-02 1.07788e-01 1.39151e-01 |
    605 | 8.04519e+01 1.32823e-01 | 1.25000e-02 1.07787e-01 1.39151e-01 |
    606 | 8.05847e+01 1.32811e-01 | 1.24999e-02 1.07787e-01 1.39151e-01 |
    607 | 8.07175e+01 1.32801e-01 | 1.24999e-02 1.07786e-01 1.39151e-01 |
    608 | 8.08503e+01 1.32794e-01 | 1.24998e-02 1.07786e-01 1.39152e-01 |
    609 | 8.09831e+01 1.32788e-01 | 1.24998e-02 1.07785e-01 1.39152e-01 |
    610 | 8.11159e+01 1.32783e-01 | 1.24999e-02 1.07784e-01 1.39152e-01 |
    611 | 8.12487e+01 1.32781e-01 | 1.24999e-02 1.07784e-01 1.39152e-01 |
    612 | 8.13814e+01 1.32780e-01 | 1.25000e-02 1.07783e-01 1.39152e-01 |
    613 | 8.15142e+01 1.32782e-01 | 1.25001e-02 1.07782e-01 1.39152e-01 |
    614 | 8.16470e+01 1.32785e-01 | 1.25002e-02 1.07782e-01 1.39152e-01 |
    615 | 8.17798e+01 1.32790e-01 | 1.25003e-02 1.07781e-01 1.39152e-01 |
    616 | 8.19126e+01 1.32796e-01 | 1.25004e-02 1.07780e-01 1.39152e-01 |
    617 | 8.20454e+01 1.32805e-01 | 1.25006e-02 1.07780e-01 1.39152e-01 |
    618 | 8.21782e+01 1.32815e-01 | 1.25008e-02 1.07779e-01 1.39152e-01 |
    619 | 8.23110e+01 1.32827e-01 | 1.25010e-02 1.07778e-01 1.39152e-01 |
    620 | 8.24439e+01 1.32841e-01 | 1.25012e-02 1.07778e-01 1.39152e-01 |
    621 | 8.25767e+01 1.32857e-01 | 1.25014e-02 1.07777e-01 1.39152e-01 |
    622 | 8.27096e+01 1.32874e-01 | 1.25016e-02 1.07776e-01 1.39152e-01 |
    623 | 8.28425e+01 1.32894e-01 | 1.25018e-02 1.07776e-01 1.39152e-01 |
    624 | 8.29754e+01 1.32915e-01 | 1.25021e-02 1.07775e-01 1.39152e-01 |
    625 | 8.31084e+01 1.32937e-01 | 1.25023e-02 1.07775e-01 1.39152e-01 |
    626 | 8.32413e+01 1.32962e-01 | 1.25026e-02 1.07774e-01 1.39152e-01 |
    627 | 8.33743e+01 1.32988e-01 | 1.25028e-02 1.07773e-01 1.39152e-01 |
    628 | 8.35073e+01 1.33017e-01 | 1.25031e-02 1.07773e-01 1.39152e-01 |
    629 | 8.36404e+01 1.33046e-01 | 1.25033e-02 1.07772e-01 1.39152e-01 |
    630 | 8.37735e+01 1.33078e-01 | 1.25035e-02 1.07771e-01 1.39152e-01 |
    631 | 8.39066e+01 1.33111e-01 | 1.25038e-02 1.07771e-01 1.39152e-01 |
    632 | 8.40397e+01 1.33146e-01 | 1.25040e-02 1.07770e-01 1.39152e-01 |
    633 | 8.41729e+01 1.33183e-01 | 1.25042e-02 1.07769e-01 1.39152e-01 |
    634 | 8.43061e+01 1.33221e-01 | 1.25044e-02 1.07769e-01 1.39152e-01 |
    635 | 8.44394e+01 1.33261e-01 | 1.25046e-02 1.07768e-01 1.39152e-01 |
    636 | 8.45727e+01 1.33303e-01 | 1.25047e-02 1.07767e-01 1.39152e-01 |
    637 | 8.47060e+01 1.33346e-01 | 1.25049e-02 1.07767e-01 1.39152e-01 |
    638 | 8.48394e+01 1.33346e-01 | 1.25050e-02 1.07766e-01 1.39152e-01 |
    639 | 8.49727e+01 1.33302e-01 | 1.25051e-02 1.07766e-01 1.39151e-01 |
    640 | 8.51059e+01 1.33260e-01 | 1.25052e-02 1.07765e-01 1.39151e-01 |
    641 | 8.52392e+01 1.33219e-01 | 1.25053e-02 1.07764e-01 1.39151e-01 |
    642 | 8.53723e+01 1.33180e-01 | 1.25053e-02 1.07764e-01 1.39151e-01 |
    643 | 8.55055e+01 1.33143e-01 | 1.25053e-02 1.07763e-01 1.39151e-01 |
    644 | 8.56386e+01 1.33107e-01 | 1.25053e-02 1.07763e-01 1.39151e-01 |
    645 | 8.57717e+01 1.33073e-01 | 1.25053e-02 1.07762e-01 1.39150e-01 |
    646 | 8.59047e+01 1.33040e-01 | 1.25053e-02 1.07761e-01 1.39150e-01 |
    647 | 8.60377e+01 1.33009e-01 | 1.25052e-02 1.07761e-01 1.39150e-01 |
    648 | 8.61707e+01 1.32979e-01 | 1.25051e-02 1.07760e-01 1.39150e-01 |
    649 | 8.63036e+01 1.32951e-01 | 1.25050e-02 1.07760e-01 1.39150e-01 |
    650 | 8.64366e+01 1.32925e-01 | 1.25049e-02 1.07759e-01 1.39149e-01 |
    651 | 8.65695e+01 1.32901e-01 | 1.25047e-02 1.07758e-01 1.39149e-01 |
    652 | 8.67023e+01 1.32878e-01 | 1.25045e-02 1.07758e-01 1.39149e-01 |
    653 | 8.68352e+01 1.32857e-01 | 1.25043e-02 1.07757e-01 1.39149e-01 |
    654 | 8.69680e+01 1.32838e-01 | 1.25041e-02 1.07757e-01 1.39148e-01 |
    655 | 8.71009e+01 1.32821e-01 | 1.25038e-02 1.07756e-01 1.39148e-01 |
    656 | 8.72337e+01 1.32805e-01 | 1.25035e-02 1.07755e-01 1.39148e-01 |
    657 | 8.73664e+01 1.32791e-01 | 1.25033e-02 1.07755e-01 1.39147e-01 |
    658 | 8.74992e+01 1.32779e-01 | 1.25030e-02 1.07754e-01 1.39147e-01 |
    659 | 8.76320e+01 1.32769e-01 | 1.25026e-02 1.07754e-01 1.39147e-01 |
    660 | 8.77648e+01 1.32760e-01 | 1.25023e-02 1.07753e-01 1.39147e-01 |
    661 | 8.78975e+01 1.32753e-01 | 1.25019e-02 1.07752e-01 1.39146e-01 |
    662 | 8.80303e+01 1.32748e-01 | 1.25016e-02 1.07752e-01 1.39146e-01 |
    663 | 8.81630e+01 1.32745e-01 | 1.25012e-02 1.07751e-01 1.39146e-01 |
    664 | 8.82957e+01 1.32744e-01 | 1.25008e-02 1.07751e-01 1.39146e-01 |
    665 | 8.84285e+01 1.32744e-01 | 1.25004e-02 1.07750e-01 1.39145e-01 |
    666 | 8.85612e+01 1.32746e-01 | 1.25000e-02 1.07749e-01 1.39145e-01 |
    667 | 8.86940e+01 1.32750e-01 | 1.24996e-02 1.07749e-01 1.39145e-01 |
    668 | 8.88267e+01 1.32756e-01 | 1.24992e-02 1.07748e-01 1.39145e-01 |
    669 | 8.89595e+01 1.32764e-01 | 1.24987e-02 1.07748e-01 1.39144e-01 |
    670 | 8.90923e+01 1.32773e-01 | 1.24983e-02 1.07747e-01 1.39144e-01 |
    671 | 8.92251e+01 1.32785e-01 | 1.24979e-02 1.07746e-01 1.39144e-01 |
    672 | 8.93579e+01 1.32798e-01 | 1.24975e-02 1.07746e-01 1.39144e-01 |
    673 | 8.94907e+01 1.32812e-01 | 1.24971e-02 1.07745e-01 1.39143e-01 |
    674 | 8.96235e+01 1.32829e-01 | 1.24967e-02 1.07744e-01 1.39143e-01 |
    675 | 8.97564e+01 1.32847e-01 | 1.24963e-02 1.07744e-01 1.39143e-01 |
    676 | 8.98892e+01 1.32867e-01 | 1.24959e-02 1.07743e-01 1.39143e-01 |
    677 | 9.00221e+01 1.32889e-01 | 1.24955e-02 1.07742e-01 1.39143e-01 |
    678 | 9.01550e+01 1.32913e-01 | 1.24951e-02 1.07742e-01 1.39143e-01 |
    679 | 9.02880e+01 1.32938e-01 | 1.24948e-02 1.07741e-01 1.39142e-01 |
    680 | 9.04209e+01 1.32965e-01 | 1.24944e-02 1.07740e-01 1.39142e-01 |
    681 | 9.05539e+01 1.32994e-01 | 1.24941e-02 1.07740e-01 1.39142e-01 |
    682 | 9.06869e+01 1.33024e-01 | 1.24938e-02 1.07739e-01 1.39142e-01 |
    683 | 9.08200e+01 1.33056e-01 | 1.24935e-02 1.07738e-01 1.39142e-01 |
    684 | 9.09531e+01 1.33090e-01 | 1.24932e-02 1.07738e-01 1.39142e-01 |
    685 | 9.10862e+01 1.33126e-01 | 1.24929e-02 1.07737e-01 1.39142e-01 |
    686 | 9.12194e+01 1.33163e-01 | 1.24926e-02 1.07736e-01 1.39142e-01 |
    687 | 9.13526e+01 1.33201e-01 | 1.24924e-02 1.07735e-01 1.39142e-01 |
    688 | 9.14858e+01 1.33242e-01 | 1.24922e-02 1.07735e-01 1.39141e-01 |
    689 | 9.16191e+01 1.33284e-01 | 1.24920e-02 1.07734e-01 1.39141e-01 |
    690 | 9.17524e+01 1.33327e-01 | 1.24918e-02 1.07733e-01 1.39141e-01 |
    691 | 9.18858e+01 1.33372e-01 | 1.24917e-02 1.07732e-01 1.39141e-01 |
    692 | 9.20192e+01 1.33357e-01 | 1.24915e-02 1.07732e-01 1.39141e-01 |
    693 | 9.21525e+01 1.33331e-01 | 1.24914e-02 1.07731e-01 1.39141e-01 |
    694 | 9.22858e+01 1.33308e-01 | 1.24913e-02 1.07730e-01 1.39141e-01 |
    695 | 9.24191e+01 1.33286e-01 | 1.24913e-02 1.07729e-01 1.39141e-01 |
    696 | 9.25523e+01 1.33266e-01 | 1.24912e-02 1.07729e-01 1.39141e-01 |
    697 | 9.26856e+01 1.33247e-01 | 1.24912e-02 1.07728e-01 1.39141e-01 |
    698 | 9.28188e+01 1.33230e-01 | 1.24912e-02 1.07727e-01 1.39141e-01 |
    699 | 9.29520e+01 1.33215e-01 | 1.24912e-02 1.07726e-01 1.39141e-01 |
    700 | 9.30852e+01 1.33201e-01 | 1.24912e-02 1.07725e-01 1.39141e-01 |
    701 | 9.32184e+01 1.33189e-01 | 1.24913e-02 1.07725e-01 1.39141e-01 |
    702 | 9.33516e+01 1.33179e-01 | 1.24913e-02 1.07724e-01 1.39141e-01 |
    703 | 9.34848e+01 1.33170e-01 | 1.24914e-02 1.07723e-01 1.39141e-01 |
    704 | 9.36179e+01 1.33163e-01 | 1.24915e-02 1.07722e-01 1.39141e-01 |
    705 | 9.37511e+01 1.33158e-01 | 1.24916e-02 1.07721e-01 1.39141e-01 |
    706 | 9.38843e+01 1.33155e-01 | 1.24917e-02 1.07721e-01 1.39141e-01 |
    707 | 9.40174e+01 1.33153e-01 | 1.24919e-02 1.07720e-01 1.39141e-01 |
    708 | 9.41506e+01 1.33153e-01 | 1.24920e-02 1.07719e-01 1.39141e-01 |
    709 | 9.42837e+01 1.33155e-01 | 1.24922e-02 1.07718e-01 1.39141e-01 |
    710 | 9.44169e+01 1.33159e-01 | 1.24923e-02 1.07717e-01 1.39141e-01 |
    711 | 9.45500e+01 1.33164e-01 | 1.24925e-02 1.07717e-01 1.39141e-01 |
    712 | 9.46832e+01 1.33171e-01 | 1.24927e-02 1.07716e-01 1.39140e-01 |
    713 | 9.48164e+01 1.33179e-01 | 1.24929e-02 1.07715e-01 1.39140e-01 |
    714 | 9.49496e+01 1.33190e-01 | 1.24931e-02 1.07714e-01 1.39140e-01 |
    715 | 9.50828e+01 1.33202e-01 | 1.24933e-02 1.07714e-01 1.39140e-01 |
    716 | 9.52160e+01 1.33215e-01 | 1.24935e-02 1.07713e-01 1.39140e-01 |
    717 | 9.53492e+01 1.33231e-01 | 1.24937e-02 1.07712e-01 1.39140e-01 |
    718 | 9.54825e+01 1.33234e-01 | 1.24938e-02 1.07711e-01 1.39140e-01 |
    719 | 9.56157e+01 1.33220e-01 | 1.24940e-02 1.07710e-01 1.39140e-01 |
[DELETEMATRIX] !
[DELETEMATRIX] !
[DELETEMATRIX] !
[DELETEMATRIX] !
[DELETEMATRIX] !
[DELETEMATRIX] !
[DELETEMATRIX] !
[DELETEMATRIX] !
[DELETEMATRIX] !
[DELETEMATRIX] !
[DELETEMATRIX] !
[DELETEMATRIX] !
[DELETEMATRIX] !
[DELETEMATRIX] !
[DELETEMATRIX] !
[DELETEMATRIX] !
[DELETEMATRIX] !
[DELETEMATRIX] !
[DELETEMATRIX] !
[DELETEMATRIX] !
[DELETEMATRIX] !
[DELETEMATRIX] !
[DELETEMATRIX] !
[DELETEMATRIX] !
[DELETEMATRIX] !
[DELETEMATRIX] !
[DELETEMATRIX] !
[DELETEMATRIX] !
[DELETEMATRIX] !
    720 | 9.57489e+01 1.33207e-01 | 1.24942e-02 1.07710e-01 1.39140e-01 |
    721 | 9.58821e+01 1.33196e-01 | 1.24944e-02 1.07709e-01 1.39139e-01 |
    722 | 9.60153e+01 1.33187e-01 | 1.24945e-02 1.07708e-01 1.39139e-01 |
    723 | 9.61485e+01 1.33180e-01 | 1.24947e-02 1.07707e-01 1.39139e-01 |
    724 | 9.62816e+01 1.33174e-01 | 1.24948e-02 1.07707e-01 1.39139e-01 |
    725 | 9.64148e+01 1.33170e-01 | 1.24949e-02 1.07706e-01 1.39139e-01 |
    726 | 9.65480e+01 1.33168e-01 | 1.24950e-02 1.07705e-01 1.39138e-01 |
    727 | 9.66811e+01 1.33167e-01 | 1.24951e-02 1.07704e-01 1.39138e-01 |
    728 | 9.68143e+01 1.33169e-01 | 1.24952e-02 1.07704e-01 1.39138e-01 |
    729 | 9.69475e+01 1.33172e-01 | 1.24952e-02 1.07703e-01 1.39138e-01 |
    730 | 9.70806e+01 1.33177e-01 | 1.24953e-02 1.07702e-01 1.39137e-01 |
    731 | 9.72138e+01 1.33183e-01 | 1.24953e-02 1.07701e-01 1.39137e-01 |
    732 | 9.73470e+01 1.33192e-01 | 1.24953e-02 1.07701e-01 1.39137e-01 |
    733 | 9.74802e+01 1.33202e-01 | 1.24952e-02 1.07700e-01 1.39136e-01 |
    734 | 9.76134e+01 1.33213e-01 | 1.24952e-02 1.07699e-01 1.39136e-01 |
    735 | 9.77467e+01 1.33227e-01 | 1.24951e-02 1.07698e-01 1.39136e-01 |
    736 | 9.78799e+01 1.33242e-01 | 1.24950e-02 1.07698e-01 1.39135e-01 |
    737 | 9.80132e+01 1.33259e-01 | 1.24949e-02 1.07697e-01 1.39135e-01 |
    738 | 9.81464e+01 1.33278e-01 | 1.24947e-02 1.07696e-01 1.39135e-01 |
    739 | 9.82797e+01 1.33299e-01 | 1.24946e-02 1.07696e-01 1.39134e-01 |
    740 | 9.84131e+01 1.33321e-01 | 1.24944e-02 1.07695e-01 1.39134e-01 |
    741 | 9.85464e+01 1.33345e-01 | 1.24942e-02 1.07694e-01 1.39133e-01 |
    742 | 9.86798e+01 1.33359e-01 | 1.24940e-02 1.07693e-01 1.39133e-01 |
    743 | 9.88131e+01 1.33317e-01 | 1.24937e-02 1.07693e-01 1.39133e-01 |
    744 | 9.89464e+01 1.33277e-01 | 1.24934e-02 1.07692e-01 1.39132e-01 |
    745 | 9.90796e+01 1.33238e-01 | 1.24931e-02 1.07691e-01 1.39132e-01 |
    746 | 9.92128e+01 1.33201e-01 | 1.24928e-02 1.07691e-01 1.39131e-01 |
    747 | 9.93460e+01 1.33165e-01 | 1.24925e-02 1.07690e-01 1.39131e-01 |
    748 | 9.94791e+01 1.33131e-01 | 1.24922e-02 1.07689e-01 1.39131e-01 |
    749 | 9.96122e+01 1.33099e-01 | 1.24918e-02 1.07689e-01 1.39130e-01 |
    750 | 9.97453e+01 1.33068e-01 | 1.24914e-02 1.07688e-01 1.39130e-01 |
    751 | 9.98783e+01 1.33039e-01 | 1.24911e-02 1.07687e-01 1.39129e-01 |
    752 | 1.00000e+02 1.21699e-01 | 1.24907e-02 1.07687e-01 1.39129e-01 |
        | ----------- ----------- | ----------- ----------- ----------- |
        | ----------- ----------- | 7.11371e-03 5.90561e-02 2.82130e-02 | => l1-error norm
        | ----------- 3.53553e+00 | 1.80380e-03 1.03322e-02 7.07619e-03 | => l2-error norm
[DELETEMATRIX] !
[DELETEMATRIX] !
[DELETEMATRIX] !
srun: Received task exit notification for 32 tasks of StepId=347290.0 (status=0x0000).
srun: hpc-fat02: tasks 0-31: Completed
