srun: defined options
srun: -------------------- --------------------
srun: (null)              : hpc-thin12
srun: cpu-bind            : cores,verbose
srun: cpus-per-task       : 1
srun: distribution        : cyclic:cyclic
srun: exact               : set
srun: jobid               : 350605
srun: job-name            : Vortexbath
srun: mem-per-cpu         : 2G
srun: mpi                 : pmix_v5
srun: nodes               : 1
srun: ntasks              : 32
srun: oom-kill-step       : 0
srun: tres-per-task       : cpu=1
srun: verbose             : 1
srun: -------------------- --------------------
srun: end of defined options
srun: jobid 350605: nodes(1):`hpc-thin12', cpu counts: 32(x1)
srun: CpuBindType=verbose,cores
srun: launching StepId=350605.0 on host hpc-thin12, 32 tasks: [0-31]
cpu-bind=MASK - hpc-thin12, task  0  0 [550795]: mask 0x200000000 set
cpu-bind=MASK - hpc-thin12, task  1  1 [550796]: mask 0x1000000000000 set
cpu-bind=MASK - hpc-thin12, task  2  2 [550797]: mask 0x1000000000000000000000000 set
cpu-bind=MASK - hpc-thin12, task  3  3 [550798]: mask 0x800000000 set
cpu-bind=MASK - hpc-thin12, task  4  4 [550799]: mask 0x2000000000000 set
cpu-bind=MASK - hpc-thin12, task  5  5 [550800]: mask 0x2000000000000000000000000 set
cpu-bind=MASK - hpc-thin12, task  6  6 [550801]: mask 0x1000000000 set
cpu-bind=MASK - hpc-thin12, task  7  7 [550802]: mask 0x4000000000000000000000000 set
cpu-bind=MASK - hpc-thin12, task  8  8 [550803]: mask 0x2000000000 set
cpu-bind=MASK - hpc-thin12, task  9  9 [550804]: mask 0x8000000000000000000000000 set
cpu-bind=MASK - hpc-thin12, task 10 10 [550805]: mask 0x4000000000 set
cpu-bind=MASK - hpc-thin12, task 11 11 [550806]: mask 0x10000000000000000000000000 set
cpu-bind=MASK - hpc-thin12, task 12 12 [550807]: mask 0x8000000000 set
cpu-bind=MASK - hpc-thin12, task 13 13 [550808]: mask 0x20000000000000000000000000 set
cpu-bind=MASK - hpc-thin12, task 14 14 [550809]: mask 0x10000000000 set
cpu-bind=MASK - hpc-thin12, task 15 15 [550810]: mask 0x40000000000000000000000000 set
cpu-bind=MASK - hpc-thin12, task 16 16 [550811]: mask 0x20000000000 set
cpu-bind=MASK - hpc-thin12, task 17 17 [550812]: mask 0x80000000000000000000000000 set
cpu-bind=MASK - hpc-thin12, task 18 18 [550813]: mask 0x40000000000 set
cpu-bind=MASK - hpc-thin12, task 19 19 [550814]: mask 0x100000000000000000000000000 set
cpu-bind=MASK - hpc-thin12, task 20 20 [550815]: mask 0x80000000000 set
cpu-bind=MASK - hpc-thin12, task 21 21 [550816]: mask 0x200000000000000000000000000 set
cpu-bind=MASK - hpc-thin12, task 22 22 [550817]: mask 0x100000000000 set
cpu-bind=MASK - hpc-thin12, task 23 23 [550818]: mask 0x400000000000000000000000000 set
cpu-bind=MASK - hpc-thin12, task 24 24 [550819]: mask 0x200000000000 set
cpu-bind=MASK - hpc-thin12, task 25 25 [550820]: mask 0x800000000000000000000000000 set
cpu-bind=MASK - hpc-thin12, task 26 26 [550821]: mask 0x400000000000 set
cpu-bind=MASK - hpc-thin12, task 27 27 [550822]: mask 0x1000000000000000000000000000 set
cpu-bind=MASK - hpc-thin12, task 28 28 [550823]: mask 0x800000000000 set
cpu-bind=MASK - hpc-thin12, task 29 29 [550824]: mask 0x2000000000000000000000000000 set
cpu-bind=MASK - hpc-thin12, task 30 30 [550825]: mask 0x4000000000000000000000000000 set
cpu-bind=MASK - hpc-thin12, task 31 31 [550826]: mask 0x8000000000000000000000000000 set
srun: Node hpc-thin12, 32 tasks started
Data {
  aerosol.linearsolver : PETSc
  discretisation.femtype : Lagrange
  discretisation.numericalflux : WbswLaxFriedrichs
  io.mesh_file : /gpfs/scratch/fortetenreiro/run/Vortex/msh/Vortex_3.msh
  io.mesh_format : ParaGMSH
  io.output_format : HDF5
  io.output_path : /gpfs/scratch/fortetenreiro/run/Vortexbath/visu/R0_M3_P1
  io.restartPath : /gpfs/scratch/fortetenreiro/run/Vortexbath/restart/R0_M3_P1
  io.restartPrefix : restart
  io.visutype : cells
  model.bathymetry : 1;0;ICBC
  model.manning : 1;0;ICBC;CONSTANT;0.00
  model.name : ShallowWater
  testcase.name : Vortexbath
  time.inittype : interpolation
  time.name : RK-2-2
  time.type : cfl
  xml_config_file : /gpfs/scratch/fortetenreiro/run/Vortexbath/xml/R0_M3_P1.xml
  MPI.prank : 0
  MPI.psize : 32
  aerosol.debug : 0
  discretisation.continuous : 0
  discretisation.degree : 1
  io.active : 0
  io.conservativeVariables : 3
  io.mesh_dimension : 2
  io.prepartitioning : 0
  io.redistribution : 1
  io.scalab : 0
  model.dispersion : 0
  model.g : 1
  model.h0 : 1
  time.CFL : 0.3333
  time.tmax : 100
}

(0): ERROR: _PAMPAdmeshCheck: no check could be done with flag PAMPA_OVLP_NOGT enabled
(1): ERROR: _PAMPAdmeshCheck: no check could be done with flag PAMPA_OVLP_NOGT enabled
(2): ERROR: _PAMPAdmeshCheck: no check could be done with flag PAMPA_OVLP_NOGT enabled
(3): ERROR: _PAMPAdmeshCheck: no check could be done with flag PAMPA_OVLP_NOGT enabled
(4): ERROR: _PAMPAdmeshCheck: no check could be done with flag PAMPA_OVLP_NOGT enabled
(5): ERROR: _PAMPAdmeshCheck: no check could be done with flag PAMPA_OVLP_NOGT enabled
(6): ERROR: _PAMPAdmeshCheck: no check could be done with flag PAMPA_OVLP_NOGT enabled
(7): ERROR: _PAMPAdmeshCheck: no check could be done with flag PAMPA_OVLP_NOGT enabled
(8): ERROR: _PAMPAdmeshCheck: no check could be done with flag PAMPA_OVLP_NOGT enabled
(9): ERROR: _PAMPAdmeshCheck: no check could be done with flag PAMPA_OVLP_NOGT enabled
(10): ERROR: _PAMPAdmeshCheck: no check could be done with flag PAMPA_OVLP_NOGT enabled
(11): ERROR: _PAMPAdmeshCheck: no check could be done with flag PAMPA_OVLP_NOGT enabled
(12): ERROR: _PAMPAdmeshCheck: no check could be done with flag PAMPA_OVLP_NOGT enabled
(13): ERROR: _PAMPAdmeshCheck: no check could be done with flag PAMPA_OVLP_NOGT enabled
(14): ERROR: _PAMPAdmeshCheck: no check could be done with flag PAMPA_OVLP_NOGT enabled
(15): ERROR: _PAMPAdmeshCheck: no check could be done with flag PAMPA_OVLP_NOGT enabled
(16): ERROR: _PAMPAdmeshCheck: no check could be done with flag PAMPA_OVLP_NOGT enabled
(17): ERROR: _PAMPAdmeshCheck: no check could be done with flag PAMPA_OVLP_NOGT enabled
(18): ERROR: _PAMPAdmeshCheck: no check could be done with flag PAMPA_OVLP_NOGT enabled
(19): ERROR: _PAMPAdmeshCheck: no check could be done with flag PAMPA_OVLP_NOGT enabled
(20): ERROR: _PAMPAdmeshCheck: no check could be done with flag PAMPA_OVLP_NOGT enabled
(21): ERROR: _PAMPAdmeshCheck: no check could be done with flag PAMPA_OVLP_NOGT enabled
(22): ERROR: _PAMPAdmeshCheck: no check could be done with flag PAMPA_OVLP_NOGT enabled
(23): ERROR: _PAMPAdmeshCheck: no check could be done with flag PAMPA_OVLP_NOGT enabled
(24): ERROR: _PAMPAdmeshCheck: no check could be done with flag PAMPA_OVLP_NOGT enabled
(25): ERROR: _PAMPAdmeshCheck: no check could be done with flag PAMPA_OVLP_NOGT enabled
(26): ERROR: _PAMPAdmeshCheck: no check could be done with flag PAMPA_OVLP_NOGT enabled
(27): ERROR: _PAMPAdmeshCheck: no check could be done with flag PAMPA_OVLP_NOGT enabled
(28): ERROR: _PAMPAdmeshCheck: no check could be done with flag PAMPA_OVLP_NOGT enabled
(29): ERROR: _PAMPAdmeshCheck: no check could be done with flag PAMPA_OVLP_NOGT enabled
(30): ERROR: _PAMPAdmeshCheck: no check could be done with flag PAMPA_OVLP_NOGT enabled
(31): ERROR: _PAMPAdmeshCheck: no check could be done with flag PAMPA_OVLP_NOGT enabled
Calling the scheme "SWShallowWater2dWbswLaxFriedrichsPETSc".
Calling the scheme "SWShallowWater2dWbswLaxFriedrichsPETSc".
Calling the scheme "SWShallowWater2dWbswLaxFriedrichsPETSc".
Calling the scheme "SWShallowWater2dWbswLaxFriedrichsPETSc".
Calling the scheme "SWShallowWater2dWbswLaxFriedrichsPETSc".
Calling the scheme "SWShallowWater2dWbswLaxFriedrichsPETSc".
Calling the scheme "SWShallowWater2dWbswLaxFriedrichsPETSc".
Calling the scheme "SWShallowWater2dWbswLaxFriedrichsPETSc".
Calling the scheme "SWShallowWater2dWbswLaxFriedrichsPETSc".
Calling the scheme "SWShallowWater2dWbswLaxFriedrichsPETSc".
Calling the scheme "SWShallowWater2dWbswLaxFriedrichsPETSc".
Calling the scheme "SWShallowWater2dWbswLaxFriedrichsPETSc".
Calling the scheme "SWShallowWater2dWbswLaxFriedrichsPETSc".
Calling the scheme "SWShallowWater2dWbswLaxFriedrichsPETSc".
Calling the scheme "SWShallowWater2dWbswLaxFriedrichsPETSc".
Calling the scheme "SWShallowWater2dWbswLaxFriedrichsPETSc".
Calling the scheme "SWShallowWater2dWbswLaxFriedrichsPETSc".
Calling the scheme "SWShallowWater2dWbswLaxFriedrichsPETSc".
Calling the scheme "SWShallowWater2dWbswLaxFriedrichsPETSc".
Calling the scheme "SWShallowWater2dWbswLaxFriedrichsPETSc".
Calling the scheme "SWShallowWater2dWbswLaxFriedrichsPETSc".
Calling the scheme "SWShallowWater2dWbswLaxFriedrichsPETSc".
Calling the scheme "SWShallowWater2dWbswLaxFriedrichsPETSc".
Calling the scheme "SWShallowWater2dWbswLaxFriedrichsPETSc".
Calling the scheme "SWShallowWater2dWbswLaxFriedrichsPETSc".
Calling the scheme "SWShallowWater2dWbswLaxFriedrichsPETSc".
Calling the scheme "SWShallowWater2dWbswLaxFriedrichsPETSc".
Calling the scheme "SWShallowWater2dWbswLaxFriedrichsPETSc".
Calling the scheme "SWShallowWater2dWbswLaxFriedrichsPETSc".
Calling the scheme "SWShallowWater2dWbswLaxFriedrichsPETSc".
Calling the scheme "SWShallowWater2dWbswLaxFriedrichsPETSc".
Calling the scheme "SWShallowWater2dWbswLaxFriedrichsPETSc".
      1 | 3.11669e-01 3.11669e-01 | 9.14773e-02 1.29632e-01 1.37507e-01 |
      2 | 6.23372e-01 3.11703e-01 | 6.33343e-02 1.16912e-01 1.30248e-01 |
      3 | 9.34704e-01 3.11332e-01 | 4.40318e-02 1.08517e-01 1.25903e-01 |
      4 | 1.24579e+00 3.11082e-01 | 3.16202e-02 1.02134e-01 1.22564e-01 |
      5 | 1.55672e+00 3.10938e-01 | 2.59473e-02 9.74725e-02 1.20020e-01 |
      6 | 1.86747e+00 3.10745e-01 | 2.48823e-02 9.41507e-02 1.18143e-01 |
      7 | 2.17807e+00 3.10597e-01 | 2.53811e-02 9.18180e-02 1.16819e-01 |
      8 | 2.48865e+00 3.10584e-01 | 2.56057e-02 9.02034e-02 1.15949e-01 |
      9 | 2.79933e+00 3.10678e-01 | 2.49172e-02 8.90960e-02 1.15429e-01 |
     10 | 3.11018e+00 3.10848e-01 | 2.32823e-02 8.83346e-02 1.15156e-01 |
     11 | 3.42124e+00 3.11062e-01 | 2.09536e-02 8.78067e-02 1.15037e-01 |
     12 | 3.73253e+00 3.11294e-01 | 1.83129e-02 8.74393e-02 1.14996e-01 |
     13 | 4.04406e+00 3.11529e-01 | 1.57718e-02 8.71843e-02 1.14978e-01 |
     14 | 4.35582e+00 3.11755e-01 | 1.36834e-02 8.70057e-02 1.14949e-01 |
     15 | 4.66756e+00 3.11747e-01 | 1.22506e-02 8.68745e-02 1.14887e-01 |
     16 | 4.97922e+00 3.11655e-01 | 1.14628e-02 8.67698e-02 1.14785e-01 |
     17 | 5.29079e+00 3.11573e-01 | 1.11388e-02 8.66807e-02 1.14643e-01 |
     18 | 5.60231e+00 3.11515e-01 | 1.10570e-02 8.66060e-02 1.14465e-01 |
     19 | 5.91378e+00 3.11477e-01 | 1.10527e-02 8.65503e-02 1.14256e-01 |
     20 | 6.22524e+00 3.11453e-01 | 1.10350e-02 8.65193e-02 1.14025e-01 |
     21 | 6.53668e+00 3.11440e-01 | 1.09635e-02 8.65159e-02 1.13776e-01 |
     22 | 6.84811e+00 3.11434e-01 | 1.08255e-02 8.65389e-02 1.13515e-01 |
     23 | 7.15954e+00 3.11434e-01 | 1.06242e-02 8.65839e-02 1.13245e-01 |
     24 | 7.47099e+00 3.11441e-01 | 1.03747e-02 8.66457e-02 1.12968e-01 |
     25 | 7.78244e+00 3.11455e-01 | 1.01009e-02 8.67191e-02 1.12689e-01 |
     26 | 8.09392e+00 3.11477e-01 | 9.83061e-03 8.68002e-02 1.12408e-01 |
     27 | 8.40543e+00 3.11508e-01 | 9.58841e-03 8.68863e-02 1.12129e-01 |
     28 | 8.71698e+00 3.11551e-01 | 9.38962e-03 8.69749e-02 1.11852e-01 |
     29 | 9.02858e+00 3.11606e-01 | 9.23831e-03 8.70637e-02 1.11580e-01 |
     30 | 9.34026e+00 3.11673e-01 | 9.12926e-03 8.71507e-02 1.11313e-01 |
     31 | 9.65201e+00 3.11755e-01 | 9.05262e-03 8.72338e-02 1.11052e-01 |
     32 | 9.96386e+00 3.11849e-01 | 8.99808e-03 8.73115e-02 1.10799e-01 |
     33 | 1.02758e+01 3.11957e-01 | 8.95722e-03 8.73825e-02 1.10553e-01 |
     34 | 1.05879e+01 3.12078e-01 | 8.92397e-03 8.74458e-02 1.10316e-01 |
     35 | 1.09001e+01 3.12211e-01 | 8.89405e-03 8.75003e-02 1.10088e-01 |
     36 | 1.12125e+01 3.12356e-01 | 8.86452e-03 8.75452e-02 1.09870e-01 |
     37 | 1.15250e+01 3.12513e-01 | 8.83361e-03 8.75796e-02 1.09662e-01 |
     38 | 1.18376e+01 3.12635e-01 | 8.80080e-03 8.76027e-02 1.09464e-01 |
     39 | 1.21501e+01 3.12536e-01 | 8.76671e-03 8.76139e-02 1.09277e-01 |
     40 | 1.24626e+01 3.12452e-01 | 8.73281e-03 8.76131e-02 1.09100e-01 |
     41 | 1.27750e+01 3.12383e-01 | 8.70056e-03 8.76003e-02 1.08933e-01 |
     42 | 1.30873e+01 3.12330e-01 | 8.67101e-03 8.75754e-02 1.08775e-01 |
     43 | 1.33996e+01 3.12291e-01 | 8.64450e-03 8.75388e-02 1.08628e-01 |
     44 | 1.37119e+01 3.12267e-01 | 8.62070e-03 8.74907e-02 1.08489e-01 |
     45 | 1.40241e+01 3.12257e-01 | 8.59884e-03 8.74317e-02 1.08359e-01 |
     46 | 1.43364e+01 3.12261e-01 | 8.57807e-03 8.73623e-02 1.08237e-01 |
     47 | 1.46487e+01 3.12279e-01 | 8.55758e-03 8.72831e-02 1.08123e-01 |
     48 | 1.49610e+01 3.12311e-01 | 8.53673e-03 8.71949e-02 1.08015e-01 |
     49 | 1.52733e+01 3.12356e-01 | 8.51498e-03 8.70984e-02 1.07914e-01 |
     50 | 1.55857e+01 3.12416e-01 | 8.49191e-03 8.69944e-02 1.07818e-01 |
     51 | 1.58982e+01 3.12488e-01 | 8.46721e-03 8.68837e-02 1.07728e-01 |
     52 | 1.62108e+01 3.12574e-01 | 8.44070e-03 8.67670e-02 1.07642e-01 |
     53 | 1.65235e+01 3.12674e-01 | 8.41231e-03 8.66452e-02 1.07561e-01 |
     54 | 1.68363e+01 3.12786e-01 | 8.38211e-03 8.65189e-02 1.07483e-01 |
     55 | 1.71492e+01 3.12911e-01 | 8.35024e-03 8.63890e-02 1.07409e-01 |
     56 | 1.74622e+01 3.13049e-01 | 8.31688e-03 8.62560e-02 1.07337e-01 |
     57 | 1.77754e+01 3.13199e-01 | 8.28222e-03 8.61207e-02 1.07268e-01 |
     58 | 1.80888e+01 3.13361e-01 | 8.24642e-03 8.59837e-02 1.07201e-01 |
     59 | 1.84023e+01 3.13534e-01 | 8.20971e-03 8.58455e-02 1.07136e-01 |
     60 | 1.87160e+01 3.13719e-01 | 8.17226e-03 8.57066e-02 1.07072e-01 |
     61 | 1.90297e+01 3.13665e-01 | 8.13432e-03 8.55677e-02 1.07009e-01 |
     62 | 1.93433e+01 3.13571e-01 | 8.09618e-03 8.54292e-02 1.06947e-01 |
     63 | 1.96568e+01 3.13488e-01 | 8.05810e-03 8.52915e-02 1.06885e-01 |
     64 | 1.99702e+01 3.13416e-01 | 8.02030e-03 8.51551e-02 1.06824e-01 |
     65 | 2.02835e+01 3.13356e-01 | 7.98302e-03 8.50202e-02 1.06763e-01 |
     66 | 2.05968e+01 3.13308e-01 | 7.94648e-03 8.48872e-02 1.06701e-01 |
     67 | 2.09101e+01 3.13272e-01 | 7.91087e-03 8.47562e-02 1.06640e-01 |
     68 | 2.12234e+01 3.13247e-01 | 7.87637e-03 8.46274e-02 1.06578e-01 |
     69 | 2.15366e+01 3.13234e-01 | 7.84312e-03 8.45009e-02 1.06516e-01 |
     70 | 2.18498e+01 3.13233e-01 | 7.81123e-03 8.43769e-02 1.06453e-01 |
     71 | 2.21631e+01 3.13244e-01 | 7.78080e-03 8.42555e-02 1.06389e-01 |
     72 | 2.24763e+01 3.13266e-01 | 7.75187e-03 8.41366e-02 1.06325e-01 |
     73 | 2.27896e+01 3.13300e-01 | 7.72446e-03 8.40204e-02 1.06259e-01 |
     74 | 2.31030e+01 3.13346e-01 | 7.69856e-03 8.39068e-02 1.06193e-01 |
     75 | 2.34164e+01 3.13403e-01 | 7.67412e-03 8.37958e-02 1.06126e-01 |
     76 | 2.37299e+01 3.13471e-01 | 7.65104e-03 8.36874e-02 1.06059e-01 |
     77 | 2.40434e+01 3.13551e-01 | 7.62922e-03 8.35815e-02 1.05990e-01 |
     78 | 2.43571e+01 3.13641e-01 | 7.60851e-03 8.34781e-02 1.05920e-01 |
     79 | 2.46708e+01 3.13743e-01 | 7.58877e-03 8.33771e-02 1.05849e-01 |
     80 | 2.49847e+01 3.13856e-01 | 7.56983e-03 8.32783e-02 1.05777e-01 |
     81 | 2.52986e+01 3.13911e-01 | 7.55153e-03 8.31818e-02 1.05705e-01 |
     82 | 2.56125e+01 3.13965e-01 | 7.53371e-03 8.30875e-02 1.05631e-01 |
     83 | 2.59266e+01 3.14031e-01 | 7.51622e-03 8.29952e-02 1.05557e-01 |
     84 | 2.62407e+01 3.14108e-01 | 7.49890e-03 8.29048e-02 1.05482e-01 |
     85 | 2.65549e+01 3.14198e-01 | 7.48162e-03 8.28163e-02 1.05407e-01 |
     86 | 2.68692e+01 3.14299e-01 | 7.46428e-03 8.27295e-02 1.05330e-01 |
     87 | 2.71836e+01 3.14411e-01 | 7.44677e-03 8.26444e-02 1.05254e-01 |
     88 | 2.74981e+01 3.14535e-01 | 7.42901e-03 8.25607e-02 1.05176e-01 |
     89 | 2.78128e+01 3.14669e-01 | 7.41095e-03 8.24784e-02 1.05099e-01 |
     90 | 2.81276e+01 3.14814e-01 | 7.39252e-03 8.23974e-02 1.05021e-01 |
     91 | 2.84425e+01 3.14895e-01 | 7.37371e-03 8.23176e-02 1.04942e-01 |
     92 | 2.87574e+01 3.14869e-01 | 7.35451e-03 8.22388e-02 1.04864e-01 |
     93 | 2.90722e+01 3.14800e-01 | 7.33496e-03 8.21609e-02 1.04785e-01 |
     94 | 2.93869e+01 3.14741e-01 | 7.31509e-03 8.20840e-02 1.04707e-01 |
     95 | 2.97016e+01 3.14692e-01 | 7.29493e-03 8.20078e-02 1.04629e-01 |
     96 | 3.00162e+01 3.14654e-01 | 7.27453e-03 8.19324e-02 1.04551e-01 |
     97 | 3.03309e+01 3.14625e-01 | 7.25396e-03 8.18575e-02 1.04473e-01 |
     98 | 3.06455e+01 3.14607e-01 | 7.23327e-03 8.17831e-02 1.04395e-01 |
     99 | 3.09601e+01 3.14599e-01 | 7.21253e-03 8.17091e-02 1.04318e-01 |
    100 | 3.12747e+01 3.14602e-01 | 7.19180e-03 8.16355e-02 1.04241e-01 |
    101 | 3.15893e+01 3.14614e-01 | 7.17115e-03 8.15621e-02 1.04165e-01 |
    102 | 3.19039e+01 3.14637e-01 | 7.15064e-03 8.14888e-02 1.04089e-01 |
    103 | 3.22186e+01 3.14669e-01 | 7.13034e-03 8.14157e-02 1.04014e-01 |
    104 | 3.25333e+01 3.14706e-01 | 7.11031e-03 8.13427e-02 1.03939e-01 |
    105 | 3.28481e+01 3.14753e-01 | 7.09059e-03 8.12697e-02 1.03865e-01 |
    106 | 3.31629e+01 3.14810e-01 | 7.07122e-03 8.11967e-02 1.03792e-01 |
    107 | 3.34777e+01 3.14877e-01 | 7.05225e-03 8.11236e-02 1.03719e-01 |
    108 | 3.37925e+01 3.14728e-01 | 7.03366e-03 8.10504e-02 1.03647e-01 |
    109 | 3.41071e+01 3.14587e-01 | 7.01553e-03 8.09771e-02 1.03575e-01 |
    110 | 3.44215e+01 3.14458e-01 | 6.99786e-03 8.09037e-02 1.03504e-01 |
    111 | 3.47359e+01 3.14339e-01 | 6.98064e-03 8.08303e-02 1.03434e-01 |
    112 | 3.50501e+01 3.14232e-01 | 6.96385e-03 8.07568e-02 1.03364e-01 |
    113 | 3.53642e+01 3.14137e-01 | 6.94748e-03 8.06831e-02 1.03295e-01 |
    114 | 3.56783e+01 3.14054e-01 | 6.93148e-03 8.06094e-02 1.03227e-01 |
    115 | 3.59923e+01 3.13983e-01 | 6.91580e-03 8.05356e-02 1.03159e-01 |
    116 | 3.63062e+01 3.13924e-01 | 6.90039e-03 8.04617e-02 1.03092e-01 |
    117 | 3.66201e+01 3.13877e-01 | 6.88518e-03 8.03877e-02 1.03025e-01 |
    118 | 3.69339e+01 3.13843e-01 | 6.87009e-03 8.03136e-02 1.02958e-01 |
    119 | 3.72477e+01 3.13821e-01 | 6.85503e-03 8.02394e-02 1.02892e-01 |
    120 | 3.75615e+01 3.13812e-01 | 6.83990e-03 8.01652e-02 1.02827e-01 |
    121 | 3.78754e+01 3.13814e-01 | 6.82459e-03 8.00910e-02 1.02761e-01 |
    122 | 3.81892e+01 3.13830e-01 | 6.80902e-03 8.00167e-02 1.02697e-01 |
    123 | 3.85030e+01 3.13857e-01 | 6.79307e-03 7.99423e-02 1.02632e-01 |
    124 | 3.88169e+01 3.13897e-01 | 6.77665e-03 7.98679e-02 1.02568e-01 |
    125 | 3.91309e+01 3.13949e-01 | 6.75965e-03 7.97936e-02 1.02504e-01 |
    126 | 3.94449e+01 3.14012e-01 | 6.74199e-03 7.97192e-02 1.02440e-01 |
    127 | 3.97590e+01 3.14088e-01 | 6.72359e-03 7.96448e-02 1.02377e-01 |
    128 | 4.00732e+01 3.14175e-01 | 6.70440e-03 7.95704e-02 1.02314e-01 |
    129 | 4.03874e+01 3.14274e-01 | 6.68437e-03 7.94960e-02 1.02251e-01 |
    130 | 4.07018e+01 3.14383e-01 | 6.66347e-03 7.94216e-02 1.02188e-01 |
    131 | 4.10163e+01 3.14504e-01 | 6.64171e-03 7.93472e-02 1.02125e-01 |
    132 | 4.13310e+01 3.14636e-01 | 6.61912e-03 7.92728e-02 1.02063e-01 |
    133 | 4.16457e+01 3.14778e-01 | 6.59573e-03 7.91985e-02 1.02001e-01 |
    134 | 4.19607e+01 3.14930e-01 | 6.57161e-03 7.91242e-02 1.01939e-01 |
    135 | 4.22756e+01 3.14914e-01 | 6.54685e-03 7.90499e-02 1.01877e-01 |
    136 | 4.25904e+01 3.14838e-01 | 6.52158e-03 7.89756e-02 1.01816e-01 |
    137 | 4.29052e+01 3.14769e-01 | 6.49593e-03 7.89015e-02 1.01755e-01 |
    138 | 4.32199e+01 3.14705e-01 | 6.47003e-03 7.88275e-02 1.01694e-01 |
    139 | 4.35345e+01 3.14651e-01 | 6.44401e-03 7.87537e-02 1.01633e-01 |
    140 | 4.38492e+01 3.14607e-01 | 6.41801e-03 7.86799e-02 1.01573e-01 |
    141 | 4.41637e+01 3.14573e-01 | 6.39216e-03 7.86064e-02 1.01513e-01 |
    142 | 4.44783e+01 3.14550e-01 | 6.36656e-03 7.85330e-02 1.01454e-01 |
    143 | 4.47928e+01 3.14538e-01 | 6.34128e-03 7.84598e-02 1.01395e-01 |
    144 | 4.51073e+01 3.14535e-01 | 6.31639e-03 7.83867e-02 1.01336e-01 |
    145 | 4.54219e+01 3.14543e-01 | 6.29191e-03 7.83139e-02 1.01277e-01 |
    146 | 4.57365e+01 3.14562e-01 | 6.26785e-03 7.82412e-02 1.01218e-01 |
    147 | 4.60510e+01 3.14591e-01 | 6.24418e-03 7.81687e-02 1.01160e-01 |
    148 | 4.63657e+01 3.14630e-01 | 6.22083e-03 7.80964e-02 1.01102e-01 |
    149 | 4.66804e+01 3.14680e-01 | 6.19770e-03 7.80243e-02 1.01045e-01 |
    150 | 4.69951e+01 3.14740e-01 | 6.17469e-03 7.79523e-02 1.00987e-01 |
    151 | 4.73099e+01 3.14810e-01 | 6.15168e-03 7.78805e-02 1.00930e-01 |
    152 | 4.76248e+01 3.14890e-01 | 6.12854e-03 7.78089e-02 1.00872e-01 |
    153 | 4.79398e+01 3.14980e-01 | 6.10513e-03 7.77374e-02 1.00815e-01 |
    154 | 4.82549e+01 3.15079e-01 | 6.08131e-03 7.76660e-02 1.00758e-01 |
    155 | 4.85700e+01 3.15188e-01 | 6.05697e-03 7.75948e-02 1.00702e-01 |
    156 | 4.88853e+01 3.15301e-01 | 6.03199e-03 7.75237e-02 1.00645e-01 |
    157 | 4.92006e+01 3.15223e-01 | 6.00630e-03 7.74526e-02 1.00588e-01 |
    158 | 4.95157e+01 3.15157e-01 | 5.97985e-03 7.73818e-02 1.00531e-01 |
    159 | 4.98308e+01 3.15101e-01 | 5.95260e-03 7.73110e-02 1.00475e-01 |
    160 | 5.01459e+01 3.15057e-01 | 5.92456e-03 7.72405e-02 1.00419e-01 |
    161 | 5.04609e+01 3.15025e-01 | 5.89572e-03 7.71701e-02 1.00362e-01 |
    162 | 5.07759e+01 3.15004e-01 | 5.86613e-03 7.70999e-02 1.00306e-01 |
    163 | 5.10909e+01 3.14994e-01 | 5.83584e-03 7.70298e-02 1.00250e-01 |
    164 | 5.14059e+01 3.14996e-01 | 5.80492e-03 7.69599e-02 1.00194e-01 |
    165 | 5.17209e+01 3.15010e-01 | 5.77345e-03 7.68902e-02 1.00138e-01 |
    166 | 5.20359e+01 3.15034e-01 | 5.74150e-03 7.68207e-02 1.00083e-01 |
    167 | 5.23510e+01 3.15070e-01 | 5.70919e-03 7.67514e-02 1.00027e-01 |
    168 | 5.26661e+01 3.15118e-01 | 5.67659e-03 7.66822e-02 9.99718e-02 |
    169 | 5.29813e+01 3.15176e-01 | 5.64383e-03 7.66133e-02 9.99165e-02 |
    170 | 5.32966e+01 3.15246e-01 | 5.61100e-03 7.65445e-02 9.98614e-02 |
    171 | 5.36119e+01 3.15326e-01 | 5.57824e-03 7.64760e-02 9.98065e-02 |
    172 | 5.39273e+01 3.15417e-01 | 5.54566e-03 7.64076e-02 9.97517e-02 |
    173 | 5.42428e+01 3.15519e-01 | 5.51340e-03 7.63394e-02 9.96971e-02 |
    174 | 5.45584e+01 3.15631e-01 | 5.48159e-03 7.62714e-02 9.96427e-02 |
    175 | 5.48742e+01 3.15752e-01 | 5.45038e-03 7.62036e-02 9.95885e-02 |
    176 | 5.51901e+01 3.15884e-01 | 5.41987e-03 7.61360e-02 9.95345e-02 |
    177 | 5.55061e+01 3.16025e-01 | 5.39019e-03 7.60686e-02 9.94807e-02 |
    178 | 5.58222e+01 3.16098e-01 | 5.36141e-03 7.60013e-02 9.94271e-02 |
    179 | 5.61382e+01 3.16012e-01 | 5.33359e-03 7.59342e-02 9.93737e-02 |
    180 | 5.64542e+01 3.15936e-01 | 5.30676e-03 7.58673e-02 9.93206e-02 |
    181 | 5.67700e+01 3.15869e-01 | 5.28090e-03 7.58005e-02 9.92677e-02 |
    182 | 5.70858e+01 3.15811e-01 | 5.25593e-03 7.57340e-02 9.92150e-02 |
    183 | 5.74016e+01 3.15763e-01 | 5.23175e-03 7.56677e-02 9.91627e-02 |
    184 | 5.77173e+01 3.15726e-01 | 5.20825e-03 7.56015e-02 9.91106e-02 |
    185 | 5.80330e+01 3.15697e-01 | 5.18529e-03 7.55354e-02 9.90587e-02 |
    186 | 5.83487e+01 3.15679e-01 | 5.16275e-03 7.54695e-02 9.90071e-02 |
    187 | 5.86644e+01 3.15671e-01 | 5.14050e-03 7.54037e-02 9.89557e-02 |
    188 | 5.89800e+01 3.15646e-01 | 5.11847e-03 7.53380e-02 9.89045e-02 |
    189 | 5.92956e+01 3.15579e-01 | 5.09660e-03 7.52725e-02 9.88535e-02 |
    190 | 5.96111e+01 3.15524e-01 | 5.07488e-03 7.52070e-02 9.88027e-02 |
    191 | 5.99266e+01 3.15479e-01 | 5.05331e-03 7.51416e-02 9.87520e-02 |
    192 | 6.02420e+01 3.15445e-01 | 5.03196e-03 7.50764e-02 9.87016e-02 |
    193 | 6.05575e+01 3.15422e-01 | 5.01091e-03 7.50112e-02 9.86513e-02 |
    194 | 6.08729e+01 3.15410e-01 | 4.99025e-03 7.49462e-02 9.86011e-02 |
    195 | 6.11883e+01 3.15409e-01 | 4.97009e-03 7.48813e-02 9.85511e-02 |
    196 | 6.15037e+01 3.15419e-01 | 4.95053e-03 7.48165e-02 9.85012e-02 |
    197 | 6.18191e+01 3.15440e-01 | 4.93164e-03 7.47519e-02 9.84515e-02 |
    198 | 6.21346e+01 3.15471e-01 | 4.91349e-03 7.46874e-02 9.84019e-02 |
    199 | 6.24501e+01 3.15513e-01 | 4.89612e-03 7.46231e-02 9.83524e-02 |
    200 | 6.27657e+01 3.15566e-01 | 4.87951e-03 7.45589e-02 9.83031e-02 |
    201 | 6.30813e+01 3.15629e-01 | 4.86364e-03 7.44949e-02 9.82538e-02 |
    202 | 6.33970e+01 3.15703e-01 | 4.84844e-03 7.44311e-02 9.82047e-02 |
    203 | 6.37128e+01 3.15787e-01 | 4.83383e-03 7.43674e-02 9.81557e-02 |
    204 | 6.40287e+01 3.15880e-01 | 4.81972e-03 7.43039e-02 9.81068e-02 |
    205 | 6.43447e+01 3.15984e-01 | 4.80600e-03 7.42405e-02 9.80580e-02 |
    206 | 6.46608e+01 3.16097e-01 | 4.79257e-03 7.41773e-02 9.80094e-02 |
    207 | 6.49770e+01 3.16220e-01 | 4.77933e-03 7.41142e-02 9.79609e-02 |
    208 | 6.52933e+01 3.16313e-01 | 4.76619e-03 7.40512e-02 9.79124e-02 |
    209 | 6.56095e+01 3.16237e-01 | 4.75310e-03 7.39883e-02 9.78641e-02 |
    210 | 6.59257e+01 3.16170e-01 | 4.74001e-03 7.39256e-02 9.78158e-02 |
    211 | 6.62418e+01 3.16111e-01 | 4.72689e-03 7.38630e-02 9.77678e-02 |
    212 | 6.65579e+01 3.16062e-01 | 4.71375e-03 7.38005e-02 9.77199e-02 |
    213 | 6.68739e+01 3.16022e-01 | 4.70061e-03 7.37382e-02 9.76721e-02 |
    214 | 6.71899e+01 3.15992e-01 | 4.68749e-03 7.36760e-02 9.76245e-02 |
    215 | 6.75059e+01 3.15970e-01 | 4.67442e-03 7.36140e-02 9.75771e-02 |
    216 | 6.78218e+01 3.15958e-01 | 4.66145e-03 7.35520e-02 9.75298e-02 |
    217 | 6.81378e+01 3.15955e-01 | 4.64863e-03 7.34902e-02 9.74827e-02 |
    218 | 6.84537e+01 3.15955e-01 | 4.63601e-03 7.34285e-02 9.74357e-02 |
    219 | 6.87697e+01 3.15965e-01 | 4.62362e-03 7.33669e-02 9.73889e-02 |
    220 | 6.90857e+01 3.15984e-01 | 4.61152e-03 7.33054e-02 9.73423e-02 |
    221 | 6.94017e+01 3.16012e-01 | 4.59971e-03 7.32440e-02 9.72958e-02 |
    222 | 6.97177e+01 3.16050e-01 | 4.58823e-03 7.31827e-02 9.72494e-02 |
    223 | 7.00338e+01 3.16097e-01 | 4.57708e-03 7.31215e-02 9.72032e-02 |
    224 | 7.03500e+01 3.16152e-01 | 4.56627e-03 7.30605e-02 9.71572e-02 |
    225 | 7.06662e+01 3.16217e-01 | 4.55578e-03 7.29995e-02 9.71113e-02 |
    226 | 7.09824e+01 3.16152e-01 | 4.54560e-03 7.29386e-02 9.70655e-02 |
    227 | 7.12984e+01 3.16048e-01 | 4.53572e-03 7.28779e-02 9.70198e-02 |
    228 | 7.16144e+01 3.15954e-01 | 4.52611e-03 7.28172e-02 9.69742e-02 |
    229 | 7.19302e+01 3.15870e-01 | 4.51674e-03 7.27567e-02 9.69288e-02 |
    230 | 7.22460e+01 3.15797e-01 | 4.50760e-03 7.26964e-02 9.68835e-02 |
    231 | 7.25618e+01 3.15733e-01 | 4.49864e-03 7.26361e-02 9.68383e-02 |
    232 | 7.28774e+01 3.15680e-01 | 4.48983e-03 7.25761e-02 9.67933e-02 |
    233 | 7.31931e+01 3.15638e-01 | 4.48114e-03 7.25161e-02 9.67483e-02 |
    234 | 7.35087e+01 3.15606e-01 | 4.47253e-03 7.24563e-02 9.67035e-02 |
    235 | 7.38243e+01 3.15584e-01 | 4.46398e-03 7.23966e-02 9.66587e-02 |
    236 | 7.41398e+01 3.15573e-01 | 4.45546e-03 7.23370e-02 9.66141e-02 |
    237 | 7.44554e+01 3.15573e-01 | 4.44694e-03 7.22776e-02 9.65695e-02 |
    238 | 7.47710e+01 3.15583e-01 | 4.43841e-03 7.22183e-02 9.65250e-02 |
    239 | 7.50866e+01 3.15604e-01 | 4.42984e-03 7.21591e-02 9.64806e-02 |
    240 | 7.54022e+01 3.15635e-01 | 4.42122e-03 7.21000e-02 9.64363e-02 |
    241 | 7.57179e+01 3.15677e-01 | 4.41255e-03 7.20411e-02 9.63920e-02 |
    242 | 7.60336e+01 3.15729e-01 | 4.40382e-03 7.19823e-02 9.63478e-02 |
    243 | 7.63494e+01 3.15791e-01 | 4.39502e-03 7.19235e-02 9.63037e-02 |
    244 | 7.66653e+01 3.15863e-01 | 4.38617e-03 7.18649e-02 9.62596e-02 |
    245 | 7.69812e+01 3.15945e-01 | 4.37726e-03 7.18064e-02 9.62156e-02 |
    246 | 7.72973e+01 3.16037e-01 | 4.36831e-03 7.17480e-02 9.61717e-02 |
    247 | 7.76134e+01 3.16138e-01 | 4.35934e-03 7.16897e-02 9.61279e-02 |
    248 | 7.79297e+01 3.16249e-01 | 4.35037e-03 7.16314e-02 9.60841e-02 |
    249 | 7.82460e+01 3.16369e-01 | 4.34140e-03 7.15733e-02 9.60404e-02 |
    250 | 7.85625e+01 3.16497e-01 | 4.33247e-03 7.15152e-02 9.59968e-02 |
    251 | 7.88790e+01 3.16492e-01 | 4.32359e-03 7.14572e-02 9.59532e-02 |
    252 | 7.91955e+01 3.16423e-01 | 4.31479e-03 7.13993e-02 9.59097e-02 |
    253 | 7.95118e+01 3.16361e-01 | 4.30610e-03 7.13415e-02 9.58663e-02 |
    254 | 7.98281e+01 3.16302e-01 | 4.29754e-03 7.12838e-02 9.58230e-02 |
    255 | 8.01444e+01 3.16253e-01 | 4.28912e-03 7.12263e-02 9.57798e-02 |
    256 | 8.04606e+01 3.16212e-01 | 4.28086e-03 7.11688e-02 9.57367e-02 |
    257 | 8.07768e+01 3.16180e-01 | 4.27277e-03 7.11114e-02 9.56937e-02 |
    258 | 8.10929e+01 3.16158e-01 | 4.26486e-03 7.10541e-02 9.56508e-02 |
    259 | 8.14091e+01 3.16145e-01 | 4.25714e-03 7.09970e-02 9.56080e-02 |
    260 | 8.17252e+01 3.16140e-01 | 4.24960e-03 7.09399e-02 9.55654e-02 |
    261 | 8.20413e+01 3.16145e-01 | 4.24225e-03 7.08829e-02 9.55228e-02 |
    262 | 8.23575e+01 3.16160e-01 | 4.23507e-03 7.08260e-02 9.54803e-02 |
    263 | 8.26737e+01 3.16183e-01 | 4.22805e-03 7.07692e-02 9.54379e-02 |
    264 | 8.29899e+01 3.16215e-01 | 4.22119e-03 7.07124e-02 9.53956e-02 |
    265 | 8.33062e+01 3.16257e-01 | 4.21445e-03 7.06558e-02 9.53534e-02 |
    266 | 8.36225e+01 3.16307e-01 | 4.20782e-03 7.05992e-02 9.53112e-02 |
    267 | 8.39388e+01 3.16367e-01 | 4.20127e-03 7.05428e-02 9.52691e-02 |
    268 | 8.42553e+01 3.16435e-01 | 4.19478e-03 7.04864e-02 9.52271e-02 |
    269 | 8.45718e+01 3.16512e-01 | 4.18833e-03 7.04301e-02 9.51851e-02 |
    270 | 8.48884e+01 3.16597e-01 | 4.18188e-03 7.03739e-02 9.51432e-02 |
    271 | 8.52051e+01 3.16691e-01 | 4.17541e-03 7.03178e-02 9.51013e-02 |
    272 | 8.55219e+01 3.16793e-01 | 4.16890e-03 7.02617e-02 9.50595e-02 |
    273 | 8.58387e+01 3.16840e-01 | 4.16233e-03 7.02058e-02 9.50177e-02 |
    274 | 8.61555e+01 3.16791e-01 | 4.15567e-03 7.01499e-02 9.49759e-02 |
    275 | 8.64722e+01 3.16752e-01 | 4.14891e-03 7.00941e-02 9.49341e-02 |
    276 | 8.67890e+01 3.16722e-01 | 4.14204e-03 7.00384e-02 9.48925e-02 |
[DELETEMATRIX] !
[DELETEMATRIX] !
[DELETEMATRIX] !
[DELETEMATRIX] !
[DELETEMATRIX] !
[DELETEMATRIX] !
[DELETEMATRIX] !
[DELETEMATRIX] !
[DELETEMATRIX] !
[DELETEMATRIX] !
[DELETEMATRIX] !
[DELETEMATRIX] !
[DELETEMATRIX] !
[DELETEMATRIX] !
[DELETEMATRIX] !
[DELETEMATRIX] !
[DELETEMATRIX] !
[DELETEMATRIX] !
[DELETEMATRIX] !
[DELETEMATRIX] !
[DELETEMATRIX] !
[DELETEMATRIX] !
[DELETEMATRIX] !
[DELETEMATRIX] !
    277 | 8.71057e+01 3.16703e-01 | 4.13505e-03 6.99828e-02 9.48508e-02 |
    278 | 8.74224e+01 3.16693e-01 | 4.12793e-03 6.99274e-02 9.48093e-02 |
    279 | 8.77391e+01 3.16693e-01 | 4.12068e-03 6.98720e-02 9.47678e-02 |
    280 | 8.80558e+01 3.16703e-01 | 4.11331e-03 6.98167e-02 9.47263e-02 |
    281 | 8.83725e+01 3.16722e-01 | 4.10581e-03 6.97615e-02 9.46849e-02 |
    282 | 8.86892e+01 3.16751e-01 | 4.09819e-03 6.97065e-02 9.46436e-02 |
    283 | 8.90060e+01 3.16790e-01 | 4.09047e-03 6.96515e-02 9.46023e-02 |
    284 | 8.93229e+01 3.16838e-01 | 4.08266e-03 6.95965e-02 9.45611e-02 |
    285 | 8.96398e+01 3.16896e-01 | 4.07477e-03 6.95417e-02 9.45199e-02 |
    286 | 8.99567e+01 3.16963e-01 | 4.06683e-03 6.94869e-02 9.44788e-02 |
    287 | 9.02738e+01 3.17039e-01 | 4.05887e-03 6.94322e-02 9.44378e-02 |
    288 | 9.05909e+01 3.17125e-01 | 4.05089e-03 6.93776e-02 9.43969e-02 |
    289 | 9.09081e+01 3.17219e-01 | 4.04292e-03 6.93230e-02 9.43560e-02 |
    290 | 9.12254e+01 3.17322e-01 | 4.03499e-03 6.92685e-02 9.43152e-02 |
    291 | 9.15428e+01 3.17324e-01 | 4.02711e-03 6.92140e-02 9.42745e-02 |
    292 | 9.18601e+01 3.17332e-01 | 4.01930e-03 6.91596e-02 9.42338e-02 |
    293 | 9.21774e+01 3.17348e-01 | 4.01159e-03 6.91053e-02 9.41932e-02 |
    294 | 9.24948e+01 3.17372e-01 | 4.00400e-03 6.90510e-02 9.41527e-02 |
    295 | 9.28122e+01 3.17382e-01 | 3.99654e-03 6.89967e-02 9.41123e-02 |
    296 | 9.31294e+01 3.17251e-01 | 3.98923e-03 6.89425e-02 9.40720e-02 |
    297 | 9.34466e+01 3.17129e-01 | 3.98207e-03 6.88884e-02 9.40317e-02 |
    298 | 9.37636e+01 3.17015e-01 | 3.97507e-03 6.88343e-02 9.39916e-02 |
    299 | 9.40805e+01 3.16911e-01 | 3.96824e-03 6.87804e-02 9.39515e-02 |
    300 | 9.43973e+01 3.16815e-01 | 3.96157e-03 6.87264e-02 9.39116e-02 |
    301 | 9.47140e+01 3.16728e-01 | 3.95505e-03 6.86726e-02 9.38718e-02 |
    302 | 9.50307e+01 3.16650e-01 | 3.94870e-03 6.86188e-02 9.38320e-02 |
    303 | 9.53473e+01 3.16582e-01 | 3.94250e-03 6.85651e-02 9.37924e-02 |
    304 | 9.56638e+01 3.16523e-01 | 3.93643e-03 6.85115e-02 9.37528e-02 |
    305 | 9.59803e+01 3.16474e-01 | 3.93050e-03 6.84579e-02 9.37134e-02 |
    306 | 9.62967e+01 3.16435e-01 | 3.92468e-03 6.84044e-02 9.36740e-02 |
    307 | 9.66131e+01 3.16405e-01 | 3.91897e-03 6.83510e-02 9.36346e-02 |
    308 | 9.69295e+01 3.16385e-01 | 3.91335e-03 6.82976e-02 9.35954e-02 |
    309 | 9.72459e+01 3.16375e-01 | 3.90780e-03 6.82443e-02 9.35562e-02 |
    310 | 9.75622e+01 3.16374e-01 | 3.90231e-03 6.81910e-02 9.35170e-02 |
    311 | 9.78786e+01 3.16383e-01 | 3.89687e-03 6.81378e-02 9.34780e-02 |
    312 | 9.81950e+01 3.16402e-01 | 3.89146e-03 6.80847e-02 9.34389e-02 |
    313 | 9.85115e+01 3.16430e-01 | 3.88608e-03 6.80316e-02 9.33999e-02 |
    314 | 9.88279e+01 3.16468e-01 | 3.88070e-03 6.79786e-02 9.33610e-02 |
    315 | 9.91444e+01 3.16515e-01 | 3.87534e-03 6.79256e-02 9.33221e-02 |
    316 | 9.94610e+01 3.16572e-01 | 3.86998e-03 6.78727e-02 9.32832e-02 |
    317 | 9.97776e+01 3.16638e-01 | 3.86461e-03 6.78198e-02 9.32443e-02 |
    318 | 1.00000e+02 2.22354e-01 | 3.85896e-03 6.77567e-02 9.31773e-02 |
        | ----------- ----------- | ----------- ----------- ----------- |
        | ----------- ----------- | 1.51823e-01 3.08008e+00 1.58652e+00 | => l1-error norm
        | ----------- 3.53553e+00 | 8.54909e-02 6.25039e-01 5.62853e-01 | => l2-error norm
[DELETEMATRIX] !
[DELETEMATRIX] !
[DELETEMATRIX] !
[DELETEMATRIX] !
[DELETEMATRIX] !
[DELETEMATRIX] !
[DELETEMATRIX] !
[DELETEMATRIX] !
srun: Received task exit notification for 32 tasks of StepId=350605.0 (status=0x0000).
srun: hpc-thin12: tasks 0-31: Completed
